[Fri Jun 09 19:43:46.231171 2017] [:error] [pid 4076:tid 1592] [client 42.112.86.226:30040] 2017051500.01, referer: http://117.2.128.106/admin/user.php
[Fri Jun 09 19:43:58.846994 2017] [:error] [pid 4076:tid 1604] [client 42.112.86.226:6122] 2017051500.01, referer: http://117.2.128.106/login/index.php
[Fri Jun 09 19:44:25.966243 2017] [:error] [pid 4076:tid 1628] [client 42.112.86.226:13609] 2017051500.01, referer: http://117.2.128.106/user/profile/index.php
[Fri Jun 09 19:44:32.377854 2017] [:error] [pid 4076:tid 1628] [client 42.112.86.226:13609] 2017051500.01, referer: http://117.2.128.106/user/profile/index.php?id=2&action=editfield
[Fri Jun 09 19:44:36.309061 2017] [:error] [pid 4076:tid 1608] [client 42.112.86.226:7098] 2017051500.01, referer: http://117.2.128.106/login/index.php
[Fri Jun 09 19:44:49.210284 2017] [:error] [pid 4076:tid 1636] [client 42.112.86.226:49728] 2017051500.01, referer: http://117.2.128.106/user/profile/index.php
[Fri Jun 09 19:44:55.161895 2017] [:error] [pid 4076:tid 1636] [client 42.112.86.226:49728] 2017051500.01, referer: http://117.2.128.106/admin/user.php
[Fri Jun 09 19:45:09.701120 2017] [:error] [pid 4076:tid 1608] [client 42.112.86.226:9509] 2017051500.01, referer: http://117.2.128.106/user/editadvanced.php?id=9&course=1
[Fri Jun 09 19:45:56.621403 2017] [:error] [pid 4076:tid 1592] [client 42.112.86.226:29366] 2017051500.01, referer: http://117.2.128.106/login/index.php
[Fri Jun 09 19:46:14.889035 2017] [:error] [pid 4076:tid 1592] [client 42.112.86.226:9066] 2017051500.01, referer: http://117.2.128.106/login/index.php
[Fri Jun 09 19:53:31.588607 2017] [:error] [pid 4076:tid 1604] [client 42.112.86.226:65362] 2017051500.01, referer: http://117.2.128.106/login/index.php
[Fri Jun 09 19:53:45.441432 2017] [:error] [pid 4076:tid 1636] [client 42.112.86.226:3127] 2017051500.01, referer: http://117.2.128.106/
[Fri Jun 09 19:53:48.128637 2017] [:error] [pid 4076:tid 1636] [client 42.112.86.226:3127] 2017051500.01, referer: http://117.2.128.106/
[Fri Jun 09 19:54:00.406858 2017] [:error] [pid 4076:tid 1600] [client 42.112.86.226:64411] 2017051500.01, referer: http://117.2.128.106/login/index.php
[Fri Jun 09 19:56:26.238117 2017] [:error] [pid 4076:tid 1600] [client 42.112.86.226:5129] 2017051500.01, referer: http://117.2.128.106/login/index.php
[Fri Jun 09 19:58:02.402488 2017] [:error] [pid 4076:tid 1592] [client 42.112.86.226:30442] 2017051500.01, referer: http://117.2.128.106/admin/purgecaches.php
[Fri Jun 09 19:58:08.845299 2017] [:error] [pid 4076:tid 1616] [client 42.112.86.226:7449] 2017051500.01, referer: http://117.2.128.106/login/index.php
[Fri Jun 09 20:00:30.940750 2017] [:error] [pid 4076:tid 1608] [client 42.112.86.226:52068] 2017051500.01, referer: http://117.2.128.106/login/index.php
[Fri Jun 09 20:00:53.270390 2017] [:error] [pid 4076:tid 1608] [client 42.112.86.226:18762] 2017051500.01, referer: http://117.2.128.106/admin/user.php
[Fri Jun 09 20:05:38.983499 2017] [:error] [pid 4076:tid 1608] [client 42.112.86.226:28849] 2017051500.01, referer: http://117.2.128.106/admin/user.php
[Fri Jun 09 20:05:54.178926 2017] [:error] [pid 4076:tid 1636] [client 42.112.86.226:2092] 2017051500.01, referer: http://117.2.128.106/admin/purgecaches.php
[Fri Jun 09 20:06:04.397944 2017] [:error] [pid 4076:tid 1636] [client 42.112.86.226:50707] 2017051500.01
[Fri Jun 09 20:06:20.559573 2017] [:error] [pid 4076:tid 1636] [client 42.112.86.226:19757] 2017051500.01, referer: http://117.2.128.106/admin/user.php
[Fri Jun 09 20:07:33.887706 2017] [:error] [pid 4076:tid 1604] [client 42.112.86.226:39591] 2017051500.01, referer: http://117.2.128.106/admin/purgecaches.php
[Fri Jun 09 20:07:37.023312 2017] [:error] [pid 4076:tid 1600] [client 42.112.86.226:21709] 2017051500.01, referer: http://117.2.128.106/admin/user.php
[Fri Jun 09 20:08:28.691602 2017] [:error] [pid 4076:tid 1592] [client 42.112.86.226:47171] 2017051500.01, referer: http://117.2.128.106/admin/settings.php?section=themesettingcontemporary
[Fri Jun 09 20:08:32.357609 2017] [:error] [pid 4076:tid 1608] [client 42.112.86.226:41454] 2017051500.01, referer: http://117.2.128.106/login/index.php
[Fri Jun 09 20:10:45.919845 2017] [:error] [pid 4076:tid 1620] [client 42.112.86.226:21618] 2017051500.01, referer: http://117.2.128.106/admin/purgecaches.php
[Fri Jun 09 20:11:06.984550 2017] [:error] [pid 4076:tid 1608] [client 42.112.86.226:10369] 2017051500.01, referer: http://117.2.128.106/login/index.php
[Fri Jun 09 20:14:16.753086 2017] [:error] [pid 4076:tid 1624] [client 42.112.86.226:46388] 2017051500.01, referer: http://117.2.128.106/admin/purgecaches.php
[Fri Jun 09 20:14:28.997517 2017] [:error] [pid 4076:tid 1604] [client 42.112.86.226:38443] 2017051500.01, referer: http://117.2.128.106/login/index.php
[Fri Jun 09 20:15:59.307877 2017] [:error] [pid 4076:tid 1632] [client 42.112.86.226:6690] 2017051500.01, referer: http://117.2.128.106/admin/purgecaches.php
[Fri Jun 09 20:16:00.056679 2017] [:error] [pid 4076:tid 1592] [client 42.112.86.226:39794] 2017051500.01, referer: http://117.2.128.106/login/index.php
[Fri Jun 09 20:16:58.153590 2017] [:error] [pid 4076:tid 1612] [client 42.112.86.226:38099] 2017051500.01, referer: http://117.2.128.106/admin/purgecaches.php
[Fri Jun 09 20:17:12.821616 2017] [:error] [pid 4076:tid 1612] [client 42.112.86.226:35141] 2017051500.01, referer: http://117.2.128.106/login/index.php
[Fri Jun 09 20:19:26.071054 2017] [:error] [pid 4076:tid 1604] [client 42.112.86.226:23345] 2017051500.01, referer: http://117.2.128.106/admin/purgecaches.php
[Fri Jun 09 20:23:06.219443 2017] [:error] [pid 4076:tid 1612] [client 42.112.86.226:61688] 2017051500.01, referer: http://117.2.128.106/login/index.php
[Fri Jun 09 20:23:44.067109 2017] [:error] [pid 4076:tid 1612] [client 42.112.86.226:43374] 2017051500.01, referer: http://117.2.128.106/login/index.php
[Fri Jun 09 20:35:26.836154 2017] [:error] [pid 4076:tid 1616] [client 66.249.79.150:56760] 2017051500.01
[Fri Jun 09 21:15:13.212895 2017] [:error] [pid 4076:tid 1620] [client 45.55.236.255:38376] 2017051500.01
[Fri Jun 09 21:15:28.020321 2017] [:error] [pid 4076:tid 1620] [client 111.197.147.217:11524] 2017051500.01, referer: http://eims.bjzgty.com.cn
[Fri Jun 09 22:02:47.461611 2017] [:error] [pid 4076:tid 1620] [client 117.2.128.105:54555] 2017051500.01
[Fri Jun 09 22:02:57.092828 2017] [:error] [pid 4076:tid 1616] [client 117.2.128.104:46815] 2017051500.01, referer: http://117.2.128.106/
[Fri Jun 09 22:17:37.114039 2017] [:error] [pid 4076:tid 1616] [client 191.96.249.61:55541] script 'C:/server/moodle/socks_test_logger.php' not found or unable to stat
[Fri Jun 09 22:20:18.583125 2017] [:error] [pid 4076:tid 1616] [client 58.186.194.57:61336] 2017051500.01
[Fri Jun 09 22:20:43.578369 2017] [:error] [pid 4076:tid 1604] [client 58.186.194.57:61349] 2017051500.01, referer: http://117.2.128.106/
[Fri Jun 09 22:21:02.068402 2017] [:error] [pid 4076:tid 1604] [client 58.186.194.57:61354] 2017051500.01, referer: http://117.2.128.106/login/index.php
[Fri Jun 09 22:22:41.424377 2017] [:error] [pid 4076:tid 1604] [client 58.186.194.57:61365] 2017051500.01, referer: http://117.2.128.106/
[Fri Jun 09 22:22:44.450782 2017] [:error] [pid 4076:tid 1604] [client 58.186.194.57:61365] 2017051500.01, referer: http://117.2.128.106/
[Fri Jun 09 22:23:01.501612 2017] [:error] [pid 4076:tid 1604] [client 58.186.194.57:61367] 2017051500.01, referer: http://117.2.128.106/login/index.php
[Fri Jun 09 22:24:26.056162 2017] [:error] [pid 4076:tid 1636] [client 58.186.194.57:61379] 2017051500.01, referer: http://117.2.128.106/user/edit.php
[Fri Jun 09 22:24:43.450192 2017] [:error] [pid 4076:tid 1636] [client 58.186.194.57:61381] 2017051500.01, referer: http://117.2.128.106/user/edit.php
[Fri Jun 09 22:24:49.164803 2017] [:error] [pid 4076:tid 1636] [client 58.186.194.57:61381] 2017051500.01, referer: http://117.2.128.106/user/preferences.php?userid=5
[Fri Jun 09 22:24:55.841614 2017] [:error] [pid 4076:tid 1636] [client 58.186.194.57:61381] 2017051500.01, referer: http://117.2.128.106/
[Fri Jun 09 22:25:02.440426 2017] [:error] [pid 4076:tid 1636] [client 58.186.194.57:61384] 2017051500.01, referer: http://117.2.128.106/
[Fri Jun 09 22:25:16.839251 2017] [:error] [pid 4076:tid 1636] [client 58.186.194.57:61385] 2017051500.01, referer: http://117.2.128.106/login/index.php
[Fri Jun 09 22:28:16.609178 2017] [:error] [pid 4076:tid 1636] [client 42.112.86.226:35962] 2017051500.01
[Fri Jun 09 22:29:45.839735 2017] [:error] [pid 4076:tid 1600] [client 58.186.194.57:61401] 2017051500.01, referer: http://117.2.128.106/
[Fri Jun 09 22:29:57.884957 2017] [:error] [pid 4076:tid 1600] [client 58.186.194.57:61403] 2017051500.01, referer: http://117.2.128.106/user/profile.php?id=5
[Fri Jun 09 22:30:01.038162 2017] [:error] [pid 4076:tid 1600] [client 58.186.194.57:61403] 2017051500.01, referer: http://117.2.128.106/
[Fri Jun 09 22:30:11.100180 2017] [:error] [pid 4076:tid 1600] [client 58.186.194.57:61405] 2017051500.01, referer: http://117.2.128.106/login/index.php
[Fri Jun 09 22:30:38.124428 2017] [:error] [pid 4076:tid 1636] [client 58.186.194.57:61416] 2017051500.01, referer: http://117.2.128.106/
[Fri Jun 09 22:30:54.693657 2017] [:error] [pid 4076:tid 1612] [client 58.186.194.57:61426] 2017051500.01, referer: http://117.2.128.106/admin/category.php?category=appearance
[Fri Jun 09 22:38:00.505017 2017] [:error] [pid 4076:tid 1600] [client 58.186.194.57:61490] 2017051500.01, referer: http://117.2.128.106/admin/settings.php?section=themesettingcontemporary
[Fri Jun 09 22:39:28.840373 2017] [:error] [pid 4076:tid 1628] [client 42.112.86.226:56024] 2017051500.01, referer: http://117.2.128.106/admin/settings.php?section=themesettingcontemporary
[Fri Jun 09 22:40:06.269839 2017] [:error] [pid 4076:tid 1616] [client 42.112.86.226:54667] 2017051500.01, referer: http://117.2.128.106/admin/purgecaches.php
[Fri Jun 09 22:40:23.660671 2017] [:error] [pid 4076:tid 1616] [client 42.112.86.226:42285] 2017051500.01, referer: http://117.2.128.106/login/index.php
[Fri Jun 09 22:40:33.207888 2017] [:error] [pid 4076:tid 1616] [client 42.112.86.226:42285] 2017051500.01, referer: http://117.2.128.106/admin/purgecaches.php
[Fri Jun 09 22:40:53.659524 2017] [:error] [pid 4076:tid 1600] [client 42.112.86.226:22881] 2017051500.01, referer: http://117.2.128.106/admin/purgecaches.php
[Fri Jun 09 22:41:34.129474 2017] [:error] [pid 4076:tid 1636] [client 42.112.86.226:22184] 2017051500.01
[Fri Jun 09 22:42:37.428786 2017] [:error] [pid 4076:tid 1620] [client 58.186.194.57:61552] 2017051500.01, referer: http://117.2.128.106/admin/settings.php?section=themesettingcontemporary
[Fri Jun 09 22:42:47.101803 2017] [:error] [pid 4076:tid 1616] [client 58.186.194.57:61559] 2017051500.01, referer: http://117.2.128.106/
[Fri Jun 09 22:43:19.819060 2017] [:error] [pid 4076:tid 1636] [client 58.186.194.57:61568] 2017051500.01, referer: http://117.2.128.106/
[Fri Jun 09 22:43:32.740883 2017] [:error] [pid 4076:tid 1636] [client 58.186.194.57:61570] 2017051500.01, referer: http://117.2.128.106/login/index.php
[Fri Jun 09 22:43:51.414116 2017] [:error] [pid 4076:tid 1636] [client 58.186.194.57:61576] 2017051500.01, referer: http://117.2.128.106/login/index.php
[Fri Jun 09 22:46:18.052576 2017] [:error] [pid 4076:tid 1620] [client 42.112.86.226:39625] 2017051500.01, referer: http://117.2.128.106/admin/purgecaches.php
[Fri Jun 09 22:48:03.495562 2017] [:error] [pid 4076:tid 1628] [client 58.186.194.57:61640] 2017051500.01
[Fri Jun 09 22:48:19.469990 2017] [:error] [pid 4076:tid 1592] [client 58.186.194.57:61692] 2017051500.01, referer: http://117.2.128.106/
[Fri Jun 09 22:48:42.622431 2017] [:error] [pid 4076:tid 1592] [client 58.186.194.57:61699] 2017051500.01, referer: http://117.2.128.106/user/edit.php?id=6&course=1
[Fri Jun 09 22:48:51.563247 2017] [:error] [pid 4076:tid 1592] [client 58.186.194.57:61699] 2017051500.01, referer: http://117.2.128.106/user/preferences.php?userid=6
[Fri Jun 09 22:48:55.806454 2017] [:error] [pid 4076:tid 1592] [client 58.186.194.57:61699] 2017051500.01, referer: http://117.2.128.106/user/language.php?id=6&course=1
[Fri Jun 09 22:48:58.101659 2017] [:error] [pid 4076:tid 1592] [client 58.186.194.57:61699] 2017051500.01, referer: http://117.2.128.106/user/language.php
[Fri Jun 09 22:49:09.614479 2017] [:error] [pid 4076:tid 1592] [client 42.112.86.226:59604] 2017051500.01, referer: http://117.2.128.106/admin/purgecaches.php
[Fri Jun 09 22:49:20.645698 2017] [:error] [pid 4076:tid 1616] [client 58.186.194.57:61711] 2017051500.01, referer: http://117.2.128.106/user/preferences.php?userid=6
[Fri Jun 09 22:49:26.339708 2017] [:error] [pid 4076:tid 1604] [client 42.112.86.226:10315] 2017051500.01, referer: http://117.2.128.106/admin/tool/langimport/index.php
[Fri Jun 09 22:49:33.548921 2017] [:error] [pid 4076:tid 1604] [client 42.112.86.226:10315] 2017051500.01, referer: http://117.2.128.106/admin/tool/customlang/index.php
[Fri Jun 09 22:49:55.906760 2017] [:error] [pid 4076:tid 1596] [client 42.112.86.226:47869] 2017051500.01, referer: http://117.2.128.106/admin/settings.php?section=langsettings
[Fri Jun 09 22:49:59.917968 2017] [:error] [pid 4076:tid 1624] [client 58.186.194.57:61736] 2017051500.01, referer: http://117.2.128.106/
[Fri Jun 09 22:50:10.307586 2017] [:error] [pid 4076:tid 1624] [client 42.112.86.226:43469] 2017051500.01, referer: http://117.2.128.106/
[Fri Jun 09 22:50:11.243587 2017] [:error] [pid 4076:tid 1600] [client 58.186.194.57:61741] 2017051500.01, referer: http://117.2.128.106/login/index.php
[Fri Jun 09 22:50:15.049994 2017] [:error] [pid 4076:tid 1624] [client 42.112.86.226:43469] 2017051500.01, referer: http://117.2.128.106/
[Fri Jun 09 22:50:26.314214 2017] [:error] [pid 4076:tid 1616] [client 42.112.86.226:50171] 2017051500.01, referer: http://117.2.128.106/login/index.php
[Fri Jun 09 22:50:42.770045 2017] [:error] [pid 4076:tid 1624] [client 42.112.86.226:6128] 2017051500.01, referer: http://117.2.128.106/
[Fri Jun 09 22:51:01.993279 2017] [:error] [pid 4076:tid 1624] [client 42.112.86.226:18623] 2017051500.01, referer: http://117.2.128.106/admin/category.php?category=language
[Fri Jun 09 22:51:32.043134 2017] [:error] [pid 4076:tid 1616] [client 42.112.86.226:57072] 2017051500.01, referer: http://117.2.128.106/admin/tool/langimport/index.php
[Fri Jun 09 22:51:32.417535 2017] [:error] [pid 4076:tid 1592] [client 58.186.194.57:61749] 2017051500.01, referer: http://117.2.128.106/
[Fri Jun 09 22:51:36.442342 2017] [:error] [pid 4076:tid 1624] [client 42.112.86.226:39109] 2017051500.01, referer: http://117.2.128.106/admin/user.php
[Fri Jun 09 22:51:45.381158 2017] [:error] [pid 4076:tid 1604] [client 42.112.86.226:55281] 2017051500.01, referer: http://117.2.128.106/user/editadvanced.php?id=2&course=1
[Fri Jun 09 22:51:56.145176 2017] [:error] [pid 4076:tid 1604] [client 42.112.86.226:38710] 2017051500.01, referer: http://117.2.128.106/
[Fri Jun 09 22:52:07.232197 2017] [:error] [pid 4076:tid 1604] [client 42.112.86.226:19225] 2017051500.01, referer: http://117.2.128.106/admin/tool/langimport/index.php
[Fri Jun 09 22:52:36.611048 2017] [:error] [pid 4076:tid 1604] [client 58.186.194.57:61757] 2017051500.01, referer: http://117.2.128.106/
[Fri Jun 09 22:52:51.555875 2017] [:error] [pid 4076:tid 1604] [client 42.112.86.226:14538] 2017051500.01, referer: http://117.2.128.106/admin/tool/langimport/index.php
[Fri Jun 09 22:52:51.914675 2017] [:error] [pid 4076:tid 1628] [client 58.186.194.57:61759] 2017051500.01, referer: http://117.2.128.106/login/index.php
[Fri Jun 09 22:53:03.973496 2017] [:error] [pid 4076:tid 1600] [client 42.112.86.226:30667] 2017051500.01, referer: http://117.2.128.106/admin/tool/langimport/index.php
[Fri Jun 09 22:53:10.291508 2017] [:error] [pid 4076:tid 1604] [client 42.112.86.226:60286] 2017051500.01, referer: http://117.2.128.106/admin/tool/langimport/index.php?mode=4?mode=4&sesskey=jA6EG014HO&confirmtouninstall=vi
[Fri Jun 09 22:53:23.255130 2017] [:error] [pid 4076:tid 1604] [client 42.112.86.226:39986] 2017051500.01, referer: http://117.2.128.106/admin/tool/langimport/index.php
[Fri Jun 09 22:53:40.026160 2017] [:error] [pid 4076:tid 1604] [client 42.112.86.226:49281] 2017051500.01, referer: http://117.2.128.106/admin/settings.php?section=langsettings
[Fri Jun 09 22:53:45.189769 2017] [:error] [pid 4076:tid 1604] [client 42.112.86.226:49281] 2017051500.01, referer: http://117.2.128.106/admin/settings.php?section=langsettings
[Fri Jun 09 22:54:06.378606 2017] [:error] [pid 4076:tid 1604] [client 42.112.86.226:21912] 2017051500.01, referer: http://117.2.128.106/admin/settings.php?section=langsettings
[Fri Jun 09 22:54:18.001627 2017] [:error] [pid 4076:tid 1596] [client 42.112.86.226:45387] 2017051500.01, referer: http://117.2.128.106/admin/tool/langimport/index.php
[Fri Jun 09 22:55:12.045924 2017] [:error] [pid 4076:tid 1596] [client 42.112.86.226:3856] 2017051500.01, referer: http://117.2.128.106/admin/settings.php?section=langsettings
[Fri Jun 09 22:55:32.548360 2017] [:error] [pid 4076:tid 1628] [client 42.112.86.226:17625] 2017051500.01, referer: http://117.2.128.106/admin/settings.php?section=langsettings
[Fri Jun 09 22:55:41.939576 2017] [:error] [pid 4076:tid 1628] [client 42.112.86.226:33240] 2017051500.01, referer: http://117.2.128.106/admin/category.php?category=language
[Fri Jun 09 22:56:14.406234 2017] [:error] [pid 4076:tid 1628] [client 42.112.86.226:45728] 2017051500.01, referer: http://117.2.128.106/
[Fri Jun 09 22:56:32.166065 2017] [:error] [pid 4076:tid 1628] [client 42.112.86.226:41742] 2017051500.01, referer: http://117.2.128.106/login/index.php
[Fri Jun 09 22:56:56.777710 2017] [:error] [pid 4076:tid 1596] [client 42.112.86.226:36670] 2017051500.01, referer: http://117.2.128.106/
[Fri Jun 09 22:56:59.070914 2017] [:error] [pid 4076:tid 1596] [client 42.112.86.226:36670] 2017051500.01, referer: http://117.2.128.106/
[Fri Jun 09 22:57:08.571331 2017] [:error] [pid 4076:tid 1596] [client 42.112.86.226:51676] 2017051500.01, referer: http://117.2.128.106/login/index.php
[Fri Jun 09 22:58:50.433531 2017] [:error] [pid 4076:tid 1596] [client 42.112.86.226:21731] 2017051500.01, referer: http://117.2.128.106/login/index.php
[Fri Jun 09 22:59:03.022753 2017] [:error] [pid 4076:tid 1624] [client 42.112.86.226:38774] 2017051500.01, referer: http://117.2.128.106/
[Fri Jun 09 22:59:07.531161 2017] [:error] [pid 4076:tid 1624] [client 42.112.86.226:38774] 2017051500.01, referer: http://117.2.128.106/
[Fri Jun 09 22:59:16.282776 2017] [:error] [pid 4076:tid 1624] [client 42.112.86.226:40366] 2017051500.01, referer: http://117.2.128.106/login/index.php
[Fri Jun 09 22:59:28.393398 2017] [:error] [pid 4076:tid 1624] [client 212.122.89.226:63680] 2017051500.01, referer: http://117.2.128.106/
[Fri Jun 09 22:59:32.527405 2017] [:error] [pid 4076:tid 1604] [client 42.112.86.226:59458] 2017051500.01, referer: http://117.2.128.106/
[Fri Jun 09 23:11:32.067936 2017] [:error] [pid 4076:tid 1636] [client 193.201.224.29:60483] 2017051500.01, referer: http://117.2.128.106/
[Sat Jun 10 00:01:41.775916 2017] [:error] [pid 4076:tid 1636] [client 69.171.225.75:35770] 2017051500.01
[Sat Jun 10 00:18:19.138938 2017] [:error] [pid 4076:tid 1592] [client 195.154.233.33:63885] 2017051500.01, referer: http://117.2.128.106/
[Sat Jun 10 00:18:19.326138 2017] [:error] [pid 4076:tid 1616] [client 195.154.252.42:55347] 2017051500.01, referer: http://117.2.128.106/
[Sat Jun 10 01:35:51.050078 2017] [:error] [pid 4076:tid 1592] [client 109.195.85.122:56210] 2017051500.01, referer: http://117.2.128.106/
[Sat Jun 10 01:45:53.758202 2017] [:error] [pid 4076:tid 1592] [client 193.201.224.29:61916] 2017051500.01, referer: http://117.2.128.106/
[Sat Jun 10 02:16:25.735298 2017] [:error] [pid 4076:tid 1592] [client 31.184.236.104:63916] 2017051500.01, referer: http://117.2.128.106/
[Sat Jun 10 04:59:41.845906 2017] [:error] [pid 4076:tid 1592] [client 109.254.38.193:65288] 2017051500.01, referer: http://117.2.128.106/
[Sat Jun 10 05:35:28.328362 2017] [:error] [pid 4076:tid 1592] [client 84.107.240.101:47633] 2017051500.01
[Sat Jun 10 05:40:54.058537 2017] [:error] [pid 4076:tid 1592] [client 104.130.19.164:35979] 2017051500.01
[Sat Jun 10 05:40:56.757342 2017] [:error] [pid 4076:tid 1592] [client 104.130.19.164:39808] 2017051500.01
[Sat Jun 10 05:41:04.151755 2017] [:error] [pid 4076:tid 1592] [client 104.130.19.164:50493] 2017051500.01
[Sat Jun 10 05:41:12.482170 2017] [:error] [pid 4076:tid 1592] [client 104.130.19.164:34075] 2017051500.01
[Sat Jun 10 05:41:14.790974 2017] [:error] [pid 4076:tid 1592] [client 104.130.19.164:37737] 2017051500.01
[Sat Jun 10 05:41:19.603641 2017] [:error] [pid 4076:tid 1592] [client 104.130.19.164:41884] 2017051500.01
[Sat Jun 10 05:41:25.627251 2017] [:error] [pid 4076:tid 1592] [client 104.130.19.164:50976] 2017051500.01
[Sat Jun 10 05:41:28.216856 2017] [:error] [pid 4076:tid 1592] [client 104.130.19.164:55207] 2017051500.01
[Sat Jun 10 05:41:33.536465 2017] [:error] [pid 4076:tid 1592] [client 104.130.19.164:34128] 2017051500.01
[Sat Jun 10 05:41:39.682876 2017] [:error] [pid 4076:tid 1592] [client 104.130.19.164:43358] 2017051500.01
[Sat Jun 10 05:41:44.643685 2017] [:error] [pid 4076:tid 1592] [client 104.130.19.164:49973] 2017051500.01
[Sat Jun 10 05:41:50.448895 2017] [:error] [pid 4076:tid 1592] [client 104.130.19.164:58678] 2017051500.01
[Sat Jun 10 05:41:55.318104 2017] [:error] [pid 4076:tid 1592] [client 104.130.19.164:35349] 2017051500.01
[Sat Jun 10 05:42:04.974521 2017] [:error] [pid 4076:tid 1592] [client 104.130.19.164:49121] 2017051500.01
[Sat Jun 10 05:42:12.212933 2017] [:error] [pid 4076:tid 1592] [client 104.130.19.164:57995] 2017051500.01
[Sat Jun 10 05:42:19.841347 2017] [:error] [pid 4076:tid 1592] [client 104.130.19.164:40816] 2017051500.01
[Sat Jun 10 05:42:28.935564 2017] [:error] [pid 4076:tid 1592] [client 104.130.19.164:54579] 2017051500.01
[Sat Jun 10 05:42:41.587186 2017] [:error] [pid 4076:tid 1592] [client 104.130.19.164:43600] 2017051500.01
[Sat Jun 10 05:42:55.738411 2017] [:error] [pid 4076:tid 1592] [client 104.130.19.164:34774] 2017051500.01
[Sat Jun 10 05:43:07.111831 2017] [:error] [pid 4076:tid 1592] [client 104.130.19.164:50735] 2017051500.01
[Sat Jun 10 05:43:17.173849 2017] [:error] [pid 4076:tid 1592] [client 104.130.19.164:34655] 2017051500.01
[Sat Jun 10 05:43:25.927464 2017] [:error] [pid 4076:tid 1592] [client 104.130.19.164:47529] 2017051500.01
[Sat Jun 10 05:43:32.339075 2017] [:error] [pid 4076:tid 1592] [client 104.130.19.164:56293] 2017051500.01
[Sat Jun 10 05:43:37.955085 2017] [:error] [pid 4076:tid 1592] [client 104.130.19.164:35820] 2017051500.01
[Sat Jun 10 05:43:43.399495 2017] [:error] [pid 4076:tid 1592] [client 104.130.19.164:43299] 2017051500.01
[Sat Jun 10 05:43:47.642702 2017] [:error] [pid 4076:tid 1592] [client 104.130.19.164:49224] 2017051500.01
[Sat Jun 10 05:43:51.317709 2017] [:error] [pid 4076:tid 1592] [client 104.130.19.164:54592] 2017051500.01
[Sat Jun 10 05:43:55.048116 2017] [:error] [pid 4076:tid 1592] [client 104.130.19.164:59723] 2017051500.01
[Sat Jun 10 05:43:58.542522 2017] [:error] [pid 4076:tid 1592] [client 104.130.19.164:36065] 2017051500.01
[Sat Jun 10 05:44:01.944328 2017] [:error] [pid 4076:tid 1592] [client 104.130.19.164:40702] 2017051500.01
[Sat Jun 10 05:44:04.549532 2017] [:error] [pid 4076:tid 1592] [client 104.130.19.164:44320] 2017051500.01
[Sat Jun 10 05:44:07.887938 2017] [:error] [pid 4076:tid 1592] [client 104.130.19.164:48836] 2017051500.01
[Sat Jun 10 05:44:13.597548 2017] [:error] [pid 4076:tid 1592] [client 104.130.19.164:56715] 2017051500.01
[Sat Jun 10 05:44:17.856356 2017] [:error] [pid 4076:tid 1592] [client 104.130.19.164:33553] 2017051500.01
[Sat Jun 10 06:33:03.595186 2017] [:error] [pid 4076:tid 1592] [client 150.70.173.9:52991] 2017051500.01
[Sat Jun 10 07:01:45.540289 2017] [:error] [pid 4076:tid 1616] [client 195.154.252.42:61365] 2017051500.01, referer: http://117.2.128.106/
[Sat Jun 10 07:01:45.727490 2017] [:error] [pid 4076:tid 1592] [client 195.154.233.33:59248] 2017051500.01, referer: http://117.2.128.106/
[Sat Jun 10 07:08:08.486766 2017] [:error] [pid 4076:tid 1592] [client 120.14.138.159:38356] 2017051500.01
[Sat Jun 10 07:54:25.210200 2017] [:error] [pid 4076:tid 1616] [client 202.46.54.29:39263] 2017051500.01
[Sat Jun 10 09:35:57.468960 2017] [:error] [pid 4076:tid 1592] [client 222.254.126.15:51617] 2017051500.01
[Sat Jun 10 10:44:26.757205 2017] [:error] [pid 4076:tid 1592] [client 171.243.99.83:62750] 2017051500.01
[Sat Jun 10 10:45:34.854126 2017] [:error] [pid 4076:tid 1600] [client 171.243.99.83:62800] 2017051500.01, referer: http://117.2.128.106/
[Sat Jun 10 10:45:53.296359 2017] [:error] [pid 4076:tid 1628] [client 171.243.99.83:62811] 2017051500.01, referer: http://117.2.128.106/login/index.php
[Sat Jun 10 10:46:07.039983 2017] [:error] [pid 4076:tid 1616] [client 171.243.99.83:62820] 2017051500.01, referer: http://117.2.128.106/
[Sat Jun 10 10:47:28.295926 2017] [:error] [pid 4076:tid 1600] [client 171.243.99.83:62848] 2017051500.01, referer: http://117.2.128.106/admin/settings.php?section=frontpagesettings
[Sat Jun 10 10:47:35.238943 2017] [:error] [pid 4076:tid 1616] [client 171.243.99.83:62850] 2017051500.01, referer: http://117.2.128.106/admin/settings.php?section=frontpagesettings
[Sat Jun 10 10:48:13.662810 2017] [:error] [pid 4076:tid 1616] [client 171.243.99.83:62879] 2017051500.01, referer: http://117.2.128.106/
[Sat Jun 10 10:48:25.097630 2017] [:error] [pid 4076:tid 1616] [client 171.243.99.83:62879] 2017051500.01, referer: http://117.2.128.106/admin/purgecaches.php
[Sat Jun 10 10:48:38.076853 2017] [:error] [pid 4076:tid 1600] [client 171.243.99.83:62880] 2017051500.01, referer: http://117.2.128.106/admin/purgecaches.php
[Sat Jun 10 10:51:44.582785 2017] [:error] [pid 4076:tid 1592] [client 171.243.99.83:62959] 2017051500.01, referer: http://117.2.128.106/
[Sat Jun 10 11:00:42.026135 2017] [:error] [pid 4076:tid 1592] [client 171.243.99.83:63337] 2017051500.01, referer: http://117.2.128.106/
[Sat Jun 10 11:00:53.103155 2017] [:error] [pid 4076:tid 1592] [client 171.243.99.83:63338] 2017051500.01, referer: http://117.2.128.106/login/index.php
[Sat Jun 10 11:01:16.447796 2017] [:error] [pid 4076:tid 1592] [client 171.243.99.83:63341] 2017051500.01, referer: http://117.2.128.106/
[Sat Jun 10 11:02:25.735518 2017] [:error] [pid 4076:tid 1592] [client 171.243.99.83:63414] 2017051500.01, referer: http://117.2.128.106/course/view.php?id=4
[Sat Jun 10 11:02:30.573527 2017] [:error] [pid 4076:tid 1592] [client 171.243.99.83:63414] 2017051500.01, referer: http://117.2.128.106/my/
[Sat Jun 10 11:02:39.871143 2017] [:error] [pid 4076:tid 1600] [client 171.243.99.83:63419] 2017051500.01, referer: http://117.2.128.106/my/index.php
[Sat Jun 10 11:02:46.376355 2017] [:error] [pid 4076:tid 1600] [client 171.243.99.83:63419] 2017051500.01, referer: http://117.2.128.106/my/
[Sat Jun 10 11:04:05.710494 2017] [:error] [pid 4076:tid 1600] [client 171.243.99.83:63435] 2017051500.01, referer: http://117.2.128.106/
[Sat Jun 10 11:04:17.207714 2017] [:error] [pid 4076:tid 1600] [client 171.243.99.83:63442] 2017051500.01, referer: http://117.2.128.106/user/preferences.php
[Sat Jun 10 11:04:22.045723 2017] [:error] [pid 4076:tid 1600] [client 171.243.99.83:63442] 2017051500.01, referer: http://117.2.128.106/
[Sat Jun 10 11:04:40.610157 2017] [:error] [pid 4076:tid 1600] [client 171.243.99.83:63446] 2017051500.01, referer: http://117.2.128.106/login/index.php
[Sat Jun 10 11:04:53.887780 2017] [:error] [pid 4076:tid 1600] [client 171.243.99.83:63448] 2017051500.01, referer: http://117.2.128.106/login/index.php
[Sat Jun 10 11:07:45.795888 2017] [:error] [pid 4076:tid 1624] [client 171.243.99.83:63490] 2017051500.01, referer: http://117.2.128.106/
[Sat Jun 10 11:07:53.174701 2017] [:error] [pid 4076:tid 1592] [client 171.243.99.83:63500] 2017051500.01, referer: http://117.2.128.106/course/view.php?id=2
[Sat Jun 10 11:08:00.662714 2017] [:error] [pid 4076:tid 1592] [client 171.243.99.83:63501] 2017051500.01, referer: http://117.2.128.106/
[Sat Jun 10 11:08:25.529158 2017] [:error] [pid 4076:tid 1600] [client 171.243.99.83:63509] 2017051500.01, referer: http://117.2.128.106/admin/settings.php?section=frontpagesettings
[Sat Jun 10 11:08:36.745577 2017] [:error] [pid 4076:tid 1616] [client 171.243.99.83:63511] 2017051500.01, referer: http://117.2.128.106/admin/settings.php?section=frontpagesettings
[Sat Jun 10 11:08:42.704788 2017] [:error] [pid 4076:tid 1616] [client 171.243.99.83:63511] 2017051500.01, referer: http://117.2.128.106/
[Sat Jun 10 11:08:49.009199 2017] [:error] [pid 4076:tid 1628] [client 171.243.99.83:63516] 2017051500.01, referer: http://117.2.128.106/course/index.php?categoryid=2
[Sat Jun 10 11:09:00.853620 2017] [:error] [pid 4076:tid 1636] [client 171.243.99.83:63524] 2017051500.01, referer: http://117.2.128.106/course/management.php?categoryid=2
[Sat Jun 10 11:09:03.131224 2017] [:error] [pid 4076:tid 1636] [client 171.243.99.83:63524] 2017051500.01, referer: http://117.2.128.106/course/delete.php?id=2
[Sat Jun 10 11:09:12.756441 2017] [:error] [pid 4076:tid 1636] [client 171.243.99.83:63526] 2017051500.01, referer: http://117.2.128.106/course/delete.php
[Sat Jun 10 11:09:16.110447 2017] [:error] [pid 4076:tid 1636] [client 171.243.99.83:63526] 2017051500.01, referer: http://117.2.128.106/course/management.php?categoryid=2
[Sat Jun 10 11:09:24.132861 2017] [:error] [pid 4076:tid 1636] [client 171.243.99.83:63528] 2017051500.01, referer: http://117.2.128.106/course/management.php?categoryid=3
[Sat Jun 10 11:09:42.400493 2017] [:error] [pid 4076:tid 1624] [client 171.243.99.83:63537] 2017051500.01, referer: http://117.2.128.106/course/edit.php?id=4&returnto=catmanage
[Sat Jun 10 11:09:52.114711 2017] [:error] [pid 4076:tid 1624] [client 171.243.99.83:63544] 2017051500.01, referer: http://117.2.128.106/course/management.php?categoryid=2
[Sat Jun 10 11:10:03.509731 2017] [:error] [pid 4076:tid 1624] [client 171.243.99.83:63545] 2017051500.01, referer: http://117.2.128.106/course/management.php?categoryid=3&sesskey=xJ3mGBZ4jv&action=deletecategory
[Sat Jun 10 11:10:18.548158 2017] [:error] [pid 4076:tid 1624] [client 171.243.99.83:63547] 2017051500.01, referer: http://117.2.128.106/course/management.php
[Sat Jun 10 11:10:34.026385 2017] [:error] [pid 4076:tid 1624] [client 171.243.99.83:63549] 2017051500.01, referer: http://117.2.128.106/course/management.php?categoryid=2
[Sat Jun 10 11:11:20.629068 2017] [:error] [pid 4076:tid 1592] [client 171.243.99.83:63555] 2017051500.01, referer: http://117.2.128.106/course/edit.php?id=4&returnto=catmanage
[Sat Jun 10 11:11:28.017308 2017] [:error] [pid 4076:tid 1592] [client 171.243.99.83:63555] 2017051500.01, referer: http://117.2.128.106/course/management.php?categoryid=2
[Sat Jun 10 11:11:46.329378 2017] [:error] [pid 4076:tid 1592] [client 171.243.99.83:63559] 2017051500.01, referer: http://117.2.128.106/
[Sat Jun 10 11:12:17.773835 2017] [:error] [pid 4076:tid 1600] [client 171.243.99.83:63562] 2017051500.01, referer: http://117.2.128.106/admin/settings.php?section=frontpagesettings
[Sat Jun 10 11:12:22.070843 2017] [:error] [pid 4076:tid 1600] [client 171.243.99.83:63562] 2017051500.01, referer: http://117.2.128.106/admin/settings.php?section=frontpagesettings
[Sat Jun 10 11:12:46.486886 2017] [:error] [pid 4076:tid 1592] [client 171.243.99.83:63566] 2017051500.01, referer: http://117.2.128.106/
[Sat Jun 10 11:12:57.866306 2017] [:error] [pid 4076:tid 1592] [client 171.243.99.83:63568] 2017051500.01, referer: http://117.2.128.106/
[Sat Jun 10 11:13:29.209762 2017] [:error] [pid 4076:tid 1592] [client 171.243.99.83:63577] 2017051500.01, referer: http://117.2.128.106/login/index.php
[Sat Jun 10 11:13:51.987802 2017] [:error] [pid 4076:tid 1592] [client 171.243.99.83:63580] 2017051500.01, referer: http://117.2.128.106/
[Sat Jun 10 11:13:56.468010 2017] [:error] [pid 4076:tid 1592] [client 171.243.99.83:63580] 2017051500.01, referer: http://117.2.128.106/login/index.php
[Sat Jun 10 11:14:03.082421 2017] [:error] [pid 4076:tid 1592] [client 171.243.99.83:63580] 2017051500.01, referer: http://117.2.128.106/
[Sat Jun 10 11:14:06.452027 2017] [:error] [pid 4076:tid 1592] [client 171.243.99.83:63580] 2017051500.01, referer: http://117.2.128.106/course/view.php?id=5
[Sat Jun 10 11:14:10.679635 2017] [:error] [pid 4076:tid 1592] [client 171.243.99.83:63580] 2017051500.01, referer: http://117.2.128.106/?
[Sat Jun 10 11:14:43.054692 2017] [:error] [pid 4076:tid 1592] [client 171.243.99.83:63587] 2017051500.01, referer: http://117.2.128.106/login/index.php
[Sat Jun 10 11:14:54.039111 2017] [:error] [pid 4076:tid 1592] [client 171.243.99.83:63590] 2017051500.01, referer: http://117.2.128.106/course/view.php?id=4
[Sat Jun 10 11:14:58.550519 2017] [:error] [pid 4076:tid 1592] [client 171.243.99.83:63590] 2017051500.01, referer: http://117.2.128.106/
[Sat Jun 10 11:15:24.293565 2017] [:error] [pid 4076:tid 1600] [client 171.243.99.83:63596] 2017051500.01, referer: http://117.2.128.106/course/view.php?id=4
[Sat Jun 10 11:15:34.892984 2017] [:error] [pid 4076:tid 1628] [client 171.243.99.83:63602] 2017051500.01, referer: http://117.2.128.106/course/view.php?id=4&notifyeditingon=1
[Sat Jun 10 11:15:41.304595 2017] [:error] [pid 4076:tid 1592] [client 171.243.99.83:63605] 2017051500.01, referer: http://117.2.128.106/course/editsection.php?id=25&sr&delete=1&sesskey=PngZyxEV41
[Sat Jun 10 11:15:50.573011 2017] [:error] [pid 4076:tid 1628] [client 171.243.99.83:63607] 2017051500.01, referer: http://117.2.128.106/course/view.php?id=4
[Sat Jun 10 11:15:53.303016 2017] [:error] [pid 4076:tid 1628] [client 171.243.99.83:63607] 2017051500.01, referer: http://117.2.128.106/course/editsection.php?id=26&sr&delete=1&sesskey=PngZyxEV41
[Sat Jun 10 11:16:27.775878 2017] [:error] [pid 4076:tid 1592] [client 171.243.99.83:63613] 2017051500.01, referer: http://117.2.128.106/course/view.php?id=4
[Sat Jun 10 11:16:46.054921 2017] [:error] [pid 4076:tid 1624] [client 171.243.99.83:63622] 2017051500.01, referer: http://117.2.128.106/course/modedit.php?update=11&return=0&sr=0
[Sat Jun 10 11:16:56.695139 2017] [:error] [pid 4076:tid 1600] [client 171.243.99.83:63625] 2017051500.01, referer: http://117.2.128.106/course/view.php?id=4
[Sat Jun 10 11:25:02.539599 2017] [:error] [pid 4076:tid 1600] [client 171.243.99.83:63710] 2017051500.01, referer: http://117.2.128.106/
[Sat Jun 10 11:25:20.605431 2017] [:error] [pid 4076:tid 1624] [client 171.243.99.83:63719] 2017051500.01, referer: http://117.2.128.106/course/editsection.php?id=1
[Sat Jun 10 11:26:06.973114 2017] [:error] [pid 4076:tid 1624] [client 171.243.99.83:63727] 2017051500.01, referer: http://117.2.128.106/course/editsection.php?id=1
[Sat Jun 10 11:54:33.356791 2017] [:error] [pid 4076:tid 1636] [client 171.243.99.83:63888] 2017051500.01
[Sat Jun 10 11:56:18.997577 2017] [:error] [pid 4076:tid 1636] [client 171.243.99.83:63969] 2017051500.01, referer: http://117.2.128.106/login/index.php
[Sat Jun 10 11:56:50.219232 2017] [:error] [pid 4076:tid 1636] [client 171.243.99.83:63971] 2017051500.01, referer: http://117.2.128.106/
[Sat Jun 10 11:56:53.557638 2017] [:error] [pid 4076:tid 1636] [client 171.243.99.83:63971] 2017051500.01, referer: http://117.2.128.106/user/preferences.php
[Sat Jun 10 11:56:59.922850 2017] [:error] [pid 4076:tid 1636] [client 171.243.99.83:63971] 2017051500.01, referer: http://117.2.128.106/user/language.php?id=2&course=1
[Sat Jun 10 11:57:10.187668 2017] [:error] [pid 4076:tid 1636] [client 171.243.99.83:63971] 2017051500.01, referer: http://117.2.128.106/
[Sat Jun 10 11:58:43.625233 2017] [:error] [pid 4076:tid 1636] [client 171.243.99.83:63978] 2017051500.01, referer: http://117.2.128.106/admin/settings.php?section=optionalsubsystems
[Sat Jun 10 11:58:52.883450 2017] [:error] [pid 4076:tid 1636] [client 171.243.99.83:63979] 2017051500.01, referer: http://117.2.128.106/user/profilesys.php
[Sat Jun 10 11:58:59.594462 2017] [:error] [pid 4076:tid 1636] [client 171.243.99.83:63979] 2017051500.01, referer: http://117.2.128.106/my/indexsys.php
[Sat Jun 10 11:59:03.744070 2017] [:error] [pid 4076:tid 1636] [client 171.243.99.83:63979] 2017051500.01, referer: http://117.2.128.106/my/indexsys.php
[Sat Jun 10 11:59:22.995503 2017] [:error] [pid 4076:tid 1636] [client 171.243.99.83:63980] 2017051500.01, referer: http://117.2.128.106/my/indexsys.php?adminedit=1&sesskey=R0OgR3H2mf
[Sat Jun 10 12:00:30.504624 2017] [:error] [pid 4076:tid 1636] [client 171.243.99.83:63982] 2017051500.01, referer: http://117.2.128.106/admin/settings.php?section=navigation
[Sat Jun 10 12:00:48.101455 2017] [:error] [pid 4076:tid 1636] [client 171.243.99.83:63984] 2017051500.01, referer: http://117.2.128.106/admin/settings.php?section=navigation
[Sat Jun 10 12:02:09.391599 2017] [:error] [pid 4076:tid 1636] [client 171.243.99.83:63986] 2017051500.01, referer: http://117.2.128.106/admin/settings.php?section=langsettings
[Sat Jun 10 12:02:56.906092 2017] [:error] [pid 4076:tid 1636] [client 60.191.38.77:22965] 2017051500.01
[Sat Jun 10 12:06:14.143084 2017] [:error] [pid 4076:tid 1636] [client 171.243.99.83:64057] 2017051500.01, referer: http://117.2.128.106/admin/settings.php?section=langsettings
[Sat Jun 10 12:06:52.316351 2017] [:error] [pid 4076:tid 1636] [client 171.243.99.83:64060] 2017051500.01, referer: http://117.2.128.106/
[Sat Jun 10 12:07:08.509179 2017] [:error] [pid 4076:tid 1636] [client 171.243.99.83:64062] 2017051500.01, referer: http://117.2.128.106/admin/settings.php?section=debugging
[Sat Jun 10 12:07:17.447995 2017] [:error] [pid 4076:tid 1624] [client 171.243.99.83:64064] 2017051500.01, referer: http://117.2.128.106/admin/purgecaches.php
[Sat Jun 10 12:07:26.589611 2017] [:error] [pid 4076:tid 1600] [client 171.243.99.83:64066] 2017051500.01, referer: http://117.2.128.106/admin/purgecaches.php
[Sat Jun 10 12:07:34.545625 2017] [:error] [pid 4076:tid 1616] [client 171.243.99.83:64068] 2017051500.01, referer: http://117.2.128.106/
[Sat Jun 10 13:22:04.920677 2017] [:error] [pid 4076:tid 1600] [client 193.201.224.29:59043] 2017051500.01, referer: http://117.2.128.106/
[Sat Jun 10 13:36:59.379448 2017] [:error] [pid 4076:tid 1600] [client 195.154.252.42:52037] 2017051500.01, referer: http://117.2.128.106/
[Sat Jun 10 13:36:59.566648 2017] [:error] [pid 4076:tid 1616] [client 195.154.233.33:55905] 2017051500.01, referer: http://117.2.128.106/
[Sat Jun 10 14:17:45.073744 2017] [:error] [pid 4076:tid 1624] [client 117.2.128.71:49493] 2017051500.01
[Sat Jun 10 14:29:17.200159 2017] [:error] [pid 4076:tid 1628] [client 117.2.128.71:49738] 2017051500.01, referer: http://117.2.128.106/
[Sat Jun 10 14:29:30.522583 2017] [:error] [pid 4076:tid 1628] [client 117.2.128.71:49742] 2017051500.01, referer: http://117.2.128.106/login/index.php
[Sat Jun 10 14:29:33.954589 2017] [:error] [pid 4076:tid 1628] [client 117.2.128.71:49742] 2017051500.01, referer: http://117.2.128.106/login/index.php
[Sat Jun 10 14:29:36.871794 2017] [:error] [pid 4076:tid 1628] [client 117.2.128.71:49742] 2017051500.01, referer: http://117.2.128.106/enrol/index.php?id=4
[Sat Jun 10 14:29:39.445798 2017] [:error] [pid 4076:tid 1628] [client 117.2.128.71:49742] 2017051500.01, referer: http://117.2.128.106/user/profile.php?id=6
[Sat Jun 10 14:29:45.545409 2017] [:error] [pid 4076:tid 1628] [client 117.2.128.71:49745] 2017051500.01, referer: http://117.2.128.106/login/index.php
[Sat Jun 10 14:47:25.832471 2017] [:error] [pid 4076:tid 1600] [client 171.243.99.83:64174] 2017051500.01, referer: http://117.2.128.106/
[Sat Jun 10 14:47:32.197283 2017] [:error] [pid 4076:tid 1624] [client 171.243.99.83:64176] 2017051500.01, referer: http://117.2.128.106/
[Sat Jun 10 14:47:56.564525 2017] [:error] [pid 4076:tid 1592] [client 171.243.99.83:64187] 2017051500.01, referer: http://117.2.128.106/login/index.php
[Sat Jun 10 14:48:58.169034 2017] [:error] [pid 4076:tid 1592] [client 171.243.99.83:64192] 2017051500.01, referer: http://117.2.128.106/
[Sat Jun 10 14:49:12.115458 2017] [:error] [pid 4076:tid 1592] [client 171.243.99.83:64195] 2017051500.01, referer: http://117.2.128.106/enrol/index.php?id=4
[Sat Jun 10 14:49:16.857866 2017] [:error] [pid 4076:tid 1592] [client 171.243.99.83:64195] 2017051500.01, referer: http://117.2.128.106/enrol/index.php?id=4
[Sat Jun 10 15:46:52.669536 2017] [:error] [pid 4076:tid 1592] [client 180.97.215.45:3620] 2017051500.01
[Sat Jun 10 15:56:32.631755 2017] [:error] [pid 4076:tid 1628] [client 42.112.89.144:41473] 2017051500.01
[Sat Jun 10 15:56:50.930587 2017] [:error] [pid 4076:tid 1616] [client 42.112.89.144:16793] 2017051500.01, referer: http://117.2.128.106/
[Sat Jun 10 15:58:54.872805 2017] [:error] [pid 4076:tid 1616] [client 116.103.91.35:1878] 2017051500.01
[Sat Jun 10 15:59:41.251686 2017] [:error] [pid 4076:tid 1628] [client 42.112.89.144:3083] 2017051500.01, referer: https://l.facebook.com/
[Sat Jun 10 16:02:34.957991 2017] [:error] [pid 4076:tid 1628] [client 171.243.99.83:64560] 2017051500.01, referer: http://117.2.128.106/
[Sat Jun 10 16:02:37.687996 2017] [:error] [pid 4076:tid 1628] [client 171.243.99.83:64560] 2017051500.01, referer: http://117.2.128.106/
[Sat Jun 10 16:02:57.359631 2017] [:error] [pid 4076:tid 1628] [client 171.243.99.83:64562] 2017051500.01, referer: http://117.2.128.106/login/index.php
[Sat Jun 10 16:03:07.437248 2017] [:error] [pid 4076:tid 1628] [client 171.243.99.83:64564] 2017051500.01, referer: http://117.2.128.106/login/index.php
[Sat Jun 10 16:03:10.994055 2017] [:error] [pid 4076:tid 1628] [client 171.243.99.83:64564] 2017051500.01, referer: http://117.2.128.106/
[Sat Jun 10 16:03:21.087272 2017] [:error] [pid 4076:tid 1628] [client 171.243.99.83:64566] 2017051500.01, referer: http://117.2.128.106/
[Sat Jun 10 16:04:18.807374 2017] [:error] [pid 4076:tid 1628] [client 171.243.99.83:64572] 2017051500.01, referer: http://117.2.128.106/?redirect=0
[Sat Jun 10 16:04:26.997388 2017] [:error] [pid 4076:tid 1596] [client 171.243.99.83:64575] 2017051500.01, referer: http://117.2.128.106/admin/settings.php?section=manageauths
[Sat Jun 10 16:04:55.061837 2017] [:error] [pid 4076:tid 1596] [client 117.2.128.71:52944] 2017051500.01, referer: http://117.2.128.106/phpMyAdmin/index.php
[Sat Jun 10 16:08:12.776585 2017] [:error] [pid 4076:tid 1596] [client 171.243.99.83:64594] 2017051500.01, referer: http://117.2.128.106/admin/settings.php?section=manageauths
[Sat Jun 10 16:08:17.284993 2017] [:error] [pid 4076:tid 1600] [client 171.243.99.83:64596] 2017051500.01, referer: http://117.2.128.106/admin/settings.php?section=manageauths
[Sat Jun 10 16:08:39.811432 2017] [:error] [pid 4076:tid 1596] [client 171.243.99.83:64651] 2017051500.01
[Sat Jun 10 16:08:46.347844 2017] [:error] [pid 4076:tid 1628] [client 171.243.99.83:64663] 2017051500.01, referer: http://117.2.128.106/
[Sat Jun 10 16:09:48.903953 2017] [:error] [pid 4076:tid 1628] [client 171.243.99.83:64674] 2017051500.01, referer: http://117.2.128.106/
[Sat Jun 10 16:10:36.905238 2017] [:error] [pid 4076:tid 1604] [client 171.243.99.83:64680] 2017051500.01, referer: http://117.2.128.106/login/index.php
[Sat Jun 10 16:12:09.600601 2017] [:error] [pid 4076:tid 1604] [client 171.243.99.83:64711] 2017051500.01, referer: http://117.2.128.106/admin/settings.php?section=manageauths
[Sat Jun 10 16:12:21.019821 2017] [:error] [pid 4076:tid 1604] [client 171.243.99.83:64716] 2017051500.01, referer: http://117.2.128.106/
[Sat Jun 10 16:12:40.956656 2017] [:error] [pid 4076:tid 1604] [client 171.243.99.83:64721] 2017051500.01, referer: http://117.2.128.106/login/index.php
[Sat Jun 10 16:13:23.482330 2017] [:error] [pid 4076:tid 1616] [client 171.243.99.83:64732] 2017051500.01, referer: http://117.2.128.106/
[Sat Jun 10 16:13:36.305553 2017] [:error] [pid 4076:tid 1616] [client 171.243.99.83:64739] 2017051500.01, referer: http://117.2.128.106/course/view.php?id=4
[Sat Jun 10 16:22:05.211463 2017] [:error] [pid 4076:tid 1616] [client 171.243.99.83:64929] 2017051500.01
[Sat Jun 10 16:22:14.049079 2017] [:error] [pid 4076:tid 1600] [client 171.243.99.83:64930] 2017051500.01, referer: http://117.2.128.106/
[Sat Jun 10 16:22:45.175746 2017] [:error] [pid 4076:tid 1628] [client 171.243.99.83:64937] 2017051500.01, referer: http://117.2.128.106/login/index.php
[Sat Jun 10 16:22:57.867371 2017] [:error] [pid 4076:tid 1628] [client 171.243.99.83:64987] 2017051500.01
[Sat Jun 10 16:23:01.503578 2017] [:error] [pid 4076:tid 1628] [client 171.243.99.83:64987] 2017051500.01, referer: http://117.2.128.106/
[Sat Jun 10 16:23:10.693805 2017] [:error] [pid 4076:tid 1628] [client 171.243.99.83:65005] 2017051500.01, referer: http://117.2.128.106/login/index.php
[Sat Jun 10 16:23:20.002422 2017] [:error] [pid 4076:tid 1604] [client 171.243.99.83:65020] 2017051500.01, referer: http://117.2.128.106/login/index.php
[Sat Jun 10 16:23:23.665838 2017] [:error] [pid 4076:tid 1636] [client 171.243.99.83:65027] 2017051500.01, referer: http://117.2.128.106/login/index.php
[Sat Jun 10 16:33:31.868361 2017] [:error] [pid 4076:tid 1616] [client 171.243.99.83:65162] 2017051500.01, referer: http://117.2.128.106/
[Sat Jun 10 16:38:56.315808 2017] [:error] [pid 4076:tid 1616] [client 171.243.99.83:65196] 2017051500.01, referer: http://117.2.128.106/admin/settings.php?section=themesettingcontemporary
[Sat Jun 10 16:41:57.296959 2017] [:error] [pid 4076:tid 1592] [client 171.243.99.83:65224] 2017051500.01, referer: http://117.2.128.106/admin/settings.php?section=themesettingcontemporary
[Sat Jun 10 16:42:00.325365 2017] [:error] [pid 4076:tid 1592] [client 171.243.99.83:65227] 2017051500.01, referer: http://117.2.128.106/
[Sat Jun 10 16:42:11.342997 2017] [:error] [pid 4076:tid 1592] [client 171.243.99.83:65231] 2017051500.01, referer: http://117.2.128.106/login/index.php
[Sat Jun 10 16:42:21.370017 2017] [:error] [pid 4076:tid 1592] [client 171.243.99.83:65235] 2017051500.01, referer: http://117.2.128.106/login/index.php
[Sat Jun 10 16:44:05.934622 2017] [:error] [pid 4076:tid 1592] [client 171.243.99.83:65267] 2017051500.01, referer: http://117.2.128.106/
[Sat Jun 10 17:36:38.541029 2017] [:error] [pid 4076:tid 1592] [client 111.197.147.217:7379] 2017051500.01, referer: http://eims.bjzgty.com.cn
[Sat Jun 10 17:44:25.761850 2017] [:error] [pid 4076:tid 1592] [client 59.153.242.81:14117] 2017051500.01
[Sat Jun 10 17:47:13.727345 2017] [:error] [pid 4076:tid 1620] [client 59.153.242.81:27753] 2017051500.01
[Sat Jun 10 19:34:40.813068 2017] [:error] [pid 4076:tid 1620] [client 139.162.108.53:42300] 2017051500.01
[Sat Jun 10 20:26:21.755315 2017] [:error] [pid 4076:tid 1596] [client 42.112.86.226:8758] 2017051500.01
[Sat Jun 10 20:26:28.884527 2017] [:error] [pid 4076:tid 1620] [client 42.112.86.226:53038] 2017051500.01, referer: http://117.2.128.106/
[Sat Jun 10 20:26:43.174152 2017] [:error] [pid 4076:tid 1620] [client 42.112.86.226:53832] 2017051500.01, referer: http://117.2.128.106/login/index.php
[Sat Jun 10 20:27:58.023084 2017] [:error] [pid 4076:tid 1612] [client 42.112.86.226:43727] 2017051500.01, referer: http://117.2.128.106/
[Sat Jun 10 20:28:01.486290 2017] [:error] [pid 4076:tid 1612] [client 42.112.86.226:43727] 2017051500.01, referer: http://117.2.128.106/
[Sat Jun 10 20:28:09.270704 2017] [:error] [pid 4076:tid 1612] [client 42.112.86.226:37126] 2017051500.01, referer: http://117.2.128.106/login/index.php
[Sat Jun 10 20:28:18.864720 2017] [:error] [pid 4076:tid 1628] [client 42.112.86.226:60990] 2017051500.01, referer: http://117.2.128.106/login/index.php
[Sat Jun 10 20:28:33.419546 2017] [:error] [pid 4076:tid 1612] [client 42.112.86.226:24001] 2017051500.01, referer: http://117.2.128.106/login/index.php
[Sat Jun 10 20:28:43.434764 2017] [:error] [pid 4076:tid 1612] [client 42.112.86.226:24001] 2017051500.01, referer: http://117.2.128.106/
[Sat Jun 10 20:28:52.763580 2017] [:error] [pid 4076:tid 1612] [client 42.112.86.226:14879] 2017051500.01, referer: http://117.2.128.106/admin/user.php
[Sat Jun 10 20:28:56.101986 2017] [:error] [pid 4076:tid 1612] [client 42.112.86.226:14879] 2017051500.01, referer: http://117.2.128.106/
[Sat Jun 10 20:29:07.193605 2017] [:error] [pid 4076:tid 1612] [client 42.112.86.226:27565] 2017051500.01, referer: http://117.2.128.106/login/index.php
[Sat Jun 10 20:31:25.597048 2017] [:error] [pid 4076:tid 1612] [client 42.112.86.226:24930] 2017051500.01
[Sat Jun 10 20:31:30.963458 2017] [:error] [pid 4076:tid 1612] [client 42.112.86.226:24930] 2017051500.01, referer: http://117.2.128.106/
[Sat Jun 10 20:31:48.014288 2017] [:error] [pid 4076:tid 1612] [client 42.112.86.226:32126] 2017051500.01, referer: http://117.2.128.106/login/index.php
[Sat Jun 10 20:32:12.880732 2017] [:error] [pid 4076:tid 1620] [client 42.112.86.226:9860] 2017051500.01, referer: http://117.2.128.106/
[Sat Jun 10 20:32:24.970753 2017] [:error] [pid 4076:tid 1596] [client 42.112.86.226:50223] 2017051500.01, referer: http://117.2.128.106/
[Sat Jun 10 20:38:59.355045 2017] [:error] [pid 4076:tid 1612] [client 42.112.86.226:14005] 2017051500.01, referer: http://117.2.128.106/
[Sat Jun 10 20:39:36.108710 2017] [:error] [pid 4076:tid 1612] [client 42.112.86.226:20212] 2017051500.01, referer: http://117.2.128.106/login/index.php
[Sat Jun 10 20:44:35.785236 2017] [:error] [pid 4076:tid 1612] [client 42.112.86.226:4022] 2017051500.01, referer: http://117.2.128.106/admin/category.php?category=language
[Sat Jun 10 20:44:52.508466 2017] [:error] [pid 4076:tid 1612] [client 42.112.86.226:61651] 2017051500.01, referer: http://117.2.128.106/login/index.php
[Sat Jun 10 20:45:10.869698 2017] [:error] [pid 4076:tid 1612] [client 42.112.86.226:56433] 2017051500.01, referer: http://117.2.128.106/admin/category.php?category=language
