[Sun Jun 11 08:54:38.990724 2017] [:error] [pid 4076:tid 1588] [client 118.68.186.184:50797] 2017051500.01, referer: http://117.2.128.106/admin/tool/customlang/index.php
[Sun Jun 11 08:54:44.825135 2017] [:error] [pid 4076:tid 1588] [client 118.68.186.184:50797] 2017051500.01, referer: http://117.2.128.106/admin/tool/customlang/index.php?lng=vi
[Sun Jun 11 08:54:57.585957 2017] [:error] [pid 4076:tid 1588] [client 118.68.186.184:50797] 2017051500.01, referer: http://117.2.128.106/admin/tool/customlang/index.php
[Sun Jun 11 08:55:05.058370 2017] [:error] [pid 4076:tid 1632] [client 118.68.186.184:50800] 2017051500.01, referer: http://117.2.128.106/mod/quiz/summary.php?attempt=13
[Sun Jun 11 08:55:24.605204 2017] [:error] [pid 4076:tid 1632] [client 118.68.186.184:50803] 2017051500.01, referer: http://117.2.128.106/admin/tool/customlang/edit.php?lng=vi
[Sun Jun 11 08:55:37.147626 2017] [:error] [pid 4076:tid 1632] [client 118.68.186.184:50803] 2017051500.01, referer: http://117.2.128.106/admin/tool/customlang/index.php?action=checkin&lng=vi&sesskey=PU96QXJLOs
[Sun Jun 11 08:55:44.214439 2017] [:error] [pid 4076:tid 1588] [client 118.68.186.184:50807] 2017051500.01, referer: http://117.2.128.106/mod/quiz/summary.php?attempt=13
[Sun Jun 11 08:56:00.329267 2017] [:error] [pid 4076:tid 1596] [client 118.68.186.184:50813] 2017051500.01, referer: http://117.2.128.106/mod/quiz/review.php?attempt=13
[Sun Jun 11 08:56:05.820477 2017] [:error] [pid 4076:tid 1596] [client 118.68.186.184:50813] 2017051500.01, referer: http://117.2.128.106/course/view.php?id=4
[Sun Jun 11 08:56:13.433290 2017] [:error] [pid 4076:tid 1596] [client 118.68.186.184:50815] 2017051500.01, referer: http://117.2.128.106/mod/quiz/view.php?id=11
[Sun Jun 11 08:56:23.027307 2017] [:error] [pid 4076:tid 1596] [client 118.68.186.184:50817] 2017051500.01, referer: http://117.2.128.106/mod/quiz/attempt.php?attempt=14
[Sun Jun 11 08:56:26.084912 2017] [:error] [pid 4076:tid 1596] [client 118.68.186.184:50817] 2017051500.01, referer: http://117.2.128.106/mod/quiz/attempt.php?attempt=14&page=9
[Sun Jun 11 08:56:44.087344 2017] [:error] [pid 4076:tid 1596] [client 118.68.186.184:50819] 2017051500.01, referer: http://117.2.128.106/admin/tool/customlang/index.php
[Sun Jun 11 08:56:47.113749 2017] [:error] [pid 4076:tid 1596] [client 118.68.186.184:50819] 2017051500.01, referer: http://117.2.128.106/admin/tool/customlang/index.php?lng=vi
[Sun Jun 11 08:57:04.866581 2017] [:error] [pid 4076:tid 1596] [client 118.68.186.184:50831] 2017051500.01, referer: http://117.2.128.106/admin/tool/customlang/index.php
[Sun Jun 11 08:57:16.270201 2017] [:error] [pid 4076:tid 1596] [client 118.68.186.184:50833] 2017051500.01, referer: http://117.2.128.106/admin/tool/customlang/edit.php?lng=vi
[Sun Jun 11 08:57:43.367448 2017] [:error] [pid 4076:tid 1596] [client 118.68.186.184:50835] 2017051500.01, referer: http://117.2.128.106/admin/tool/customlang/edit.php?lng=vi&p=0
[Sun Jun 11 08:57:57.610273 2017] [:error] [pid 4076:tid 1596] [client 118.68.186.184:50837] 2017051500.01, referer: http://117.2.128.106/admin/tool/customlang/edit.php?lng=vi&p=0
[Sun Jun 11 08:58:40.869149 2017] [:error] [pid 4076:tid 1596] [client 118.68.186.184:50843] 2017051500.01, referer: http://117.2.128.106/admin/tool/customlang/edit.php?lng=vi&p=0
[Sun Jun 11 08:58:51.991969 2017] [:error] [pid 4076:tid 1596] [client 118.68.186.184:50843] 2017051500.01, referer: http://117.2.128.106/admin/tool/customlang/index.php?action=checkin&lng=vi&sesskey=PU96QXJLOs
[Sun Jun 11 08:59:03.988390 2017] [:error] [pid 4076:tid 1632] [client 118.68.186.184:50852] 2017051500.01, referer: http://117.2.128.106/course/view.php?id=4
[Sun Jun 11 08:59:20.025218 2017] [:error] [pid 4076:tid 1588] [client 118.68.186.184:50854] 2017051500.01, referer: http://117.2.128.106/mod/quiz/view.php?id=11
[Sun Jun 11 08:59:27.123230 2017] [:error] [pid 4076:tid 1588] [client 118.68.186.184:50856] 2017051500.01, referer: http://117.2.128.106/mod/quiz/attempt.php?attempt=14&page=9
[Sun Jun 11 09:00:55.653386 2017] [:error] [pid 4076:tid 1588] [client 118.68.186.184:50924] 2017051500.01, referer: http://117.2.128.106/admin/tool/customlang/index.php
[Sun Jun 11 10:49:26.746022 2017] [:error] [pid 4076:tid 1624] [client 185.112.82.49:11107] 2017051500.01, referer: http://117.2.128.106/
[Sun Jun 11 10:51:52.715478 2017] [:error] [pid 4076:tid 1624] [client 117.2.128.71:2943] 2017051500.01
[Sun Jun 11 10:52:06.911503 2017] [:error] [pid 4076:tid 1604] [client 117.2.128.71:2962] 2017051500.01, referer: http://117.2.128.106/
[Sun Jun 11 10:52:14.461917 2017] [:error] [pid 4076:tid 1604] [client 117.2.128.71:2965] [client 117.2.128.71]  http://117.2.128.106  Disabled Login:  duong.nguyenxuan  Mozilla/5.0 (Windows NT 10.0; Win64; x64) AppleWebKit/537.36 (KHTML, like Gecko) Chrome/58.0.3029.110 Safari/537.36, referer: http://117.2.128.106/login/index.php
[Sun Jun 11 10:52:14.742717 2017] [:error] [pid 4076:tid 1604] [client 117.2.128.71:2965] 2017051500.01, referer: http://117.2.128.106/login/index.php
[Sun Jun 11 10:52:23.509932 2017] [:error] [pid 4076:tid 1604] [client 117.2.128.71:2966] [client 117.2.128.71]  http://117.2.128.106  Disabled Login:  duong.nguyenxuan  Mozilla/5.0 (Windows NT 10.0; Win64; x64) AppleWebKit/537.36 (KHTML, like Gecko) Chrome/58.0.3029.110 Safari/537.36, referer: http://117.2.128.106/login/index.php
[Sun Jun 11 10:52:23.572333 2017] [:error] [pid 4076:tid 1604] [client 117.2.128.71:2966] 2017051500.01, referer: http://117.2.128.106/login/index.php
[Sun Jun 11 10:52:34.476752 2017] [:error] [pid 4076:tid 1604] [client 117.2.128.71:2968] 2017051500.01, referer: http://117.2.128.106/login/index.php
[Sun Jun 11 10:52:43.649568 2017] [:error] [pid 4076:tid 1604] [client 117.2.128.71:2968] 2017051500.01, referer: http://117.2.128.106/login/index.php
[Sun Jun 11 10:53:07.299209 2017] [:error] [pid 4076:tid 1596] [client 117.2.128.71:2979] 2017051500.01, referer: http://117.2.128.106/
[Sun Jun 11 10:53:13.227220 2017] [:error] [pid 4076:tid 1632] [client 117.2.128.71:2985] 2017051500.01, referer: http://117.2.128.106/login/index.php
[Sun Jun 11 10:53:13.851221 2017] [:error] [pid 4076:tid 1632] [client 117.2.128.71:2985] 2017051500.01, referer: http://117.2.128.106/login/index.php
[Sun Jun 11 10:53:15.801224 2017] [:error] [pid 4076:tid 1632] [client 117.2.128.71:2985] 2017051500.01, referer: http://117.2.128.106/login/index.php
[Sun Jun 11 10:53:19.280030 2017] [:error] [pid 4076:tid 1632] [client 117.2.128.71:2985] 2017051500.01, referer: http://117.2.128.106/
[Sun Jun 11 10:53:24.630840 2017] [:error] [pid 4076:tid 1632] [client 117.2.128.71:2985] 2017051500.01, referer: http://117.2.128.106/course/view.php?id=4
[Sun Jun 11 10:54:00.776103 2017] [:error] [pid 4076:tid 1632] [client 117.2.128.71:2995] 2017051500.01, referer: http://117.2.128.106/
[Sun Jun 11 10:54:17.140532 2017] [:error] [pid 4076:tid 1624] [client 117.2.128.71:3005] 2017051500.01, referer: http://117.2.128.106/course/view.php?id=4
[Sun Jun 11 10:54:42.116176 2017] [:error] [pid 4076:tid 1624] [client 117.2.128.71:3010] 2017051500.01, referer: http://117.2.128.106/
[Sun Jun 11 10:55:08.449022 2017] [:error] [pid 4076:tid 1624] [client 117.2.128.71:3015] 2017051500.01, referer: http://117.2.128.106/?lang=vi
[Sun Jun 11 10:55:14.455033 2017] [:error] [pid 4076:tid 1624] [client 117.2.128.71:3015] 2017051500.01, referer: http://117.2.128.106/course/view.php?id=4
[Sun Jun 11 10:55:35.078269 2017] [:error] [pid 4076:tid 1624] [client 117.2.128.71:3017] 2017051500.01, referer: http://117.2.128.106/mod/quiz/view.php?id=11
[Sun Jun 11 10:55:45.467887 2017] [:error] [pid 4076:tid 1624] [client 117.2.128.71:3020] 2017051500.01, referer: http://117.2.128.106/
[Sun Jun 11 10:55:49.367894 2017] [:error] [pid 4076:tid 1624] [client 117.2.128.71:3020] 2017051500.01, referer: http://117.2.128.106/
[Sun Jun 11 10:55:57.947909 2017] [:error] [pid 4076:tid 1624] [client 117.2.128.71:3022] [client 117.2.128.71]  http://117.2.128.106  Disabled Login:  duong.nguyenxuan  Mozilla/5.0 (Windows NT 10.0; Win64; x64) AppleWebKit/537.36 (KHTML, like Gecko) Chrome/58.0.3029.110 Safari/537.36, referer: http://117.2.128.106/login/index.php
[Sun Jun 11 10:55:58.041509 2017] [:error] [pid 4076:tid 1624] [client 117.2.128.71:3022] 2017051500.01, referer: http://117.2.128.106/login/index.php
[Sun Jun 11 10:56:14.811539 2017] [:error] [pid 4076:tid 1624] [client 117.2.128.71:3024] 2017051500.01, referer: http://117.2.128.106/login/index.php
[Sun Jun 11 10:57:00.566419 2017] [:error] [pid 4076:tid 1624] [client 117.2.128.71:3036] 2017051500.01, referer: http://117.2.128.106/
[Sun Jun 11 10:57:10.878037 2017] [:error] [pid 4076:tid 1624] [client 117.2.128.71:3041] 2017051500.01, referer: http://117.2.128.106/course/view.php?id=4
[Sun Jun 11 10:57:25.885264 2017] [:error] [pid 4076:tid 1624] [client 117.2.128.71:3043] 2017051500.01, referer: http://117.2.128.106/mod/quiz/view.php?id=11
[Sun Jun 11 10:57:28.599668 2017] [:error] [pid 4076:tid 1624] [client 117.2.128.71:3043] 2017051500.01, referer: http://117.2.128.106/
[Sun Jun 11 10:57:42.343292 2017] [:error] [pid 4076:tid 1624] [client 117.2.128.71:3045] 2017051500.01, referer: http://117.2.128.106/?lang=vi
[Sun Jun 11 10:57:51.438108 2017] [:error] [pid 4076:tid 1624] [client 117.2.128.71:3047] 2017051500.01, referer: http://117.2.128.106/course/view.php?id=4
[Sun Jun 11 10:57:57.537719 2017] [:error] [pid 4076:tid 1624] [client 117.2.128.71:3047] 2017051500.01, referer: http://117.2.128.106/mod/quiz/view.php?id=11
[Sun Jun 11 11:04:14.824382 2017] [:error] [pid 4076:tid 1588] [client 117.2.128.71:3089] 2017051500.01, referer: http://117.2.128.106/mod/quiz/review.php?attempt=7
[Sun Jun 11 11:06:51.043056 2017] [:error] [pid 4076:tid 1588] [client 117.2.128.71:3147] 2017051500.01, referer: http://117.2.128.106/mod/quiz/review.php?attempt=7&showall=0
[Sun Jun 11 11:07:01.167474 2017] [:error] [pid 4076:tid 1588] [client 117.2.128.71:3152] 2017051500.01, referer: http://117.2.128.106/
[Sun Jun 11 11:07:17.048302 2017] [:error] [pid 4076:tid 1588] [client 66.102.6.147:44430] 2017051500.01
[Sun Jun 11 11:07:21.369509 2017] [:error] [pid 4076:tid 1624] [client 117.3.67.92:50528] 2017051500.01
[Sun Jun 11 11:07:32.289529 2017] [:error] [pid 4076:tid 1604] [client 117.3.67.92:42265] 2017051500.01, referer: http://117.2.128.106/
[Sun Jun 11 11:07:38.357939 2017] [:error] [pid 4076:tid 1604] [client 113.160.248.219:42290] 2017051500.01, referer: http://117.2.128.106/login/index.php
[Sun Jun 11 11:09:18.432115 2017] [:error] [pid 4076:tid 1604] [client 117.3.101.146:42619] 2017051500.01, referer: http://117.2.128.106/
[Sun Jun 11 11:09:38.587351 2017] [:error] [pid 4076:tid 1604] [client 117.2.128.71:3165] 2017051500.01, referer: http://117.2.128.106/course/view.php?id=4
[Sun Jun 11 11:09:47.713367 2017] [:error] [pid 4076:tid 1604] [client 117.2.128.71:3170] 2017051500.01, referer: http://117.2.128.106/login/index.php
[Sun Jun 11 11:09:52.627375 2017] [:error] [pid 4076:tid 1632] [client 113.160.248.219:52826] 2017051500.01, referer: http://117.2.128.106/course/view.php?id=4
[Sun Jun 11 11:10:05.013797 2017] [:error] [pid 4076:tid 1632] [client 113.160.248.219:42680] 2017051500.01, referer: http://117.2.128.106/login/index.php
[Sun Jun 11 11:10:05.622198 2017] [:error] [pid 4076:tid 1604] [client 117.2.128.71:3174] 2017051500.01, referer: http://117.2.128.106/mod/quiz/view.php?id=11
[Sun Jun 11 11:10:12.767011 2017] [:error] [pid 4076:tid 1604] [client 117.2.128.71:3176] 2017051500.01, referer: http://117.2.128.106/login/index.php
[Sun Jun 11 11:10:24.295431 2017] [:error] [pid 4076:tid 1604] [client 117.2.128.71:3177] 2017051500.01, referer: http://117.2.128.106/course/view.php?id=4
[Sun Jun 11 11:11:22.171532 2017] [:error] [pid 4076:tid 1604] [client 117.3.101.146:42890] 2017051500.01, referer: http://117.2.128.106/mod/quiz/view.php?id=11
[Sun Jun 11 11:11:23.481935 2017] [:error] [pid 4076:tid 1604] [client 117.2.128.71:3180] 2017051500.01, referer: http://117.2.128.106/course/view.php?id=4&lang=vi
[Sun Jun 11 11:12:47.503682 2017] [:error] [pid 4076:tid 1632] [client 117.2.128.71:3207] 2017051500.01, referer: http://117.2.128.106/mod/quiz/view.php?id=11
[Sun Jun 11 11:13:58.265407 2017] [:error] [pid 4076:tid 1632] [client 113.160.248.219:40719] 2017051500.01, referer: http://117.2.128.106/
[Sun Jun 11 11:14:02.945415 2017] [:error] [pid 4076:tid 1632] [client 117.3.101.146:40731] 2017051500.01, referer: http://117.2.128.106/login/index.php
[Sun Jun 11 11:14:16.018238 2017] [:error] [pid 4076:tid 1632] [client 113.160.248.219:53992] 2017051500.01, referer: http://117.2.128.106/
[Sun Jun 11 11:14:22.866650 2017] [:error] [pid 4076:tid 1632] [client 113.160.248.219:53999] 2017051500.01, referer: http://117.2.128.106/course/view.php?id=4
[Sun Jun 11 11:15:17.965947 2017] [:error] [pid 4076:tid 1632] [client 117.3.67.92:44047] 2017051500.01, referer: http://117.2.128.106/mod/quiz/view.php?id=11
[Sun Jun 11 11:16:18.634453 2017] [:error] [pid 4076:tid 1604] [client 117.3.101.146:41230] 2017051500.01, referer: http://117.2.128.106/mod/quiz/view.php?id=11
[Sun Jun 11 11:16:29.991273 2017] [:error] [pid 4076:tid 1604] [client 117.2.128.71:3224] 2017051500.01, referer: http://117.2.128.106/mod/quiz/review.php?attempt=7
[Sun Jun 11 11:16:36.652485 2017] [:error] [pid 4076:tid 1604] [client 117.2.128.71:3234] 2017051500.01, referer: http://117.2.128.106/login/index.php
[Sun Jun 11 11:16:36.933285 2017] [:error] [pid 4076:tid 1632] [client 117.2.128.71:3235] 2017051500.01, referer: http://117.2.128.106/login/index.php
[Sun Jun 11 11:16:44.514899 2017] [:error] [pid 4076:tid 1604] [client 117.2.128.71:3236] 2017051500.01, referer: http://117.2.128.106/login/index.php
[Sun Jun 11 11:16:58.648523 2017] [:error] [pid 4076:tid 1604] [client 117.2.128.71:3239] 2017051500.01, referer: http://117.2.128.106/mod/quiz/view.php?id=11
[Sun Jun 11 11:17:09.116142 2017] [:error] [pid 4076:tid 1604] [client 117.2.128.71:3241] 2017051500.01, referer: http://117.2.128.106/user/profile.php?id=5
[Sun Jun 11 11:17:12.095747 2017] [:error] [pid 4076:tid 1604] [client 117.2.128.71:3241] 2017051500.01, referer: http://117.2.128.106/
[Sun Jun 11 11:17:22.688166 2017] [:error] [pid 4076:tid 1604] [client 117.2.128.71:3243] 2017051500.01, referer: http://117.2.128.106/?lang=vi
[Sun Jun 11 11:17:27.102973 2017] [:error] [pid 4076:tid 1604] [client 117.2.128.71:3243] 2017051500.01, referer: http://117.2.128.106/course/view.php?id=4
[Sun Jun 11 11:17:27.399374 2017] [:error] [pid 4076:tid 1632] [client 117.3.67.92:54506] 2017051500.01, referer: http://117.2.128.106/mod/quiz/attempt.php?attempt=15
[Sun Jun 11 11:17:32.734583 2017] [:error] [pid 4076:tid 1604] [client 117.2.128.71:3243] 2017051500.01, referer: http://117.2.128.106/mod/quiz/view.php?id=11
[Sun Jun 11 11:17:33.764185 2017] [:error] [pid 4076:tid 1612] [client 117.3.67.92:54517] 2017051500.01, referer: http://117.2.128.106/login/index.php
[Sun Jun 11 11:17:49.785413 2017] [:error] [pid 4076:tid 1604] [client 117.2.128.71:3252] Cannot find session record coo10635tmhcofqj2r9gle0ud4 for user 5, creating new session., referer: http://117.2.128.106/mod/quiz/attempt.php?attempt=15
[Sun Jun 11 11:17:49.957014 2017] [:error] [pid 4076:tid 1604] [client 117.2.128.71:3252] 2017051500.01, referer: http://117.2.128.106/mod/quiz/attempt.php?attempt=15
[Sun Jun 11 11:17:58.443428 2017] [:error] [pid 4076:tid 1604] [client 117.2.128.71:3254] 2017051500.01, referer: http://117.2.128.106/login/index.php
[Sun Jun 11 11:17:58.677429 2017] [:error] [pid 4076:tid 1632] [client 113.160.248.219:44443] 2017051500.01, referer: http://117.2.128.106/mod/quiz/processattempt.php
[Sun Jun 11 11:18:03.638238 2017] [:error] [pid 4076:tid 1632] [client 117.3.101.146:41433] 2017051500.01, referer: http://117.2.128.106/
[Sun Jun 11 11:18:07.132644 2017] [:error] [pid 4076:tid 1632] [client 113.160.248.219:54635] 2017051500.01, referer: http://117.2.128.106/login/index.php
[Sun Jun 11 11:18:12.811054 2017] [:error] [pid 4076:tid 1604] [client 117.2.128.71:3258] 2017051500.01, referer: http://117.2.128.106/mod/quiz/processattempt.php
[Sun Jun 11 11:18:16.960661 2017] [:error] [pid 4076:tid 1604] [client 117.2.128.71:3258] 2017051500.01, referer: http://117.2.128.106/?
[Sun Jun 11 11:18:19.066665 2017] [:error] [pid 4076:tid 1632] [client 117.3.67.92:54641] 2017051500.01, referer: http://117.2.128.106/
[Sun Jun 11 11:18:23.387872 2017] [:error] [pid 4076:tid 1604] [client 117.2.128.71:3258] 2017051500.01, referer: http://117.2.128.106/login/index.php
[Sun Jun 11 11:18:30.127084 2017] [:error] [pid 4076:tid 1632] [client 117.3.101.146:41495] 2017051500.01, referer: http://117.2.128.106/course/view.php?id=4
[Sun Jun 11 11:18:33.886691 2017] [:error] [pid 4076:tid 1604] [client 117.3.67.92:54696] 2017051500.01, referer: http://117.2.128.106/login/index.php
[Sun Jun 11 11:18:37.537097 2017] [:error] [pid 4076:tid 1604] [client 117.2.128.71:3261] 2017051500.01, referer: http://117.2.128.106/?
[Sun Jun 11 11:18:40.594702 2017] [:error] [pid 4076:tid 1604] [client 117.2.128.71:3261] 2017051500.01, referer: http://117.2.128.106/?lang=vi
[Sun Jun 11 11:18:46.819113 2017] [:error] [pid 4076:tid 1604] [client 113.160.248.219:54711] 2017051500.01, referer: http://117.2.128.106/mod/quiz/view.php?id=11
[Sun Jun 11 11:18:51.483522 2017] [:error] [pid 4076:tid 1604] [client 113.160.248.219:44547] 2017051500.01, referer: http://117.2.128.106/mod/quiz/attempt.php?attempt=15
[Sun Jun 11 11:18:55.617529 2017] [:error] [pid 4076:tid 1604] [client 117.3.101.146:41523] 2017051500.01, referer: http://117.2.128.106/mod/quiz/attempt.php?attempt=15&page=1
[Sun Jun 11 11:18:58.987135 2017] [:error] [pid 4076:tid 1604] [client 113.160.248.219:41530] 2017051500.01, referer: http://117.2.128.106/mod/quiz/attempt.php?attempt=15&page=2
[Sun Jun 11 11:19:02.621941 2017] [:error] [pid 4076:tid 1604] [client 117.3.67.92:44561] 2017051500.01, referer: http://117.2.128.106/mod/quiz/attempt.php?attempt=15&page=3
[Sun Jun 11 11:19:06.537548 2017] [:error] [pid 4076:tid 1604] [client 117.3.101.146:41537] 2017051500.01, referer: http://117.2.128.106/mod/quiz/attempt.php?attempt=15&page=4
[Sun Jun 11 11:19:10.234755 2017] [:error] [pid 4076:tid 1604] [client 113.160.248.219:54737] 2017051500.01, referer: http://117.2.128.106/mod/quiz/attempt.php?attempt=15&page=5
[Sun Jun 11 11:19:13.245560 2017] [:error] [pid 4076:tid 1604] [client 113.160.248.219:54743] 2017051500.01, referer: http://117.2.128.106/mod/quiz/attempt.php?attempt=15&page=6
[Sun Jun 11 11:19:16.786766 2017] [:error] [pid 4076:tid 1604] [client 113.160.248.219:44600] 2017051500.01, referer: http://117.2.128.106/mod/quiz/attempt.php?attempt=15&page=7
[Sun Jun 11 11:19:20.421572 2017] [:error] [pid 4076:tid 1604] [client 117.3.101.146:44605] 2017051500.01, referer: http://117.2.128.106/mod/quiz/attempt.php?attempt=15&page=8
[Sun Jun 11 11:19:24.633580 2017] [:error] [pid 4076:tid 1604] [client 117.3.67.92:44617] 2017051500.01, referer: http://117.2.128.106/mod/quiz/attempt.php?attempt=15&page=9
[Sun Jun 11 11:22:19.041886 2017] [:error] [pid 4076:tid 1604] [client 117.3.101.146:44736] 2017051500.01, referer: http://117.2.128.106/mod/quiz/summary.php?attempt=15
[Sun Jun 11 11:22:25.671898 2017] [:error] [pid 4076:tid 1604] [client 113.160.248.219:44742] 2017051500.01, referer: http://117.2.128.106/mod/quiz/review.php?attempt=15
[Sun Jun 11 11:23:20.100393 2017] [:error] [pid 4076:tid 1604] [client 113.160.248.219:44787] 2017051500.01, referer: http://117.2.128.106/mod/quiz/review.php?attempt=15
[Sun Jun 11 11:23:25.950404 2017] [:error] [pid 4076:tid 1604] [client 113.160.248.219:54959] 2017051500.01, referer: http://117.2.128.106/mod/quiz/view.php?id=11
[Sun Jun 11 11:24:10.004881 2017] [:error] [pid 4076:tid 1604] [client 113.160.248.219:44807] 2017051500.01, referer: http://117.2.128.106/mod/quiz/attempt.php?attempt=16
[Sun Jun 11 11:26:27.285122 2017] [:error] [pid 4076:tid 1604] [client 195.154.252.42:50234] 2017051500.01, referer: http://117.2.128.106/
[Sun Jun 11 11:32:54.571402 2017] [:error] [pid 4076:tid 1604] [client 195.154.233.33:56847] 2017051500.01, referer: http://117.2.128.106/
[Sun Jun 11 11:39:40.265715 2017] [:error] [pid 4076:tid 1604] [client 118.68.186.184:51270] 2017051500.01
[Sun Jun 11 11:39:50.421333 2017] [:error] [pid 4076:tid 1612] [client 118.68.186.184:51272] 2017051500.01, referer: http://117.2.128.106/
[Sun Jun 11 11:40:32.401007 2017] [:error] [pid 4076:tid 1612] [client 118.68.186.184:51283] 2017051500.01, referer: http://117.2.128.106/login/index.php
[Sun Jun 11 11:40:51.214640 2017] [:error] [pid 4076:tid 1612] [client 118.68.186.184:51342] 2017051500.01, referer: http://117.2.128.106/login/index.php
[Sun Jun 11 11:41:56.797155 2017] [:error] [pid 4076:tid 1612] [client 118.68.186.184:51421] 2017051500.01, referer: http://117.2.128.106/
[Sun Jun 11 11:42:00.775162 2017] [:error] [pid 4076:tid 1612] [client 118.68.186.184:51421] 2017051500.01, referer: http://117.2.128.106/?lang=vi
[Sun Jun 11 11:42:08.715576 2017] [:error] [pid 4076:tid 1612] [client 118.68.186.184:51424] 2017051500.01, referer: http://117.2.128.106/course/view.php?id=4
[Sun Jun 11 11:42:18.761993 2017] [:error] [pid 4076:tid 1612] [client 118.68.186.184:51427] 2017051500.01, referer: http://117.2.128.106/mod/quiz/view.php?id=11
[Sun Jun 11 11:42:45.406840 2017] [:error] [pid 4076:tid 1612] [client 118.68.186.184:51435] 2017051500.01, referer: http://117.2.128.106/mod/quiz/startattempt.php
[Sun Jun 11 11:43:07.231278 2017] [:error] [pid 4076:tid 1612] [client 118.68.186.184:51468] 2017051500.01, referer: http://117.2.128.106/mod/quiz/attempt.php?attempt=17
[Sun Jun 11 11:43:09.898883 2017] [:error] [pid 4076:tid 1612] [client 118.68.186.184:51468] 2017051500.01, referer: http://117.2.128.106/mod/quiz/attempt.php?attempt=17&page=9
[Sun Jun 11 11:44:00.208972 2017] [:error] [pid 4076:tid 1612] [client 118.68.186.184:51475] 2017051500.01, referer: http://117.2.128.106/mod/quiz/summary.php?attempt=17
[Sun Jun 11 11:44:36.666236 2017] [:error] [pid 4076:tid 1612] [client 118.68.186.184:51555] 2017051500.01
[Sun Jun 11 11:44:39.989041 2017] [:error] [pid 4076:tid 1612] [client 118.68.186.184:51555] 2017051500.01, referer: http://117.2.128.106/
[Sun Jun 11 11:44:49.848259 2017] [:error] [pid 4076:tid 1568] [client 118.68.186.184:51573] 2017051500.01, referer: http://117.2.128.106/login/index.php
[Sun Jun 11 11:44:52.952664 2017] [:error] [pid 4076:tid 1568] [client 118.68.186.184:51573] 2017051500.01, referer: http://117.2.128.106/
[Sun Jun 11 11:45:02.749481 2017] [:error] [pid 4076:tid 1568] [client 118.68.186.184:51580] 2017051500.01, referer: http://117.2.128.106/course/view.php?id=4
[Sun Jun 11 11:45:10.487095 2017] [:error] [pid 4076:tid 1624] [client 118.68.186.184:51584] 2017051500.01, referer: http://117.2.128.106/course/view.php?id=4&notifyeditingon=1
[Sun Jun 11 11:45:33.419135 2017] [:error] [pid 4076:tid 1612] [client 118.68.186.184:51594] 2017051500.01, referer: http://117.2.128.106/course/modedit.php?update=11&return=0&sr=0
[Sun Jun 11 11:50:16.356832 2017] [:error] [pid 4076:tid 1612] [client 123.249.27.213:4126] 2017051500.01
[Sun Jun 11 11:54:46.252906 2017] [:error] [pid 4076:tid 1612] [client 81.35.179.245:43696] 2017051500.01
[Sun Jun 11 12:08:39.013569 2017] [:error] [pid 4076:tid 1632] [client 14.174.210.38:58571] 2017051500.01
[Sun Jun 11 12:08:41.946374 2017] [:error] [pid 4076:tid 1568] [client 14.174.210.38:58579] 2017051500.01
[Sun Jun 11 12:08:46.470382 2017] [:error] [pid 4076:tid 1580] [client 14.174.210.38:58584] 2017051500.01
[Sun Jun 11 12:08:51.587191 2017] [:error] [pid 4076:tid 1604] [client 14.174.210.38:58587] 2017051500.01
[Sun Jun 11 12:08:57.000401 2017] [:error] [pid 4076:tid 1604] [client 14.174.210.38:58589] 2017051500.01
[Sun Jun 11 13:14:36.444120 2017] [:error] [pid 4076:tid 1604] [client 104.222.67.56:38114] 2017051500.01
[Sun Jun 11 14:22:44.821301 2017] [:error] [pid 4076:tid 1612] [client 120.14.138.159:39283] 2017051500.01
[Sun Jun 11 15:04:27.018896 2017] [:error] [pid 4076:tid 1632] [client 116.103.107.145:64062] 2017051500.01, referer: https://www.facebook.com/
[Sun Jun 11 15:04:28.469698 2017] [:error] [pid 4076:tid 1620] [client 69.63.188.107:51502] 2017051500.01
[Sun Jun 11 15:04:34.709709 2017] [:error] [pid 4076:tid 1580] [client 116.103.107.145:64063] 2017051500.01, referer: http://117.2.128.106/
[Sun Jun 11 15:04:57.782150 2017] [:error] [pid 4076:tid 1580] [client 116.103.107.145:64069] 2017051500.01, referer: https://www.facebook.com/
[Sun Jun 11 15:05:02.540158 2017] [:error] [pid 4076:tid 1580] [client 116.103.107.145:64069] 2017051500.01, referer: http://117.2.128.106/
[Sun Jun 11 15:05:07.422966 2017] [:error] [pid 4076:tid 1580] [client 116.103.107.145:64069] 2017051500.01, referer: http://117.2.128.106/login/index.php
[Sun Jun 11 15:05:25.690599 2017] [:error] [pid 4076:tid 1580] [client 116.103.107.145:64076] 2017051500.01, referer: http://117.2.128.106/login/index.php
[Sun Jun 11 15:05:28.202203 2017] [:error] [pid 4076:tid 1580] [client 116.103.107.145:64076] 2017051500.01, referer: http://117.2.128.106/user/profile.php?id=6
[Sun Jun 11 15:05:44.161031 2017] [:error] [pid 4076:tid 1580] [client 116.103.107.145:64082] 2017051500.01, referer: http://117.2.128.106/login/index.php
[Sun Jun 11 15:05:48.685039 2017] [:error] [pid 4076:tid 1580] [client 116.103.107.145:64082] 2017051500.01, referer: http://117.2.128.106/login/forgot_password.php
[Sun Jun 11 15:05:57.592655 2017] [:error] [pid 4076:tid 1580] [client 116.103.107.145:64086] 2017051500.01, referer: http://117.2.128.106/login/forgot_password.php
[Sun Jun 11 15:08:45.246149 2017] [:error] [pid 4076:tid 1580] [client 116.103.107.145:64105] 2017051500.01, referer: https://www.facebook.com/
[Sun Jun 11 15:08:55.464167 2017] [:error] [pid 4076:tid 1604] [client 116.103.107.145:64113] 2017051500.01, referer: http://117.2.128.106/
[Sun Jun 11 15:09:10.658594 2017] [:error] [pid 4076:tid 1604] [client 116.103.107.145:64114] 2017051500.01, referer: http://117.2.128.106/login/index.php
[Sun Jun 11 15:09:20.346211 2017] [:error] [pid 4076:tid 1604] [client 116.103.107.145:64116] 2017051500.01, referer: http://117.2.128.106/login/index.php
[Sun Jun 11 15:09:34.869836 2017] [:error] [pid 4076:tid 1604] [client 116.103.107.145:64117] 2017051500.01, referer: http://117.2.128.106/login/forgot_password.php
[Sun Jun 11 15:11:42.088060 2017] [:error] [pid 4076:tid 1620] [client 66.102.6.83:35621] 2017051500.01
[Sun Jun 11 15:11:42.290860 2017] [:error] [pid 4076:tid 1584] [client 66.102.6.84:49128] 2017051500.01
[Sun Jun 11 15:11:43.008461 2017] [:error] [pid 4076:tid 1632] [client 66.102.7.220:37736] 2017051500.01, referer: http://www.google.com/search
[Sun Jun 11 17:59:31.624946 2017] [:error] [pid 4076:tid 1636] [client 27.70.130.182:63020] 2017051500.01
[Sun Jun 11 18:00:07.380209 2017] [:error] [pid 4076:tid 1548] [client 27.70.130.182:63054] 2017051500.01
[Sun Jun 11 18:17:43.860864 2017] [:error] [pid 4076:tid 1600] [client 139.162.114.70:39786] 2017051500.01
[Sun Jun 11 18:52:16.480505 2017] [:error] [pid 4076:tid 1600] [client 212.86.115.69:52833] 2017051500.01, referer: http://117.2.128.106/
[Sun Jun 11 19:15:57.752201 2017] [:error] [pid 4076:tid 1600] [client 93.170.169.18:64299] 2017051500.01, referer: http://117.2.128.106/
[Sun Jun 11 20:58:31.510610 2017] [:error] [pid 4076:tid 1600] [client 195.154.252.42:58427] 2017051500.01, referer: http://117.2.128.106/
[Sun Jun 11 20:58:31.978610 2017] [:error] [pid 4076:tid 1552] [client 195.154.233.33:61744] 2017051500.01, referer: http://117.2.128.106/
[Sun Jun 11 21:19:34.364028 2017] [:error] [pid 4076:tid 1632] [client 23.99.101.118:2601] 2017051500.01
[Sun Jun 11 21:19:34.551228 2017] [:error] [pid 4076:tid 1636] [client 23.99.101.118:29249] 2017051500.01
[Sun Jun 11 21:19:34.707228 2017] [:error] [pid 4076:tid 1596] [client 23.99.101.118:1913] 2017051500.01
[Sun Jun 11 21:38:59.155673 2017] [:error] [pid 4076:tid 1556] [client 94.228.142.55:12983] 2017051500.01, referer: http://baolh.mrdevnet.com
[Sun Jun 11 21:39:19.981710 2017] [:error] [pid 4076:tid 1596] [client 104.196.196.40:43898] 2017051500.01
[Sun Jun 11 21:39:22.742915 2017] [:error] [pid 4076:tid 1632] [client 142.4.218.201:61575] 2017051500.01
[Mon Jun 12 01:32:01.647432 2017] [:error] [pid 4076:tid 1616] [client 198.20.69.74:38930] 2017051500.01
[Mon Jun 12 01:39:57.775869 2017] [:error] [pid 4076:tid 1616] [client 41.42.64.9:49959] script 'C:/server/moodle/wp-login.php' not found or unable to stat
[Mon Jun 12 02:49:19.298462 2017] [:error] [pid 4076:tid 1616] [client 80.252.154.233:51991] 2017051500.01, referer: http://117.2.128.106/
[Mon Jun 12 02:55:30.282714 2017] [:error] [pid 4076:tid 1616] [client 103.246.244.55:58090] 2017051500.01
[Mon Jun 12 03:49:12.639974 2017] [:error] [pid 4076:tid 1616] [client 195.154.252.42:50301] 2017051500.01, referer: http://117.2.128.106/
[Mon Jun 12 03:49:12.795974 2017] [:error] [pid 4076:tid 1596] [client 195.154.233.33:62763] 2017051500.01, referer: http://117.2.128.106/
[Mon Jun 12 05:24:29.613215 2017] [:error] [pid 4076:tid 1556] [client 118.68.186.184:52359] 2017051500.01
[Mon Jun 12 05:27:49.839567 2017] [:error] [pid 4076:tid 1556] [client 118.68.186.184:52535] 2017051500.01
[Mon Jun 12 05:27:53.255973 2017] [:error] [pid 4076:tid 1556] [client 118.68.186.184:52535] 2017051500.01, referer: http://117.2.128.106/
[Mon Jun 12 05:28:04.831193 2017] [:error] [pid 4076:tid 1632] [client 118.68.186.184:52540] 2017051500.01, referer: http://117.2.128.106/login/index.php
[Mon Jun 12 05:28:41.382057 2017] [:error] [pid 4076:tid 1632] [client 118.68.186.184:52545] 2017051500.01, referer: http://117.2.128.106/
[Mon Jun 12 05:35:41.459595 2017] [:error] [pid 4076:tid 1632] [client 118.68.186.184:52627] 2017051500.01, referer: http://117.2.128.106/admin/settings.php?section=themesettingcontemporary
[Mon Jun 12 05:35:49.010008 2017] [:error] [pid 4076:tid 1596] [client 118.68.186.184:52629] 2017051500.01, referer: http://117.2.128.106/admin/settings.php?section=themesettingcontemporary
[Mon Jun 12 05:36:45.638108 2017] [:error] [pid 4076:tid 1596] [client 118.68.186.184:52698] 2017051500.01
[Mon Jun 12 05:36:50.474116 2017] [:error] [pid 4076:tid 1616] [client 118.68.186.184:52702] 2017051500.01, referer: http://117.2.128.106/
[Mon Jun 12 05:37:02.766938 2017] [:error] [pid 4076:tid 1556] [client 118.68.186.184:52708] 2017051500.01, referer: http://117.2.128.106/login/index.php
[Mon Jun 12 05:37:26.837780 2017] [:error] [pid 4076:tid 1556] [client 118.68.186.184:52718] 2017051500.01, referer: http://117.2.128.106/
[Mon Jun 12 05:37:33.186991 2017] [:error] [pid 4076:tid 1636] [client 118.68.186.184:52725] 2017051500.01, referer: http://117.2.128.106/course/view.php?id=4
[Mon Jun 12 05:37:46.915015 2017] [:error] [pid 4076:tid 1596] [client 118.68.186.184:52729] 2017051500.01, referer: http://117.2.128.106/mod/quiz/view.php?id=11
[Mon Jun 12 05:37:50.737022 2017] [:error] [pid 4076:tid 1596] [client 118.68.186.184:52729] 2017051500.01, referer: http://117.2.128.106/course/view.php?id=4
[Mon Jun 12 05:37:55.791431 2017] [:error] [pid 4076:tid 1596] [client 118.68.186.184:52729] 2017051500.01, referer: http://117.2.128.106/course/view.php?id=4&lang=vi
[Mon Jun 12 05:39:51.325234 2017] [:error] [pid 4076:tid 1596] [client 118.68.186.184:52772] 2017051500.01, referer: http://117.2.128.106/
[Mon Jun 12 05:40:01.324852 2017] [:error] [pid 4076:tid 1596] [client 118.68.186.184:52775] 2017051500.01, referer: http://117.2.128.106/admin/category.php?category=language
[Mon Jun 12 05:40:07.705263 2017] [:error] [pid 4076:tid 1596] [client 118.68.186.184:52775] 2017051500.01, referer: http://117.2.128.106/admin/tool/customlang/index.php
[Mon Jun 12 05:40:10.341667 2017] [:error] [pid 4076:tid 1596] [client 118.68.186.184:52775] 2017051500.01, referer: http://117.2.128.106/admin/tool/customlang/index.php?lng=vi
[Mon Jun 12 05:40:21.168086 2017] [:error] [pid 4076:tid 1596] [client 118.68.186.184:52775] 2017051500.01, referer: http://117.2.128.106/admin/tool/customlang/index.php
[Mon Jun 12 05:40:50.761338 2017] [:error] [pid 4076:tid 1636] [client 118.68.186.184:52782] 2017051500.01, referer: http://117.2.128.106/admin/tool/customlang/edit.php?lng=vi
[Mon Jun 12 05:41:41.570628 2017] [:error] [pid 4076:tid 1636] [client 118.68.186.184:52787] 2017051500.01, referer: http://117.2.128.106/admin/tool/customlang/edit.php?lng=vi&p=0
[Mon Jun 12 05:46:07.192294 2017] [:error] [pid 4076:tid 1636] [client 118.68.186.184:52805] 2017051500.01, referer: http://117.2.128.106/admin/tool/customlang/edit.php?lng=vi&p=0
[Mon Jun 12 05:46:13.884706 2017] [:error] [pid 4076:tid 1636] [client 118.68.186.184:52805] 2017051500.01, referer: http://117.2.128.106/admin/tool/customlang/edit.php?lng=vi&p=0
[Mon Jun 12 05:51:42.795684 2017] [:error] [pid 4076:tid 1636] [client 118.68.186.184:52817] 2017051500.01, referer: http://117.2.128.106/admin/tool/customlang/edit.php?lng=vi&p=1
[Mon Jun 12 05:52:39.688984 2017] [:error] [pid 4076:tid 1636] [client 118.68.186.184:52821] 2017051500.01, referer: http://117.2.128.106/admin/tool/customlang/edit.php?lng=vi&p=2
[Mon Jun 12 05:52:50.593403 2017] [:error] [pid 4076:tid 1636] [client 118.68.186.184:52824] 2017051500.01, referer: http://117.2.128.106/admin/tool/customlang/edit.php?lng=vi&p=2
[Mon Jun 12 05:53:02.995424 2017] [:error] [pid 4076:tid 1596] [client 118.68.186.184:52828] 2017051500.01, referer: http://117.2.128.106/admin/tool/customlang/index.php?action=checkin&lng=vi&sesskey=zRdjaBf9Di
[Mon Jun 12 05:53:12.573841 2017] [:error] [pid 4076:tid 1636] [client 118.68.186.184:52830] 2017051500.01, referer: http://117.2.128.106/mod/quiz/view.php?id=11
[Mon Jun 12 05:53:21.731057 2017] [:error] [pid 4076:tid 1636] [client 118.68.186.184:52838] 2017051500.01, referer: http://117.2.128.106/mod/quiz/attempt.php?attempt=18
[Mon Jun 12 05:53:25.241064 2017] [:error] [pid 4076:tid 1636] [client 118.68.186.184:52838] 2017051500.01, referer: http://117.2.128.106/mod/quiz/attempt.php?attempt=18&page=1
[Mon Jun 12 05:53:27.815068 2017] [:error] [pid 4076:tid 1636] [client 118.68.186.184:52838] 2017051500.01, referer: http://117.2.128.106/mod/quiz/attempt.php?attempt=18&page=9
[Mon Jun 12 05:53:48.750305 2017] [:error] [pid 4076:tid 1636] [client 118.68.186.184:52841] 2017051500.01, referer: http://117.2.128.106/admin/tool/customlang/index.php
[Mon Jun 12 05:53:51.636310 2017] [:error] [pid 4076:tid 1636] [client 118.68.186.184:52841] 2017051500.01, referer: http://117.2.128.106/admin/tool/customlang/index.php?lng=vi
[Mon Jun 12 05:54:09.638742 2017] [:error] [pid 4076:tid 1636] [client 118.68.186.184:52843] 2017051500.01, referer: http://117.2.128.106/admin/tool/customlang/index.php
[Mon Jun 12 05:54:23.834766 2017] [:error] [pid 4076:tid 1636] [client 118.68.186.184:52847] 2017051500.01, referer: http://117.2.128.106/admin/tool/customlang/edit.php?lng=vi
[Mon Jun 12 05:55:33.800889 2017] [:error] [pid 4076:tid 1636] [client 118.68.186.184:52852] 2017051500.01, referer: http://117.2.128.106/admin/tool/customlang/edit.php?lng=vi&p=0
[Mon Jun 12 05:55:39.416899 2017] [:error] [pid 4076:tid 1596] [client 118.68.186.184:52854] 2017051500.01, referer: http://117.2.128.106/mod/quiz/summary.php?attempt=18
[Mon Jun 12 05:55:49.088916 2017] [:error] [pid 4076:tid 1596] [client 118.68.186.184:52859] 2017051500.01, referer: http://117.2.128.106/mod/quiz/attempt.php
[Mon Jun 12 05:56:08.448550 2017] [:error] [pid 4076:tid 1596] [client 118.68.186.184:52862] 2017051500.01, referer: http://117.2.128.106/admin/tool/customlang/edit.php?lng=vi&p=0
[Mon Jun 12 05:56:20.320171 2017] [:error] [pid 4076:tid 1596] [client 118.68.186.184:52862] 2017051500.01, referer: http://117.2.128.106/admin/tool/customlang/index.php?action=checkin&lng=vi&sesskey=zRdjaBf9Di
[Mon Jun 12 05:57:32.002297 2017] [:error] [pid 4076:tid 1596] [client 118.68.186.184:52871] 2017051500.01, referer: http://117.2.128.106/mod/quiz/attempt.php?attempt=18
[Mon Jun 12 06:00:28.813007 2017] [:error] [pid 4076:tid 1636] [client 118.68.186.184:52919] 2017051500.01, referer: http://117.2.128.106/
[Mon Jun 12 06:00:30.747411 2017] [:error] [pid 4076:tid 1636] [client 118.68.186.184:52919] 2017051500.01, referer: http://117.2.128.106/
[Mon Jun 12 06:00:50.247445 2017] [:error] [pid 4076:tid 1636] [client 118.68.186.184:52926] 2017051500.01, referer: http://117.2.128.106/login/index.php
[Mon Jun 12 06:05:27.459932 2017] [:error] [pid 4076:tid 1636] [client 118.68.186.184:52939] 2017051500.01, referer: http://117.2.128.106/
[Mon Jun 12 06:06:04.431997 2017] [:error] [pid 4076:tid 1636] [client 118.68.186.184:52944] 2017051500.01, referer: http://117.2.128.106/course/view.php?id=4
[Mon Jun 12 06:06:14.275614 2017] [:error] [pid 4076:tid 1636] [client 118.68.186.184:52947] 2017051500.01, referer: http://117.2.128.106/mod/quiz/view.php?id=11
[Mon Jun 12 06:06:20.234825 2017] [:error] [pid 4076:tid 1636] [client 118.68.186.184:52947] 2017051500.01, referer: http://117.2.128.106/mod/quiz/startattempt.php
[Mon Jun 12 06:06:23.557631 2017] [:error] [pid 4076:tid 1636] [client 118.68.186.184:52947] 2017051500.01, referer: http://117.2.128.106/course/view.php?id=4
[Mon Jun 12 06:07:52.134586 2017] [:error] [pid 4076:tid 1636] [client 118.68.186.184:52968] 2017051500.01, referer: http://117.2.128.106/admin/tool/customlang/index.php
[Mon Jun 12 06:08:10.059018 2017] [:error] [pid 4076:tid 1636] [client 118.68.186.184:52972] 2017051500.01, referer: http://117.2.128.106/
[Mon Jun 12 06:08:40.650671 2017] [:error] [pid 4076:tid 1596] [client 118.68.186.184:52980] 2017051500.01, referer: http://117.2.128.106/admin/category.php?category=appearance
[Mon Jun 12 06:10:02.270015 2017] [:error] [pid 4076:tid 1596] [client 118.68.186.184:52987] 2017051500.01, referer: http://117.2.128.106/admin/settings.php?section=themesettingcontemporary
[Mon Jun 12 06:10:48.524096 2017] [:error] [pid 4076:tid 1596] [client 118.68.186.184:52988] 2017051500.01, referer: http://117.2.128.106/admin/settings.php?section=themesettingcontemporary
[Mon Jun 12 07:52:31.598015 2017] [:error] [pid 4076:tid 1596] [client 117.2.128.71:9970] 2017051500.01
[Mon Jun 12 07:54:14.948197 2017] [:error] [pid 4076:tid 1632] [client 117.2.128.71:10051] 2017051500.01, referer: http://117.2.128.106/
[Mon Jun 12 07:56:25.801227 2017] [:error] [pid 4076:tid 1632] [client 117.2.128.71:10116] 2017051500.01
[Mon Jun 12 08:00:02.142407 2017] [:error] [pid 4076:tid 1616] [client 117.2.128.71:10210] 2017051500.01, referer: http://117.2.128.106/
[Mon Jun 12 08:01:49.392595 2017] [:error] [pid 4076:tid 1616] [client 117.2.128.71:10236] 2017051500.01, referer: http://117.2.128.106/login/index.php
[Mon Jun 12 08:01:56.443808 2017] [:error] [pid 4076:tid 1616] [client 117.2.128.71:10241] 2017051500.01, referer: http://117.2.128.106/login/index.php
[Mon Jun 12 08:02:15.241841 2017] [:error] [pid 4076:tid 1616] [client 117.2.128.71:10245] [client 117.2.128.71]  http://117.2.128.106  Disabled Login:  duong.nguyenxuan  Mozilla/5.0 (Windows NT 10.0; Win64; x64) AppleWebKit/537.36 (KHTML, like Gecko) Chrome/58.0.3029.110 Safari/537.36, referer: http://117.2.128.106/login/index.php
[Mon Jun 12 08:02:15.319841 2017] [:error] [pid 4076:tid 1616] [client 117.2.128.71:10245] 2017051500.01, referer: http://117.2.128.106/login/index.php
[Mon Jun 12 08:02:21.559852 2017] [:error] [pid 4076:tid 1616] [client 117.2.128.71:10245] 2017051500.01, referer: http://117.2.128.106/login/index.php
[Mon Jun 12 08:02:24.024656 2017] [:error] [pid 4076:tid 1616] [client 117.2.128.71:10245] 2017051500.01, referer: http://117.2.128.106/
[Mon Jun 12 08:02:30.888668 2017] [:error] [pid 4076:tid 1616] [client 117.2.128.71:10252] 2017051500.01, referer: http://117.2.128.106/enrol/index.php?id=4
[Mon Jun 12 08:02:32.417471 2017] [:error] [pid 4076:tid 1616] [client 117.2.128.71:10252] 2017051500.01, referer: http://117.2.128.106/user/profile.php?id=6
[Mon Jun 12 08:06:42.688710 2017] [:error] [pid 4076:tid 1616] [client 117.2.128.71:10319] 2017051500.01, referer: http://117.2.128.106/login/index.php
[Mon Jun 12 08:07:02.063944 2017] [:error] [pid 4076:tid 1532] [client 117.2.128.71:10337] 2017051500.01, referer: http://117.2.128.106/course/view.php?id=4
[Mon Jun 12 08:07:36.150004 2017] [:error] [pid 4076:tid 1532] [client 117.2.128.71:10348] 2017051500.01, referer: http://117.2.128.106/course/view.php?id=4&lang=vi
[Mon Jun 12 08:10:58.435559 2017] [:error] [pid 4076:tid 1532] [client 117.2.128.71:10393] 2017051500.01, referer: http://117.2.128.106/mod/quiz/view.php?id=11
[Mon Jun 12 08:11:08.294777 2017] [:error] [pid 4076:tid 1532] [client 117.2.128.71:10402] 2017051500.01, referer: http://117.2.128.106/
[Mon Jun 12 08:11:13.754786 2017] [:error] [pid 4076:tid 1532] [client 117.2.128.71:10402] 2017051500.01, referer: http://117.2.128.106/course/view.php?id=4
[Mon Jun 12 08:13:34.389033 2017] [:error] [pid 4076:tid 1532] [client 117.2.128.71:10471] 2017051500.01, referer: http://117.2.128.106/mod/quiz/view.php?id=11
[Mon Jun 12 08:13:40.036243 2017] [:error] [pid 4076:tid 1532] [client 117.2.128.71:10471] 2017051500.01, referer: http://117.2.128.106/
[Mon Jun 12 08:13:46.947055 2017] [:error] [pid 4076:tid 1532] [client 117.2.128.71:10474] [client 117.2.128.71]  http://117.2.128.106  Disabled Login:  duong.nguyenxuan  Mozilla/5.0 (Windows NT 10.0; Win64; x64) AppleWebKit/537.36 (KHTML, like Gecko) Chrome/58.0.3029.110 Safari/537.36, referer: http://117.2.128.106/login/index.php
[Mon Jun 12 08:13:47.025056 2017] [:error] [pid 4076:tid 1532] [client 117.2.128.71:10474] 2017051500.01, referer: http://117.2.128.106/login/index.php
[Mon Jun 12 08:13:55.027870 2017] [:error] [pid 4076:tid 1532] [client 117.2.128.71:10478] 2017051500.01, referer: http://117.2.128.106/login/index.php
[Mon Jun 12 08:14:05.292688 2017] [:error] [pid 4076:tid 1532] [client 117.2.128.71:10481] 2017051500.01, referer: http://117.2.128.106/login/index.php
[Mon Jun 12 08:15:44.087661 2017] [:error] [pid 4076:tid 1532] [client 117.2.128.71:10502] 2017051500.01, referer: http://117.2.128.106/login/index.php
[Mon Jun 12 08:15:51.138874 2017] [:error] [pid 4076:tid 1532] [client 117.2.128.71:10508] 2017051500.01, referer: http://117.2.128.106/login/index.php
[Mon Jun 12 08:15:54.633280 2017] [:error] [pid 4076:tid 1532] [client 117.2.128.71:10508] 2017051500.01, referer: http://117.2.128.106/login/index.php
[Mon Jun 12 08:15:56.895284 2017] [:error] [pid 4076:tid 1532] [client 117.2.128.71:10508] 2017051500.01, referer: http://117.2.128.106/
[Mon Jun 12 08:16:04.617297 2017] [:error] [pid 4076:tid 1532] [client 117.2.128.71:10513] 2017051500.01, referer: http://117.2.128.106/login/index.php
[Mon Jun 12 08:36:04.477805 2017] [:error] [pid 4076:tid 1556] [client 64.233.172.174:46754] 2017051500.01
[Mon Jun 12 08:36:05.554207 2017] [:error] [pid 4076:tid 1636] [client 64.233.172.174:36343] 2017051500.01
[Mon Jun 12 08:36:24.040239 2017] [:error] [pid 4076:tid 1636] [client 117.3.67.92:42372] 2017051500.01
[Mon Jun 12 08:37:20.886739 2017] [:error] [pid 4076:tid 1636] [client 113.160.248.219:53603] 2017051500.01, referer: http://117.2.128.106/
[Mon Jun 12 08:37:33.257561 2017] [:error] [pid 4076:tid 1636] [client 113.160.248.219:43761] 2017051500.01, referer: http://117.2.128.106/login/index.php
[Mon Jun 12 08:38:53.644502 2017] [:error] [pid 4076:tid 1636] [client 117.3.67.92:54957] 2017051500.01, referer: http://117.2.128.106/login/index.php
[Mon Jun 12 08:46:42.378525 2017] [:error] [pid 4076:tid 1636] [client 113.160.248.219:33094] 2017051500.01, referer: http://117.2.128.106/
[Mon Jun 12 08:46:51.052140 2017] [:error] [pid 4076:tid 1636] [client 117.3.67.92:48231] 2017051500.01, referer: http://117.2.128.106/admin/category.php?category=editorsettings
[Mon Jun 12 08:47:31.674612 2017] [:error] [pid 4076:tid 1636] [client 117.3.67.92:48758] 2017051500.01, referer: http://117.2.128.106/admin/settings.php?section=editorsettingsatto
[Mon Jun 12 08:47:40.831828 2017] [:error] [pid 4076:tid 1636] [client 113.160.248.219:51830] 2017051500.01, referer: http://117.2.128.106/admin/category.php?category=editoratto
[Mon Jun 12 08:47:47.352639 2017] [:error] [pid 4076:tid 1636] [client 113.160.248.219:51907] 2017051500.01, referer: http://117.2.128.106/admin/category.php?category=editorsettings
[Mon Jun 12 08:48:58.831965 2017] [:error] [pid 4076:tid 1532] [client 117.3.101.146:49499] 2017051500.01, referer: http://117.2.128.106/admin/settings.php?section=editorsettingstinymce
[Mon Jun 12 08:49:05.290376 2017] [:error] [pid 4076:tid 1532] [client 117.3.67.92:34544] 2017051500.01, referer: http://117.2.128.106/admin/settings.php?section=editorsettingstinymce
[Mon Jun 12 08:49:10.126385 2017] [:error] [pid 4076:tid 1532] [client 117.3.101.146:49629] 2017051500.01, referer: http://117.2.128.106/
[Mon Jun 12 08:49:19.580001 2017] [:error] [pid 4076:tid 1532] [client 113.160.248.219:52754] 2017051500.01, referer: http://117.2.128.106/course/view.php?id=4
[Mon Jun 12 08:49:28.097616 2017] [:error] [pid 4076:tid 1532] [client 113.160.248.219:52851] 2017051500.01, referer: http://117.2.128.106/mod/quiz/view.php?id=11
[Mon Jun 12 08:49:43.214043 2017] [:error] [pid 4076:tid 1532] [client 117.3.67.92:49972] 2017051500.01, referer: http://117.2.128.106/mod/quiz/attempt.php?attempt=19
[Mon Jun 12 08:50:52.368964 2017] [:error] [pid 4076:tid 1532] [client 113.160.248.219:53526] 2017051500.01, referer: http://117.2.128.106/
[Mon Jun 12 08:50:56.456171 2017] [:error] [pid 4076:tid 1532] [client 117.3.67.92:53566] 2017051500.01, referer: http://117.2.128.106/mod/quiz/attempt.php?attempt=19
[Mon Jun 12 08:51:25.940223 2017] [:error] [pid 4076:tid 1532] [client 117.3.67.92:53892] 2017051500.01, referer: http://117.2.128.106/
[Mon Jun 12 08:53:53.844083 2017] [:error] [pid 4076:tid 1636] [client 117.3.67.92:37789] 2017051500.01
[Mon Jun 12 08:53:58.820492 2017] [:error] [pid 4076:tid 1636] [client 117.3.67.92:52882] 2017051500.01, referer: http://117.2.128.106/admin/tool/installaddon/index.php?installaddonrequest=eyJuYW1lIjoiUG9vZExMIEFueXdoZXJlIiwiY29tcG9uZW50IjoidGlueW1jZV9wb29kbGwiLCJ2ZXJzaW9uIjoiMjAxNjA4MTQwMiJ9&confirm=0
[Mon Jun 12 08:55:39.487469 2017] [:error] [pid 4076:tid 1596] [client 117.3.67.92:54883] 2017051500.01, referer: http://117.2.128.106/admin/tool/installaddon/index.php?
[Mon Jun 12 08:55:46.195480 2017] [:error] [pid 4076:tid 1596] [client 113.160.248.219:39908] 2017051500.01, referer: http://117.2.128.106/admin/tool/installaddon/index.php?installzipcomponent=tinymce_poodll&installzipstorage=bd596f94-2132-4cbf-b0a0-6307ac4b07d3&sesskey=skWbQ2tVcd
[Mon Jun 12 08:55:54.775495 2017] [:error] [pid 4076:tid 1636] [client 117.3.67.92:39993] 2017051500.01, referer: http://117.2.128.106/
[Mon Jun 12 08:56:20.858741 2017] [:error] [pid 4076:tid 1532] [client 113.160.248.219:58719] 2017051500.01, referer: http://117.2.128.106/admin/index.php?cache=0&confirmplugincheck=0
[Mon Jun 12 09:03:09.532659 2017] [:error] [pid 4076:tid 1532] [client 117.3.67.92:47691] PHP Warning:  POST Content-Length of 15882681 bytes exceeds the limit of 8388608 bytes in Unknown on line 0, referer: http://117.2.128.106/admin/tool/installaddon/
[Mon Jun 12 09:08:16.010797 2017] [:error] [pid 4076:tid 1532] [client 117.3.101.146:38578] 2017051500.01, referer: http://117.2.128.106/admin/tool/installaddon/
[Mon Jun 12 09:08:43.154845 2017] [:error] [pid 4076:tid 1636] [client 113.160.248.219:51930] 2017051500.01, referer: http://117.2.128.106/admin/index.php
[Mon Jun 12 09:09:02.857680 2017] [:error] [pid 4076:tid 1556] [client 117.3.67.92:39059] 2017051500.01, referer: http://117.2.128.106/admin/index.php?cache=0&confirmplugincheck=1
[Mon Jun 12 09:09:46.537756 2017] [:error] [pid 4076:tid 1596] [client 113.160.248.219:52662] 2017051500.01, referer: http://117.2.128.106/admin/upgradesettings.php?
[Mon Jun 12 09:09:48.128959 2017] [:error] [pid 4076:tid 1596] [client 120.14.137.44:34854] 2017051500.01
[Mon Jun 12 09:09:50.531363 2017] [:error] [pid 4076:tid 1596] [client 113.160.248.219:39559] 2017051500.01, referer: http://117.2.128.106/admin/index.php?cache=1
[Mon Jun 12 09:09:59.360979 2017] [:error] [pid 4076:tid 1596] [client 113.160.248.219:42738] 2017051500.01, referer: http://117.2.128.106/
[Mon Jun 12 09:10:41.028652 2017] [:error] [pid 4076:tid 1532] [client 117.3.101.146:40454] 2017051500.01, referer: http://117.2.128.106/
[Mon Jun 12 09:11:02.307089 2017] [:error] [pid 4076:tid 1532] [client 113.160.248.219:43688] 2017051500.01, referer: http://117.2.128.106/course/view.php?id=4
[Mon Jun 12 09:11:23.257926 2017] [:error] [pid 4076:tid 1556] [client 117.3.67.92:54328] 2017051500.01, referer: http://117.2.128.106/course/view.php?id=4&notifyeditingon=1
[Mon Jun 12 09:15:06.151118 2017] [:error] [pid 4076:tid 1532] [client 113.160.248.219:58493] 2017051500.01, referer: http://117.2.128.106/course/modedit.php?add=quiz&type=&course=4&section=1&return=0&sr=0
[Mon Jun 12 09:15:45.478787 2017] [:error] [pid 4076:tid 1532] [client 117.3.67.92:59625] 2017051500.01, referer: http://117.2.128.106/admin/settings.php?section=themesettingcontemporary
[Mon Jun 12 09:15:53.918402 2017] [:error] [pid 4076:tid 1532] [client 117.3.67.92:59976] 2017051500.01, referer: http://117.2.128.106/admin/settings.php?section=manageeditors
[Mon Jun 12 09:17:34.335778 2017] [:error] [pid 4076:tid 1616] [client 117.3.67.92:52168] 2017051500.01, referer: http://117.2.128.106/admin/settings.php?section=editorsettingstinymce
[Mon Jun 12 09:17:42.447792 2017] [:error] [pid 4076:tid 1616] [client 117.3.101.146:49300] 2017051500.01, referer: http://117.2.128.106/mod/quiz/view.php?id=20
[Mon Jun 12 09:18:01.355025 2017] [:error] [pid 4076:tid 1616] [client 117.3.101.146:52527] 2017051500.01, referer: http://117.2.128.106/
