[Sat Jun 10 20:45:19.293713 2017] [:error] [pid 4076:tid 1612] [client 42.112.86.226:29674] 2017051500.01, referer: http://117.2.128.106/admin/category.php?category=language
[Sat Jun 10 20:45:22.460518 2017] [:error] [pid 4076:tid 1612] [client 42.112.86.226:29674] 2017051500.01, referer: http://117.2.128.106/
[Sat Jun 10 20:45:36.172942 2017] [:error] [pid 4076:tid 1612] [client 42.112.86.226:35828] 2017051500.01, referer: http://117.2.128.106/
[Sat Jun 10 20:46:07.747398 2017] [:error] [pid 4076:tid 1612] [client 42.112.86.226:1073] 2017051500.01, referer: http://117.2.128.106/admin/settings.php?section=langsettings
[Sat Jun 10 20:49:19.534135 2017] [:error] [pid 4076:tid 1596] [client 42.112.86.226:34936] 2017051500.01, referer: http://117.2.128.106/login/index.php
[Sat Jun 10 20:49:31.764556 2017] [:error] [pid 4076:tid 1592] [client 42.112.86.226:17973] 2017051500.01, referer: http://117.2.128.106/
[Sat Jun 10 20:49:39.283769 2017] [:error] [pid 4076:tid 1592] [client 42.112.86.226:3355] 2017051500.01, referer: http://117.2.128.106/login/index.php
[Sat Jun 10 20:49:53.807395 2017] [:error] [pid 4076:tid 1592] [client 42.112.86.226:43065] 2017051500.01, referer: http://117.2.128.106/login/index.php?lang=vi
[Sat Jun 10 20:50:02.949011 2017] [:error] [pid 4076:tid 1592] [client 42.112.86.226:52692] 2017051500.01, referer: http://117.2.128.106/login/index.php?lang=vi
[Sat Jun 10 20:50:15.600633 2017] [:error] [pid 4076:tid 1632] [client 42.112.86.226:60270] 2017051500.01, referer: http://117.2.128.106/
[Sat Jun 10 20:50:23.166647 2017] [:error] [pid 4076:tid 1620] [client 42.112.86.226:58248] 2017051500.01, referer: http://117.2.128.106/admin/settings.php?section=langsettings
[Sat Jun 10 20:50:58.609909 2017] [:error] [pid 4076:tid 1628] [client 42.112.86.226:26494] 2017051500.01, referer: http://117.2.128.106/admin/tool/langimport/index.php
[Sat Jun 10 20:51:06.487923 2017] [:error] [pid 4076:tid 1628] [client 42.112.86.226:59369] 2017051500.01, referer: http://117.2.128.106/admin/search.php
[Sat Jun 10 20:51:24.022353 2017] [:error] [pid 4076:tid 1628] [client 42.112.86.226:47174] 2017051500.01, referer: http://117.2.128.106/admin/tool/langimport/index.php
[Sat Jun 10 20:51:37.719177 2017] [:error] [pid 4076:tid 1628] [client 42.112.86.226:57031] 2017051500.01, referer: http://117.2.128.106/admin/settings.php?section=langsettings
[Sat Jun 10 20:51:50.136799 2017] [:error] [pid 4076:tid 1628] [client 42.112.86.226:19973] 2017051500.01, referer: http://117.2.128.106/admin/settings.php?section=langsettings
[Sat Jun 10 20:52:01.072418 2017] [:error] [pid 4076:tid 1596] [client 42.112.86.226:6459] 2017051500.01, referer: http://117.2.128.106/login/index.php
[Sat Jun 10 20:52:05.409226 2017] [:error] [pid 4076:tid 1596] [client 42.112.86.226:6459] 2017051500.01, referer: http://117.2.128.106/login/index.php
[Sat Jun 10 20:52:10.432435 2017] [:error] [pid 4076:tid 1592] [client 42.112.86.226:46426] 2017051500.01, referer: http://117.2.128.106/login/index.php
[Sat Jun 10 20:52:17.686448 2017] [:error] [pid 4076:tid 1596] [client 42.112.86.226:6459] 2017051500.01, referer: http://117.2.128.106/
[Sat Jun 10 20:52:38.543684 2017] [:error] [pid 4076:tid 1596] [client 42.112.86.226:52404] 2017051500.01, referer: http://117.2.128.106/login/index.php
[Sat Jun 10 20:52:52.458909 2017] [:error] [pid 4076:tid 1596] [client 42.112.86.226:57942] 2017051500.01, referer: http://117.2.128.106/admin/tool/langimport/index.php
[Sat Jun 10 20:52:57.060917 2017] [:error] [pid 4076:tid 1596] [client 42.112.86.226:57942] 2017051500.01, referer: http://117.2.128.106/?
[Sat Jun 10 20:53:00.336923 2017] [:error] [pid 4076:tid 1596] [client 42.112.86.226:57942] 2017051500.01, referer: http://117.2.128.106/
[Sat Jun 10 20:53:09.244538 2017] [:error] [pid 4076:tid 1596] [client 42.112.86.226:6423] 2017051500.01, referer: http://117.2.128.106/my/
[Sat Jun 10 20:53:19.103756 2017] [:error] [pid 4076:tid 1616] [client 42.112.86.226:56817] 2017051500.01, referer: http://117.2.128.106/course/index.php
[Sat Jun 10 20:53:34.344982 2017] [:error] [pid 4076:tid 1616] [client 42.112.86.226:55722] 2017051500.01, referer: http://117.2.128.106/admin/settings.php?section=langsettings
[Sat Jun 10 20:53:38.510190 2017] [:error] [pid 4076:tid 1616] [client 42.112.86.226:55722] 2017051500.01, referer: http://117.2.128.106/admin/settings.php?section=langsettings
[Sat Jun 10 20:54:10.443446 2017] [:error] [pid 4076:tid 1616] [client 42.112.86.226:10987] 2017051500.01, referer: http://117.2.128.106/admin/settings.php?section=langsettings
[Sat Jun 10 20:54:22.720667 2017] [:error] [pid 4076:tid 1612] [client 42.112.86.226:24520] 2017051500.01, referer: http://117.2.128.106/
[Sat Jun 10 20:54:25.232272 2017] [:error] [pid 4076:tid 1612] [client 42.112.86.226:24520] 2017051500.01, referer: http://117.2.128.106/login/index.php
[Sat Jun 10 20:54:37.712294 2017] [:error] [pid 4076:tid 1612] [client 42.112.86.226:4320] 2017051500.01, referer: http://117.2.128.106/login/index.php?lang=vi
[Sat Jun 10 20:54:52.781920 2017] [:error] [pid 4076:tid 1612] [client 42.112.86.226:40791] 2017051500.01, referer: http://117.2.128.106/
[Sat Jun 10 20:55:01.003134 2017] [:error] [pid 4076:tid 1612] [client 42.112.86.226:40791] 2017051500.01, referer: http://117.2.128.106/admin/purgecaches.php
[Sat Jun 10 20:55:12.437955 2017] [:error] [pid 4076:tid 1612] [client 42.112.86.226:40791] 2017051500.01, referer: http://117.2.128.106/admin/purgecaches.php
[Sat Jun 10 20:55:22.312772 2017] [:error] [pid 4076:tid 1612] [client 42.112.86.226:1560] 2017051500.01, referer: http://117.2.128.106/user/profile.php?id=2
[Sat Jun 10 20:55:44.262010 2017] [:error] [pid 4076:tid 1612] [client 42.112.86.226:32420] 2017051500.01, referer: http://117.2.128.106/user/profile.php?id=2
[Sat Jun 10 20:56:12.279660 2017] [:error] [pid 4076:tid 1612] [client 42.112.86.226:44759] 2017051500.01, referer: http://117.2.128.106/admin/settings.php?section=themesettings
[Sat Jun 10 20:56:15.009664 2017] [:error] [pid 4076:tid 1612] [client 42.112.86.226:44759] 2017051500.01, referer: http://117.2.128.106/theme/index.php
[Sat Jun 10 20:56:38.924506 2017] [:error] [pid 4076:tid 1616] [client 42.112.86.226:27919] 2017051500.01, referer: http://117.2.128.106/theme/index.php
[Sat Jun 10 20:56:57.550939 2017] [:error] [pid 4076:tid 1596] [client 42.112.86.226:63731] 2017051500.01, referer: http://117.2.128.106/admin/tool/installaddon/index.php
[Sat Jun 10 20:57:17.472174 2017] [:error] [pid 4076:tid 1624] [client 42.112.86.226:9363] 2017051500.01, referer: http://117.2.128.106/admin/tool/installaddon/index.php
[Sat Jun 10 20:57:25.100588 2017] [:error] [pid 4076:tid 1624] [client 42.112.86.226:9363] 2017051500.01, referer: http://117.2.128.106/admin/tool/installaddon/index.php?installzipcomponent=theme_bcu&installzipstorage=5afccbb6-7e39-4a37-9717-a4ace858b4d6&sesskey=3XUUC51402
[Sat Jun 10 20:58:12.103470 2017] [:error] [pid 4076:tid 1624] [client 42.112.86.226:33068] 2017051500.01, referer: http://117.2.128.106/admin/index.php?cache=0&confirmplugincheck=0
[Sat Jun 10 20:59:09.605171 2017] [:error] [pid 4076:tid 1624] [client 42.112.86.226:27757] 2017051500.01, referer: http://117.2.128.106/my/
[Sat Jun 10 20:59:16.874784 2017] [:error] [pid 4076:tid 1624] [client 42.112.86.226:27757] 2017051500.01, referer: http://117.2.128.106/
[Sat Jun 10 20:59:35.017616 2017] [:error] [pid 4076:tid 1632] [client 42.112.86.226:53056] 2017051500.01, referer: http://117.2.128.106/login/index.php
[Sat Jun 10 20:59:48.074839 2017] [:error] [pid 4076:tid 1612] [client 42.112.86.226:6854] 2017051500.01, referer: http://117.2.128.106/
[Sat Jun 10 20:59:50.976444 2017] [:error] [pid 4076:tid 1612] [client 42.112.86.226:6854] 2017051500.01, referer: http://117.2.128.106/
[Sat Jun 10 21:02:32.592728 2017] [:error] [pid 4076:tid 1612] [client 42.112.86.226:48122] 2017051500.01, referer: http://117.2.128.106/admin/index.php
[Sat Jun 10 21:03:10.001593 2017] [:error] [pid 4076:tid 1632] [client 42.112.86.226:3268] 2017051500.01, referer: http://117.2.128.106/admin/upgradesettings.php
[Sat Jun 10 21:03:22.934016 2017] [:error] [pid 4076:tid 1632] [client 42.112.86.226:13858] 2017051500.01, referer: http://117.2.128.106/admin/index.php?cache=1
[Sat Jun 10 21:03:26.693623 2017] [:error] [pid 4076:tid 1632] [client 42.112.86.226:13858] 2017051500.01, referer: http://117.2.128.106/admin/search.php
[Sat Jun 10 21:03:48.486861 2017] [:error] [pid 4076:tid 1620] [client 42.112.86.226:60765] 2017051500.01, referer: http://117.2.128.106/
[Sat Jun 10 21:04:06.036892 2017] [:error] [pid 4076:tid 1620] [client 42.112.86.226:48942] 2017051500.01, referer: http://117.2.128.106/admin/settings.php?section=langsettings
[Sat Jun 10 21:04:15.584109 2017] [:error] [pid 4076:tid 1620] [client 42.112.86.226:60649] 2017051500.01, referer: http://117.2.128.106/admin/user.php
[Sat Jun 10 21:04:17.159711 2017] [:error] [pid 4076:tid 1632] [client 42.112.86.226:20082] 2017051500.01, referer: http://117.2.128.106/admin/user.php
[Sat Jun 10 21:04:59.544986 2017] [:error] [pid 4076:tid 1596] [client 42.112.86.226:10738] 2017051500.01, referer: http://117.2.128.106/user/editadvanced.php?id=2&course=1
[Sat Jun 10 21:05:03.304592 2017] [:error] [pid 4076:tid 1596] [client 42.112.86.226:10738] 2017051500.01, referer: http://117.2.128.106/user/preferences.php?userid=2
[Sat Jun 10 21:05:07.438600 2017] [:error] [pid 4076:tid 1596] [client 42.112.86.226:10738] 2017051500.01, referer: http://117.2.128.106/
[Sat Jun 10 21:05:19.497421 2017] [:error] [pid 4076:tid 1596] [client 42.112.86.226:11835] 2017051500.01, referer: http://117.2.128.106/
[Sat Jun 10 21:05:26.392633 2017] [:error] [pid 4076:tid 1632] [client 42.112.86.226:17740] 2017051500.01, referer: http://117.2.128.106/my/
[Sat Jun 10 21:05:31.025841 2017] [:error] [pid 4076:tid 1632] [client 42.112.86.226:17740] 2017051500.01, referer: http://117.2.128.106/
[Sat Jun 10 21:05:40.791458 2017] [:error] [pid 4076:tid 1632] [client 42.112.86.226:20903] 2017051500.01, referer: http://117.2.128.106/login/index.php
[Sat Jun 10 21:06:32.505549 2017] [:error] [pid 4076:tid 1628] [client 42.112.86.226:20149] 2017051500.01, referer: http://117.2.128.106/
[Sat Jun 10 21:06:34.939153 2017] [:error] [pid 4076:tid 1628] [client 42.112.86.226:20149] 2017051500.01, referer: http://117.2.128.106/
[Sat Jun 10 21:06:43.004367 2017] [:error] [pid 4076:tid 1616] [client 42.112.86.226:55193] 2017051500.01, referer: http://117.2.128.106/
[Sat Jun 10 21:06:46.124373 2017] [:error] [pid 4076:tid 1616] [client 42.112.86.226:55193] 2017051500.01, referer: http://117.2.128.106/login/index.php
[Sat Jun 10 21:06:56.451591 2017] [:error] [pid 4076:tid 1616] [client 42.112.86.226:59284] 2017051500.01, referer: http://117.2.128.106/login/index.php?lang=vi
[Sat Jun 10 21:07:24.328840 2017] [:error] [pid 4076:tid 1616] [client 42.112.86.226:12841] 2017051500.01, referer: http://117.2.128.106/
[Sat Jun 10 21:08:22.938143 2017] [:error] [pid 4076:tid 1628] [client 42.112.86.226:35115] 2017051500.01
[Sat Jun 10 21:08:35.355765 2017] [:error] [pid 4076:tid 1628] [client 42.112.86.226:38894] 2017051500.01, referer: http://117.2.128.106/admin/settings.php?section=langsettings&lang=vi
[Sat Jun 10 21:08:51.548593 2017] [:error] [pid 4076:tid 1628] [client 42.112.86.226:5361] 2017051500.01, referer: http://117.2.128.106/user/profile.php?id=2
[Sat Jun 10 21:09:48.254693 2017] [:error] [pid 4076:tid 1628] [client 42.112.86.226:7547] 2017051500.01, referer: http://117.2.128.106/user/editadvanced.php?id=2&course=1&returnto=profile
[Sat Jun 10 21:16:20.423782 2017] [:error] [pid 4076:tid 1628] [client 195.154.252.42:60930] 2017051500.01, referer: http://117.2.128.106/
[Sat Jun 10 21:16:20.486182 2017] [:error] [pid 4076:tid 1608] [client 195.154.233.33:51846] 2017051500.01, referer: http://117.2.128.106/
[Sat Jun 10 22:35:35.075884 2017] [:error] [pid 4076:tid 1608] [client 116.99.124.176:65431] 2017051500.01
[Sat Jun 10 22:36:22.655968 2017] [:error] [pid 4076:tid 1628] [client 116.99.124.176:65481] 2017051500.01, referer: http://117.2.128.106/login/index.php
[Sat Jun 10 22:37:59.781739 2017] [:error] [pid 4076:tid 1616] [client 116.99.124.176:49157] 2017051500.01, referer: http://117.2.128.106/
[Sat Jun 10 22:38:06.630151 2017] [:error] [pid 4076:tid 1616] [client 116.99.124.176:49157] 2017051500.01, referer: http://117.2.128.106/
[Sat Jun 10 22:38:24.164581 2017] [:error] [pid 4076:tid 1616] [client 116.99.124.176:49159] 2017051500.01, referer: http://117.2.128.106/login/index.php
[Sat Jun 10 22:38:42.151413 2017] [:error] [pid 4076:tid 1616] [client 116.99.124.176:49162] 2017051500.01, referer: http://117.2.128.106/login/index.php
[Sat Jun 10 22:40:37.108015 2017] [:error] [pid 4076:tid 1616] [client 42.112.86.226:63105] 2017051500.01, referer: http://117.2.128.106/login/index.php
[Sat Jun 10 22:40:56.420849 2017] [:error] [pid 4076:tid 1616] [client 42.112.86.226:6464] 2017051500.01, referer: http://117.2.128.106/
[Sat Jun 10 22:41:00.679656 2017] [:error] [pid 4076:tid 1616] [client 42.112.86.226:6464] 2017051500.01, referer: http://117.2.128.106/my/
[Sat Jun 10 22:41:21.334093 2017] [:error] [pid 4076:tid 1616] [client 42.112.86.226:8347] 2017051500.01, referer: http://117.2.128.106/my/index.php?lang=vi
[Sat Jun 10 22:42:19.631395 2017] [:error] [pid 4076:tid 1616] [client 116.99.124.176:49246] 2017051500.01, referer: http://117.2.128.106/
[Sat Jun 10 22:42:26.043006 2017] [:error] [pid 4076:tid 1616] [client 116.99.124.176:49246] 2017051500.01, referer: http://117.2.128.106/
[Sat Jun 10 22:42:41.580634 2017] [:error] [pid 4076:tid 1596] [client 116.99.124.176:49250] 2017051500.01, referer: http://117.2.128.106/login/index.php
[Sat Jun 10 22:43:26.758313 2017] [:error] [pid 4076:tid 1596] [client 116.99.124.176:49258] 2017051500.01, referer: http://117.2.128.106/
[Sat Jun 10 22:44:08.176386 2017] [:error] [pid 4076:tid 1596] [client 116.99.124.176:49263] 2017051500.01, referer: http://117.2.128.106/my/
[Sat Jun 10 22:44:16.038799 2017] [:error] [pid 4076:tid 1596] [client 116.99.124.176:49263] 2017051500.01, referer: http://117.2.128.106/my/index.php?lang=vi
[Sat Jun 10 22:44:51.045261 2017] [:error] [pid 4076:tid 1628] [client 42.112.86.226:2548] 2017051500.01, referer: http://117.2.128.106/user/editadvanced.php?id=9&course=1
[Sat Jun 10 22:45:10.061694 2017] [:error] [pid 4076:tid 1608] [client 116.99.124.176:49272] 2017051500.01, referer: http://117.2.128.106/my/index.php
[Sat Jun 10 22:45:32.307333 2017] [:error] [pid 4076:tid 1608] [client 116.99.124.176:49280] 2017051500.01, referer: http://117.2.128.106/course/view.php?id=4
[Sat Jun 10 22:46:49.309069 2017] [:error] [pid 4076:tid 1608] [client 116.99.124.176:49291] 2017051500.01, referer: http://117.2.128.106/
[Sat Jun 10 22:46:54.363478 2017] [:error] [pid 4076:tid 1608] [client 116.99.124.176:49291] 2017051500.01, referer: http://117.2.128.106/
[Sat Jun 10 22:54:13.613449 2017] [:error] [pid 4076:tid 1596] [client 116.99.124.176:49402] 2017051500.01, referer: http://117.2.128.106/my/
[Sat Jun 10 22:54:26.280671 2017] [:error] [pid 4076:tid 1596] [client 116.99.124.176:49404] 2017051500.01, referer: http://117.2.128.106/
[Sat Jun 10 22:54:30.383479 2017] [:error] [pid 4076:tid 1596] [client 116.99.124.176:49404] 2017051500.01, referer: http://117.2.128.106/my/
[Sat Jun 10 22:55:18.462763 2017] [:error] [pid 4076:tid 1596] [client 116.99.124.176:49416] 2017051500.01, referer: http://117.2.128.106/my/index.php
[Sat Jun 10 22:55:25.981976 2017] [:error] [pid 4076:tid 1596] [client 116.99.124.176:49416] 2017051500.01, referer: http://117.2.128.106/
[Sat Jun 10 22:55:43.048406 2017] [:error] [pid 4076:tid 1596] [client 116.99.124.176:49426] 2017051500.01, referer: http://117.2.128.106/user/profile.php?id=5
[Sat Jun 10 22:55:47.322814 2017] [:error] [pid 4076:tid 1596] [client 116.99.124.176:49426] 2017051500.01, referer: http://117.2.128.106/user/preferences.php
[Sat Jun 10 22:56:27.539684 2017] [:error] [pid 4076:tid 1616] [client 116.99.124.176:49442] 2017051500.01, referer: http://117.2.128.106/user/edit.php?id=5&course=1
[Sat Jun 10 22:56:42.250510 2017] [:error] [pid 4076:tid 1616] [client 116.99.124.176:49444] 2017051500.01, referer: http://117.2.128.106/user/preferences.php?userid=5
[Sat Jun 10 22:56:47.804120 2017] [:error] [pid 4076:tid 1616] [client 116.99.124.176:49444] 2017051500.01, referer: http://117.2.128.106/my/
[Sat Jun 10 22:57:02.608546 2017] [:error] [pid 4076:tid 1616] [client 42.112.86.226:1530] 2017051500.01, referer: http://117.2.128.106/user/editadvanced.php?id=2&course=1&returnto=profile
[Sat Jun 10 22:57:09.113757 2017] [:error] [pid 4076:tid 1628] [client 42.112.86.226:32987] 2017051500.01, referer: http://117.2.128.106/login/index.php
[Sat Jun 10 22:57:26.008587 2017] [:error] [pid 4076:tid 1628] [client 116.99.124.176:49482] 2017051500.01, referer: http://117.2.128.106/course/view.php?id=4
[Sat Jun 10 22:57:30.454595 2017] [:error] [pid 4076:tid 1628] [client 116.99.124.176:49482] 2017051500.01, referer: http://117.2.128.106/course/view.php?id=4&lang=en
[Sat Jun 10 22:57:30.719795 2017] [:error] [pid 4076:tid 1608] [client 42.112.86.226:23693] 2017051500.01, referer: http://117.2.128.106/login/index.php
[Sat Jun 10 22:57:34.417002 2017] [:error] [pid 4076:tid 1608] [client 42.112.86.226:23693] 2017051500.01, referer: http://117.2.128.106/login/index.php
[Sat Jun 10 22:57:43.527418 2017] [:error] [pid 4076:tid 1616] [client 42.112.86.226:46431] 2017051500.01, referer: http://117.2.128.106/my/index.php?lang=en
[Sat Jun 10 22:57:47.895425 2017] [:error] [pid 4076:tid 1616] [client 42.112.86.226:46431] 2017051500.01, referer: http://117.2.128.106/
[Sat Jun 10 22:57:55.539439 2017] [:error] [pid 4076:tid 1632] [client 104.40.182.87:5584] 2017051500.01, referer: http://baolh.mrdevnet.com
[Sat Jun 10 22:58:02.918252 2017] [:error] [pid 4076:tid 1616] [client 42.112.86.226:14289] 2017051500.01, referer: http://117.2.128.106/login/index.php
[Sat Jun 10 22:58:22.948687 2017] [:error] [pid 4076:tid 1608] [client 42.112.86.226:42465] 2017051500.01, referer: http://117.2.128.106/
[Sat Jun 10 22:58:26.053092 2017] [:error] [pid 4076:tid 1596] [client 42.112.86.226:4478] 2017051500.01, referer: http://117.2.128.106/theme/index.php
[Sat Jun 10 22:58:46.489128 2017] [:error] [pid 4076:tid 1596] [client 116.99.124.176:49596] 2017051500.01
[Sat Jun 10 22:58:52.931940 2017] [:error] [pid 4076:tid 1588] [client 42.112.86.226:12988] 2017051500.01, referer: http://117.2.128.106/login/index.php
[Sat Jun 10 23:00:47.482941 2017] [:error] [pid 4076:tid 1604] [client 42.112.86.226:3731] 2017051500.01, referer: http://117.2.128.106/login/index.php
[Sat Jun 10 23:01:09.744180 2017] [:error] [pid 4076:tid 1604] [client 42.112.86.226:24918] 2017051500.01, referer: http://117.2.128.106/login/index.php
[Sat Jun 10 23:01:45.530643 2017] [:error] [pid 4076:tid 1604] [client 42.112.86.226:30035] 2017051500.01, referer: http://117.2.128.106/
[Sat Jun 10 23:03:55.759672 2017] [:error] [pid 4076:tid 1580] [client 222.254.127.59:61064] 2017051500.01
[Sat Jun 10 23:06:45.487970 2017] [:error] [pid 4076:tid 1604] [client 171.255.149.119:46278] 2017051500.01
[Sat Jun 10 23:07:22.319634 2017] [:error] [pid 4076:tid 1604] [client 171.255.149.119:40342] 2017051500.01
[Sat Jun 10 23:07:22.834435 2017] [:error] [pid 4076:tid 1596] [client 42.112.86.226:21419] 2017051500.01, referer: http://117.2.128.106/admin/user.php
[Sat Jun 10 23:07:29.979248 2017] [:error] [pid 4076:tid 1580] [client 171.255.149.119:38294] 2017051500.01
[Sat Jun 10 23:07:32.631252 2017] [:error] [pid 4076:tid 1568] [client 42.112.86.226:33949] 2017051500.01, referer: http://117.2.128.106/
[Sat Jun 10 23:08:06.062111 2017] [:error] [pid 4076:tid 1588] [client 42.112.86.226:54281] 2017051500.01, referer: http://117.2.128.106/login/index.php
[Sat Jun 10 23:08:14.954127 2017] [:error] [pid 4076:tid 1620] [client 171.255.149.119:43210] 2017051500.01, referer: http://117.2.128.106/
[Sat Jun 10 23:08:44.999780 2017] [:error] [pid 4076:tid 1596] [client 171.255.149.119:35844] 2017051500.01, referer: http://117.2.128.106/login/index.php
[Sat Jun 10 23:09:09.913023 2017] [:error] [pid 4076:tid 1620] [client 42.112.86.226:58228] 2017051500.01, referer: http://117.2.128.106/login/index.php
[Sat Jun 10 23:09:30.302259 2017] [:error] [pid 4076:tid 1576] [client 42.112.86.226:46119] 2017051500.01, referer: http://117.2.128.106/
[Sat Jun 10 23:09:46.588688 2017] [:error] [pid 4076:tid 1620] [client 171.255.149.119:33463] 2017051500.01, referer: http://117.2.128.106/
[Sat Jun 10 23:09:50.660295 2017] [:error] [pid 4076:tid 1576] [client 42.112.86.226:17272] 2017051500.01, referer: http://117.2.128.106/admin/settings.php?section=langsettings
[Sat Jun 10 23:10:09.146327 2017] [:error] [pid 4076:tid 1580] [client 171.255.149.119:34916] 2017051500.01, referer: http://117.2.128.106/course/view.php?id=4
[Sat Jun 10 23:10:26.275157 2017] [:error] [pid 4076:tid 1576] [client 42.112.86.226:8048] 2017051500.01, referer: http://117.2.128.106/admin/settings.php?section=langsettings
[Sat Jun 10 23:10:41.687985 2017] [:error] [pid 4076:tid 1588] [client 171.255.149.119:39408] 2017051500.01, referer: http://117.2.128.106/
[Sat Jun 10 23:10:43.606788 2017] [:error] [pid 4076:tid 1576] [client 171.255.149.119:45533] 2017051500.01, referer: http://117.2.128.106/
[Sat Jun 10 23:10:44.480389 2017] [:error] [pid 4076:tid 1580] [client 171.255.149.119:34908] 2017051500.01, referer: http://117.2.128.106/
[Sat Jun 10 23:10:45.322791 2017] [:error] [pid 4076:tid 1576] [client 171.255.149.119:45527] 2017051500.01, referer: http://117.2.128.106/
[Sat Jun 10 23:10:50.158799 2017] [:error] [pid 4076:tid 1576] [client 171.255.149.119:45527] 2017051500.01, referer: http://117.2.128.106/login/index.php
[Sat Jun 10 23:10:52.124403 2017] [:error] [pid 4076:tid 1576] [client 171.255.149.119:45527] 2017051500.01, referer: http://117.2.128.106/
[Sat Jun 10 23:10:57.272412 2017] [:error] [pid 4076:tid 1580] [client 171.255.149.119:42252] 2017051500.01, referer: http://117.2.128.106/login/index.php
[Sat Jun 10 23:12:19.328556 2017] [:error] [pid 4076:tid 1580] [client 42.112.86.226:22179] 2017051500.01, referer: http://117.2.128.106/admin/settings.php?section=langsettings
[Sat Jun 10 23:12:42.104596 2017] [:error] [pid 4076:tid 1588] [client 42.112.86.226:40919] 2017051500.01, referer: http://117.2.128.106/admin/tool/langimport/index.php
[Sat Jun 10 23:13:10.169045 2017] [:error] [pid 4076:tid 1588] [client 42.112.86.226:64190] 2017051500.01, referer: http://117.2.128.106/admin/settings.php?section=langsettings
[Sat Jun 10 23:13:24.053070 2017] [:error] [pid 4076:tid 1620] [client 42.112.86.226:27279] 2017051500.01, referer: http://117.2.128.106/theme/index.php
[Sat Jun 10 23:13:33.023085 2017] [:error] [pid 4076:tid 1620] [client 42.112.86.226:27279] 2017051500.01, referer: http://117.2.128.106/
[Sat Jun 10 23:13:37.921494 2017] [:error] [pid 4076:tid 1620] [client 42.112.86.226:27279] 2017051500.01, referer: http://117.2.128.106/login/index.php
[Sat Jun 10 23:13:59.855133 2017] [:error] [pid 4076:tid 1620] [client 42.112.86.226:52031] 2017051500.01, referer: http://117.2.128.106/
[Sat Jun 10 23:14:15.361560 2017] [:error] [pid 4076:tid 1620] [client 42.112.86.226:36673] 2017051500.01, referer: http://117.2.128.106/
[Sat Jun 10 23:15:03.300444 2017] [:error] [pid 4076:tid 1588] [client 42.112.86.226:6236] 2017051500.01, referer: http://117.2.128.106/
[Sat Jun 10 23:15:17.465269 2017] [:error] [pid 4076:tid 1604] [client 42.112.86.226:30620] 2017051500.01, referer: http://117.2.128.106/
[Sat Jun 10 23:15:30.912493 2017] [:error] [pid 4076:tid 1604] [client 42.112.86.226:46319] 2017051500.01, referer: http://117.2.128.106/login/index.php
[Sat Jun 10 23:15:53.579332 2017] [:error] [pid 4076:tid 1604] [client 42.112.86.226:49905] 2017051500.01, referer: http://117.2.128.106/
[Sat Jun 10 23:16:26.354990 2017] [:error] [pid 4076:tid 1632] [client 42.112.86.226:20646] 2017051500.01, referer: http://117.2.128.106/admin/settings.php?section=navigation
[Sat Jun 10 23:16:49.677031 2017] [:error] [pid 4076:tid 1620] [client 42.112.86.226:55699] 2017051500.01, referer: http://117.2.128.106/admin/settings.php?section=themesettingcontemporary
[Sat Jun 10 23:17:22.515089 2017] [:error] [pid 4076:tid 1620] [client 42.112.86.226:61956] 2017051500.01, referer: http://117.2.128.106/admin/settings.php?section=frontpagesettings
[Sat Jun 10 23:18:36.069218 2017] [:error] [pid 4076:tid 1576] [client 42.112.86.226:61475] 2017051500.01, referer: http://117.2.128.106/admin/settings.php?section=langsettings
[Sat Jun 10 23:18:51.326045 2017] [:error] [pid 4076:tid 1632] [client 42.112.86.226:33536] 2017051500.01, referer: http://117.2.128.106/login/index.php
[Sat Jun 10 23:19:27.346508 2017] [:error] [pid 4076:tid 1632] [client 42.112.86.226:33161] 2017051500.01, referer: http://117.2.128.106/admin/settings.php?section=langsettings
[Sat Jun 10 23:19:34.787721 2017] [:error] [pid 4076:tid 1620] [client 42.112.86.226:60346] 2017051500.01, referer: http://117.2.128.106/admin/settings.php?section=langsettings
[Sat Jun 10 23:20:10.355783 2017] [:error] [pid 4076:tid 1576] [client 42.112.86.226:32988] 2017051500.01, referer: http://117.2.128.106/admin/settings.php?section=langsettings
[Sat Jun 10 23:20:32.383022 2017] [:error] [pid 4076:tid 1576] [client 42.112.86.226:43096] 2017051500.01, referer: http://117.2.128.106/admin/settings.php?section=themesettings
[Sat Jun 10 23:20:37.390631 2017] [:error] [pid 4076:tid 1576] [client 42.112.86.226:43096] 2017051500.01, referer: http://117.2.128.106/admin/settings.php?section=themesettings
[Sat Jun 10 23:20:40.869437 2017] [:error] [pid 4076:tid 1576] [client 42.112.86.226:43096] 2017051500.01, referer: http://117.2.128.106/theme/index.php
[Sat Jun 10 23:21:15.953899 2017] [:error] [pid 4076:tid 1604] [client 42.112.86.226:49128] 2017051500.01, referer: http://117.2.128.106/theme/index.php
[Sat Jun 10 23:21:47.621954 2017] [:error] [pid 4076:tid 1604] [client 42.112.86.226:49128] 2017051500.01, referer: http://117.2.128.106/admin/purgecaches.php
[Sat Jun 10 23:22:25.748421 2017] [:error] [pid 4076:tid 1568] [client 42.112.86.226:23937] 2017051500.01, referer: http://117.2.128.106/admin/purgecaches.php
[Sat Jun 10 23:22:31.707632 2017] [:error] [pid 4076:tid 1568] [client 42.112.86.226:23937] 2017051500.01, referer: http://117.2.128.106/my/
[Sat Jun 10 23:22:43.828853 2017] [:error] [pid 4076:tid 1604] [client 42.112.86.226:18694] 2017051500.01, referer: http://117.2.128.106/
[Sat Jun 10 23:22:51.644467 2017] [:error] [pid 4076:tid 1604] [client 42.112.86.226:18694] 2017051500.01, referer: http://117.2.128.106/admin/settings.php?section=langsettings
[Sun Jun 11 00:08:08.529639 2017] [:error] [pid 4076:tid 1604] [client 139.162.124.167:45420] script 'C:/server/moodle/echo.php' not found or unable to stat
[Sun Jun 11 03:00:44.826228 2017] [:error] [pid 4076:tid 1580] [client 163.158.69.212:43596] 2017051500.01
[Sun Jun 11 03:06:14.111607 2017] [:error] [pid 4076:tid 1580] [client 69.163.163.201:37564] 2017051500.01
[Sun Jun 11 03:35:10.550657 2017] [:error] [pid 4076:tid 1580] [client 24.51.100.45:2850] 2017051500.01
[Sun Jun 11 03:47:55.997201 2017] [:error] [pid 4076:tid 1604] [client 103.246.244.55:56360] 2017051500.01
[Sun Jun 11 04:19:30.168128 2017] [:error] [pid 4076:tid 1596] [client 195.154.252.42:64575] 2017051500.01, referer: http://117.2.128.106/
[Sun Jun 11 04:19:30.339728 2017] [:error] [pid 4076:tid 1604] [client 195.154.233.33:64710] 2017051500.01, referer: http://117.2.128.106/
[Sun Jun 11 04:33:07.063563 2017] [:error] [pid 4076:tid 1604] [client 195.154.252.41:53773] 2017051500.01, referer: http://117.2.128.106/
[Sun Jun 11 05:42:07.154835 2017] [core:error] [pid 4076:tid 1604] [client 2.239.83.221:58884] AH00126: Invalid URI in request GET login.cgi HTTP/1.0
[Sun Jun 11 07:19:42.905920 2017] [:error] [pid 4076:tid 1604] [client 116.99.124.176:50004] 2017051500.01
[Sun Jun 11 07:19:50.222333 2017] [:error] [pid 4076:tid 1580] [client 116.99.124.176:50007] 2017051500.01, referer: http://117.2.128.106/
[Sun Jun 11 07:20:08.271564 2017] [:error] [pid 4076:tid 1580] [client 116.99.124.176:50028] 2017051500.01, referer: http://117.2.128.106/login/index.php
[Sun Jun 11 07:20:30.766804 2017] [:error] [pid 4076:tid 1632] [client 116.99.124.176:50038] 2017051500.01, referer: http://117.2.128.106/
[Sun Jun 11 07:20:58.768853 2017] [:error] [pid 4076:tid 1632] [client 116.99.124.176:50089] 2017051500.01
[Sun Jun 11 07:21:27.036103 2017] [:error] [pid 4076:tid 1596] [client 116.99.124.176:50126] 2017051500.01, referer: http://117.2.128.106/
[Sun Jun 11 07:21:46.723337 2017] [:error] [pid 4076:tid 1580] [client 116.99.124.176:50137] 2017051500.01, referer: http://117.2.128.106/login/index.php
[Sun Jun 11 07:21:58.563758 2017] [:error] [pid 4076:tid 1580] [client 116.99.124.176:50162] 2017051500.01, referer: http://117.2.128.106/
[Sun Jun 11 07:22:02.151764 2017] [:error] [pid 4076:tid 1580] [client 116.99.124.176:50162] 2017051500.01, referer: http://117.2.128.106/?lang=vi
[Sun Jun 11 07:22:08.890976 2017] [:error] [pid 4076:tid 1580] [client 116.99.124.176:50164] 2017051500.01, referer: http://117.2.128.106/?lang=en
[Sun Jun 11 07:22:31.370616 2017] [:error] [pid 4076:tid 1588] [client 116.99.124.176:50174] 2017051500.01, referer: http://117.2.128.106/course/view.php?id=4
[Sun Jun 11 07:22:46.892643 2017] [:error] [pid 4076:tid 1596] [client 116.99.124.176:50189] 2017051500.01, referer: http://117.2.128.106/enrol/users.php?id=4
[Sun Jun 11 07:22:50.199849 2017] [:error] [pid 4076:tid 1632] [client 116.99.124.176:50193] 2017051500.01, referer: http://117.2.128.106/enrol/instances.php?id=4
[Sun Jun 11 07:22:57.079461 2017] [:error] [pid 4076:tid 1580] [client 116.99.124.176:50195] 2017051500.01, referer: http://117.2.128.106/enrol/manual/manage.php?enrolid=10
[Sun Jun 11 07:23:03.413072 2017] [:error] [pid 4076:tid 1580] [client 116.99.124.176:50195] 2017051500.01, referer: http://117.2.128.106/enrol/manual/manage.php?enrolid=10
[Sun Jun 11 07:24:31.147626 2017] [:error] [pid 4076:tid 1632] [client 116.99.124.176:50205] 2017051500.01, referer: http://117.2.128.106/enrol/manual/manage.php?enrolid=10
[Sun Jun 11 07:24:39.992841 2017] [:error] [pid 4076:tid 1632] [client 116.99.124.176:50210] 2017051500.01, referer: http://117.2.128.106/admin/roles/manage.php
[Sun Jun 11 07:25:31.987733 2017] [:error] [pid 4076:tid 1632] [client 116.99.124.176:50220] 2017051500.01, referer: http://117.2.128.106/
[Sun Jun 11 07:25:49.615764 2017] [:error] [pid 4076:tid 1624] [client 116.99.124.176:50229] 2017051500.01, referer: http://117.2.128.106/course/view.php?id=4
[Sun Jun 11 07:26:12.438604 2017] [:error] [pid 4076:tid 1624] [client 116.99.124.176:50231] 2017051500.01, referer: http://117.2.128.106/
[Sun Jun 11 07:26:29.676634 2017] [:error] [pid 4076:tid 1624] [client 116.99.124.176:50233] 2017051500.01, referer: http://117.2.128.106/admin/roles/define.php?action=edit&roleid=5
[Sun Jun 11 07:26:37.741848 2017] [:error] [pid 4076:tid 1624] [client 116.99.124.176:50238] 2017051500.01, referer: http://117.2.128.106/
[Sun Jun 11 07:27:05.197897 2017] [:error] [pid 4076:tid 1624] [client 116.99.124.176:50243] 2017051500.01, referer: http://117.2.128.106/course/view.php?id=4
[Sun Jun 11 07:27:13.543911 2017] [:error] [pid 4076:tid 1604] [client 116.99.124.176:50251] 2017051500.01, referer: http://117.2.128.106/course/view.php?id=4&notifyeditingon=1
[Sun Jun 11 07:27:13.621911 2017] [:error] [pid 4076:tid 1604] [client 116.99.124.176:50251] 2017051500.01, referer: http://117.2.128.106/course/view.php?id=4&notifyeditingon=1
[Sun Jun 11 07:27:59.251991 2017] [:error] [pid 4076:tid 1596] [client 116.99.124.176:50257] 2017051500.01, referer: http://117.2.128.106/course/view.php?id=4&sesskey=PU96QXJLOs&bui_editid=44
[Sun Jun 11 07:27:59.376792 2017] [:error] [pid 4076:tid 1596] [client 116.99.124.176:50257] 2017051500.01, referer: http://117.2.128.106/course/view.php?id=4&sesskey=PU96QXJLOs&bui_editid=44
[Sun Jun 11 07:28:23.198034 2017] [:error] [pid 4076:tid 1596] [client 116.99.124.176:50260] 2017051500.01, referer: http://117.2.128.106/course/view.php?id=4
[Sun Jun 11 07:28:36.333257 2017] [:error] [pid 4076:tid 1596] [client 116.99.124.176:50262] 2017051500.01, referer: http://117.2.128.106/mod/quiz/view.php?id=11
[Sun Jun 11 07:28:44.445271 2017] [:error] [pid 4076:tid 1624] [client 116.99.124.176:50266] 2017051500.01, referer: http://117.2.128.106/mod/quiz/attempt.php?attempt=12
[Sun Jun 11 07:28:51.839684 2017] [:error] [pid 4076:tid 1624] [client 116.99.124.176:50267] 2017051500.01, referer: http://117.2.128.106/mod/quiz/attempt.php?attempt=12&page=1
[Sun Jun 11 07:48:07.146513 2017] [:error] [pid 4076:tid 1624] [client 116.99.124.176:50295] 2017051500.01, referer: http://117.2.128.106/mod/quiz/attempt.php?attempt=12&page=2
[Sun Jun 11 07:48:49.204187 2017] [:error] [pid 4076:tid 1624] [client 116.99.124.176:50309] 2017051500.01, referer: http://117.2.128.106/course/view.php?id=4
[Sun Jun 11 07:48:54.835797 2017] [:error] [pid 4076:tid 1624] [client 116.99.124.176:50309] 2017051500.01, referer: http://117.2.128.106/admin/tool/customlang/index.php
[Sun Jun 11 07:48:58.345803 2017] [:error] [pid 4076:tid 1624] [client 116.99.124.176:50309] 2017051500.01, referer: http://117.2.128.106/admin/tool/customlang/index.php?lng=vi
[Sun Jun 11 07:49:18.189038 2017] [:error] [pid 4076:tid 1624] [client 116.99.124.176:50313] 2017051500.01, referer: http://117.2.128.106/mod/quiz/review.php?attempt=12
[Sun Jun 11 07:49:27.845455 2017] [:error] [pid 4076:tid 1604] [client 116.99.124.176:50315] 2017051500.01, referer: http://117.2.128.106/admin/tool/customlang/index.php
[Sun Jun 11 07:51:28.464867 2017] [:error] [pid 4076:tid 1624] [client 116.99.124.176:50319] 2017051500.01, referer: http://117.2.128.106/admin/tool/customlang/edit.php?lng=vi
[Sun Jun 11 07:51:46.982099 2017] [:error] [pid 4076:tid 1624] [client 116.99.124.176:50327] 2017051500.01, referer: http://117.2.128.106/admin/tool/customlang/edit.php?lng=vi
[Sun Jun 11 08:07:46.102984 2017] [:error] [pid 4076:tid 1632] [client 118.68.186.184:50485] 2017051500.01, referer: http://117.2.128.106/admin/tool/customlang/edit.php?lng=vi&p=0
[Sun Jun 11 08:08:29.783060 2017] [:error] [pid 4076:tid 1624] [client 118.68.186.184:50494] 2017051500.01, referer: http://117.2.128.106/admin/category.php?category=language
[Sun Jun 11 08:08:41.233481 2017] [:error] [pid 4076:tid 1624] [client 118.68.186.184:50495] 2017051500.01, referer: http://117.2.128.106/admin/search.php
[Sun Jun 11 08:08:52.621501 2017] [:error] [pid 4076:tid 1624] [client 118.68.186.184:50496] 2017051500.01, referer: http://117.2.128.106/admin/settings.php?section=langsettings
[Sun Jun 11 08:09:03.728720 2017] [:error] [pid 4076:tid 1624] [client 118.68.186.184:50497] 2017051500.01, referer: http://117.2.128.106/admin/category.php?category=language
[Sun Jun 11 08:09:09.157530 2017] [:error] [pid 4076:tid 1624] [client 118.68.186.184:50497] 2017051500.01, referer: http://117.2.128.106/admin/tool/customlang/index.php
[Sun Jun 11 08:09:20.139949 2017] [:error] [pid 4076:tid 1596] [client 118.68.186.184:50503] 2017051500.01, referer: http://117.2.128.106/admin/tool/customlang/index.php
[Sun Jun 11 08:09:25.116358 2017] [:error] [pid 4076:tid 1596] [client 118.68.186.184:50503] 2017051500.01, referer: http://117.2.128.106/admin/category.php?category=language
[Sun Jun 11 08:09:40.123584 2017] [:error] [pid 4076:tid 1596] [client 118.68.186.184:50507] 2017051500.01, referer: http://117.2.128.106/admin/category.php?category=language
[Sun Jun 11 08:09:45.833194 2017] [:error] [pid 4076:tid 1596] [client 118.68.186.184:50507] 2017051500.01, referer: http://117.2.128.106/admin/tool/customlang/index.php
[Sun Jun 11 08:09:48.407199 2017] [:error] [pid 4076:tid 1596] [client 118.68.186.184:50507] 2017051500.01, referer: http://117.2.128.106/admin/tool/customlang/index.php?lng=vi
[Sun Jun 11 08:10:01.464421 2017] [:error] [pid 4076:tid 1596] [client 118.68.186.184:50507] 2017051500.01, referer: http://117.2.128.106/admin/tool/customlang/index.php
[Sun Jun 11 08:10:49.871307 2017] [:error] [pid 4076:tid 1596] [client 118.68.186.184:50512] 2017051500.01, referer: http://117.2.128.106/admin/tool/customlang/edit.php?lng=vi
[Sun Jun 11 08:14:58.676144 2017] [:error] [pid 4076:tid 1596] [client 118.68.186.184:50540] 2017051500.01, referer: http://117.2.128.106/admin/tool/customlang/edit.php?lng=vi&p=0
[Sun Jun 11 08:16:19.515485 2017] [:error] [pid 4076:tid 1596] [client 118.68.186.184:50547] 2017051500.01, referer: http://117.2.128.106/admin/tool/customlang/edit.php?lng=vi&p=0
[Sun Jun 11 08:16:30.607105 2017] [:error] [pid 4076:tid 1596] [client 118.68.186.184:50553] 2017051500.01, referer: http://117.2.128.106/admin/tool/customlang/edit.php?lng=vi&p=0
[Sun Jun 11 08:16:42.182325 2017] [:error] [pid 4076:tid 1596] [client 118.68.186.184:50554] 2017051500.01, referer: http://117.2.128.106/admin/tool/customlang/edit.php?lng=vi&p=0
[Sun Jun 11 08:16:54.771547 2017] [:error] [pid 4076:tid 1596] [client 118.68.186.184:50556] 2017051500.01, referer: http://117.2.128.106/admin/tool/customlang/edit.php?lng=vi&p=0
[Sun Jun 11 08:17:03.757163 2017] [:error] [pid 4076:tid 1612] [client 118.68.186.184:50557] 2017051500.01, referer: http://117.2.128.106/admin/tool/customlang/edit.php?lng=vi&p=0
[Sun Jun 11 08:17:16.361985 2017] [:error] [pid 4076:tid 1612] [client 118.68.186.184:50559] 2017051500.01, referer: http://117.2.128.106/admin/tool/customlang/edit.php?lng=vi&p=0
[Sun Jun 11 08:17:28.140006 2017] [:error] [pid 4076:tid 1612] [client 118.68.186.184:50561] 2017051500.01, referer: http://117.2.128.106/admin/tool/customlang/edit.php?lng=vi&p=0
[Sun Jun 11 08:17:39.902427 2017] [:error] [pid 4076:tid 1612] [client 118.68.186.184:50562] 2017051500.01, referer: http://117.2.128.106/admin/tool/customlang/edit.php?lng=vi&p=0
[Sun Jun 11 08:18:33.457321 2017] [:error] [pid 4076:tid 1612] [client 118.68.186.184:50566] 2017051500.01, referer: http://117.2.128.106/admin/tool/customlang/edit.php?lng=vi&p=0
[Sun Jun 11 08:19:12.207789 2017] [:error] [pid 4076:tid 1612] [client 118.68.186.184:50570] 2017051500.01, referer: http://117.2.128.106/admin/tool/customlang/edit.php?lng=vi&p=0
[Sun Jun 11 08:20:17.072703 2017] [:error] [pid 4076:tid 1612] [client 118.68.186.184:50579] 2017051500.01, referer: http://117.2.128.106/admin/tool/customlang/edit.php?lng=vi&p=0
[Sun Jun 11 08:21:07.211191 2017] [:error] [pid 4076:tid 1612] [client 118.68.186.184:50585] 2017051500.01, referer: http://117.2.128.106/admin/tool/customlang/edit.php?lng=vi&p=0
[Sun Jun 11 08:22:06.148094 2017] [:error] [pid 4076:tid 1612] [client 118.68.186.184:50593] 2017051500.01, referer: http://117.2.128.106/admin/tool/customlang/edit.php?lng=vi&p=0
[Sun Jun 11 08:22:16.724913 2017] [:error] [pid 4076:tid 1612] [client 118.68.186.184:50596] 2017051500.01, referer: http://117.2.128.106/admin/tool/customlang/edit.php?lng=vi&p=0
[Sun Jun 11 08:22:37.691350 2017] [:error] [pid 4076:tid 1612] [client 118.68.186.184:50598] 2017051500.01, referer: http://117.2.128.106/admin/tool/customlang/edit.php?lng=vi&p=0
[Sun Jun 11 08:22:57.019784 2017] [:error] [pid 4076:tid 1596] [client 118.68.186.184:50600] 2017051500.01, referer: http://117.2.128.106/admin/tool/customlang/edit.php?lng=vi&p=0
[Sun Jun 11 08:23:07.253402 2017] [:error] [pid 4076:tid 1596] [client 118.68.186.184:50605] 2017051500.01, referer: http://117.2.128.106/admin/tool/customlang/edit.php?lng=vi&p=0
[Sun Jun 11 08:23:15.178216 2017] [:error] [pid 4076:tid 1596] [client 118.68.186.184:50606] 2017051500.01, referer: http://117.2.128.106/admin/tool/customlang/edit.php?lng=vi&p=0
[Sun Jun 11 08:24:51.835985 2017] [:error] [pid 4076:tid 1596] [client 118.68.186.184:50608] 2017051500.01, referer: http://117.2.128.106/admin/tool/customlang/edit.php?lng=vi&p=0
[Sun Jun 11 08:25:17.950431 2017] [:error] [pid 4076:tid 1596] [client 118.68.186.184:50616] 2017051500.01, referer: http://117.2.128.106/admin/tool/customlang/edit.php?lng=vi&p=0
[Sun Jun 11 08:25:51.100489 2017] [:error] [pid 4076:tid 1596] [client 118.68.186.184:50618] 2017051500.01, referer: http://117.2.128.106/admin/tool/customlang/edit.php?lng=vi&p=0
[Sun Jun 11 08:26:06.591317 2017] [:error] [pid 4076:tid 1596] [client 118.68.186.184:50620] 2017051500.01, referer: http://117.2.128.106/admin/tool/customlang/edit.php?lng=vi&p=0
[Sun Jun 11 08:27:18.523043 2017] [:error] [pid 4076:tid 1612] [client 118.68.186.184:50623] 2017051500.01, referer: http://117.2.128.106/admin/tool/customlang/edit.php?lng=vi&p=0
[Sun Jun 11 08:27:50.674699 2017] [:error] [pid 4076:tid 1612] [client 118.68.186.184:50632] 2017051500.01, referer: http://117.2.128.106/admin/tool/customlang/edit.php?lng=vi&p=0
[Sun Jun 11 08:28:06.727128 2017] [:error] [pid 4076:tid 1612] [client 118.68.186.184:50634] 2017051500.01, referer: http://117.2.128.106/admin/tool/customlang/edit.php?lng=vi&p=0
[Sun Jun 11 08:28:35.867979 2017] [:error] [pid 4076:tid 1612] [client 118.68.186.184:50636] 2017051500.01, referer: http://117.2.128.106/admin/tool/customlang/edit.php?lng=vi&p=0
[Sun Jun 11 08:28:46.865998 2017] [:error] [pid 4076:tid 1612] [client 118.68.186.184:50639] 2017051500.01, referer: http://117.2.128.106/admin/tool/customlang/edit.php?lng=vi&p=0
[Sun Jun 11 08:30:21.027764 2017] [:error] [pid 4076:tid 1612] [client 118.68.186.184:50643] 2017051500.01, referer: http://117.2.128.106/admin/tool/customlang/edit.php?lng=vi&p=0
[Sun Jun 11 08:31:11.306652 2017] [:error] [pid 4076:tid 1612] [client 118.68.186.184:50650] 2017051500.01, referer: http://117.2.128.106/admin/tool/customlang/edit.php?lng=vi&p=0
[Sun Jun 11 08:31:34.847093 2017] [:error] [pid 4076:tid 1612] [client 118.68.186.184:50653] 2017051500.01, referer: http://117.2.128.106/admin/tool/customlang/edit.php?lng=vi&p=0
[Sun Jun 11 08:31:43.801509 2017] [:error] [pid 4076:tid 1612] [client 118.68.186.184:50654] 2017051500.01, referer: http://117.2.128.106/admin/tool/customlang/edit.php?lng=vi&p=0
[Sun Jun 11 08:31:51.523522 2017] [:error] [pid 4076:tid 1612] [client 118.68.186.184:50655] 2017051500.01, referer: http://117.2.128.106/admin/tool/customlang/edit.php?lng=vi&p=0
[Sun Jun 11 08:31:59.947537 2017] [:error] [pid 4076:tid 1612] [client 118.68.186.184:50657] 2017051500.01, referer: http://117.2.128.106/admin/tool/customlang/edit.php?lng=vi&p=0
[Sun Jun 11 08:32:40.788409 2017] [:error] [pid 4076:tid 1612] [client 118.68.186.184:50659] 2017051500.01, referer: http://117.2.128.106/admin/tool/customlang/edit.php?lng=vi&p=0
[Sun Jun 11 08:33:04.734451 2017] [:error] [pid 4076:tid 1612] [client 118.68.186.184:50662] 2017051500.01, referer: http://117.2.128.106/admin/tool/customlang/edit.php?lng=vi&p=0
[Sun Jun 11 08:33:41.893716 2017] [:error] [pid 4076:tid 1596] [client 118.68.186.184:50667] 2017051500.01, referer: http://117.2.128.106/admin/tool/customlang/edit.php?lng=vi&p=0
[Sun Jun 11 08:33:51.362933 2017] [:error] [pid 4076:tid 1596] [client 118.68.186.184:50669] 2017051500.01, referer: http://117.2.128.106/admin/tool/customlang/edit.php?lng=vi&p=0
[Sun Jun 11 08:34:32.469005 2017] [:error] [pid 4076:tid 1596] [client 118.68.186.184:50671] 2017051500.01, referer: http://117.2.128.106/admin/tool/customlang/edit.php?lng=vi&p=0
[Sun Jun 11 08:35:01.875057 2017] [:error] [pid 4076:tid 1596] [client 118.68.186.184:50674] 2017051500.01, referer: http://117.2.128.106/admin/tool/customlang/edit.php?lng=vi&p=0
[Sun Jun 11 08:35:12.732676 2017] [:error] [pid 4076:tid 1596] [client 118.68.186.184:50679] 2017051500.01, referer: http://117.2.128.106/admin/tool/customlang/edit.php?lng=vi&p=0
[Sun Jun 11 08:39:43.954752 2017] [:error] [pid 4076:tid 1596] [client 118.68.186.184:50685] 2017051500.01, referer: http://117.2.128.106/admin/tool/customlang/edit.php?lng=vi&p=0
[Sun Jun 11 08:40:09.367197 2017] [:error] [pid 4076:tid 1596] [client 118.68.186.184:50693] 2017051500.01, referer: http://117.2.128.106/admin/tool/customlang/edit.php?lng=vi&p=0
[Sun Jun 11 08:43:49.187183 2017] [:error] [pid 4076:tid 1596] [client 118.68.186.184:50699] 2017051500.01, referer: http://117.2.128.106/admin/tool/customlang/edit.php?lng=vi&p=1
[Sun Jun 11 08:43:55.099593 2017] [:error] [pid 4076:tid 1596] [client 118.68.186.184:50699] 2017051500.01, referer: http://117.2.128.106/admin/tool/customlang/edit.php?lng=vi&p=1
[Sun Jun 11 08:44:11.448422 2017] [:error] [pid 4076:tid 1596] [client 118.68.186.184:50706] 2017051500.01, referer: http://117.2.128.106/admin/tool/customlang/edit.php?lng=vi&p=2
[Sun Jun 11 08:45:04.925316 2017] [:error] [pid 4076:tid 1596] [client 118.68.186.184:50711] 2017051500.01, referer: http://117.2.128.106/mod/quiz/view.php?id=11
[Sun Jun 11 08:45:19.058941 2017] [:error] [pid 4076:tid 1596] [client 118.68.186.184:50714] 2017051500.01, referer: http://117.2.128.106/admin/tool/customlang/edit.php?lng=vi&p=0
[Sun Jun 11 08:45:38.621375 2017] [:error] [pid 4076:tid 1596] [client 118.68.186.184:50724] 2017051500.01, referer: http://117.2.128.106/admin/tool/customlang/edit.php?lng=vi&p=0
[Sun Jun 11 08:46:17.278243 2017] [:error] [pid 4076:tid 1596] [client 118.68.186.184:50736] 2017051500.01, referer: http://117.2.128.106/admin/tool/customlang/edit.php?lng=vi&p=0
[Sun Jun 11 08:46:21.693051 2017] [:error] [pid 4076:tid 1612] [client 118.68.186.184:50738] 2017051500.01, referer: http://117.2.128.106/mod/quiz/attempt.php?attempt=13
[Sun Jun 11 08:46:46.637495 2017] [:error] [pid 4076:tid 1612] [client 118.68.186.184:50741] 2017051500.01, referer: http://117.2.128.106/admin/tool/customlang/edit.php?lng=vi&p=0
[Sun Jun 11 08:47:11.176338 2017] [:error] [pid 4076:tid 1612] [client 118.68.186.184:50743] 2017051500.01, referer: http://117.2.128.106/admin/tool/customlang/edit.php?lng=vi&p=0
[Sun Jun 11 08:47:30.426772 2017] [:error] [pid 4076:tid 1612] [client 118.68.186.184:50745] 2017051500.01, referer: http://117.2.128.106/admin/tool/customlang/edit.php?lng=vi&p=0
[Sun Jun 11 08:48:38.177691 2017] [:error] [pid 4076:tid 1612] [client 118.68.186.184:50748] 2017051500.01, referer: http://117.2.128.106/admin/tool/customlang/edit.php?lng=vi&p=0
[Sun Jun 11 08:48:51.437714 2017] [:error] [pid 4076:tid 1596] [client 118.68.186.184:50754] 2017051500.01, referer: http://117.2.128.106/admin/tool/customlang/index.php?action=checkin&lng=vi&sesskey=PU96QXJLOs
[Sun Jun 11 08:48:56.663723 2017] [:error] [pid 4076:tid 1612] [client 118.68.186.184:50755] 2017051500.01, referer: http://117.2.128.106/mod/quiz/attempt.php?attempt=13
[Sun Jun 11 08:49:02.576133 2017] [:error] [pid 4076:tid 1624] [client 118.68.186.184:50760] 2017051500.01, referer: http://117.2.128.106/mod/quiz/attempt.php?attempt=13&page=1
[Sun Jun 11 08:49:05.118938 2017] [:error] [pid 4076:tid 1624] [client 118.68.186.184:50760] 2017051500.01, referer: http://117.2.128.106/mod/quiz/attempt.php?attempt=13&page=2
[Sun Jun 11 08:49:07.490142 2017] [:error] [pid 4076:tid 1624] [client 118.68.186.184:50760] 2017051500.01, referer: http://117.2.128.106/mod/quiz/attempt.php?attempt=13&page=3
[Sun Jun 11 08:49:09.206145 2017] [:error] [pid 4076:tid 1624] [client 118.68.186.184:50760] 2017051500.01, referer: http://117.2.128.106/mod/quiz/attempt.php?attempt=13&page=4
[Sun Jun 11 08:49:15.758157 2017] [:error] [pid 4076:tid 1624] [client 118.68.186.184:50760] 2017051500.01, referer: http://117.2.128.106/mod/quiz/attempt.php?attempt=13&page=5
[Sun Jun 11 08:49:23.355370 2017] [:error] [pid 4076:tid 1624] [client 118.68.186.184:50764] 2017051500.01, referer: http://117.2.128.106/mod/quiz/attempt.php?attempt=13&page=9
[Sun Jun 11 08:49:43.432605 2017] [:error] [pid 4076:tid 1624] [client 118.68.186.184:50766] 2017051500.01, referer: http://117.2.128.106/admin/tool/customlang/index.php
[Sun Jun 11 08:49:48.019013 2017] [:error] [pid 4076:tid 1624] [client 118.68.186.184:50766] 2017051500.01, referer: http://117.2.128.106/admin/tool/customlang/index.php?lng=vi
[Sun Jun 11 08:50:02.589439 2017] [:error] [pid 4076:tid 1624] [client 118.68.186.184:50766] 2017051500.01, referer: http://117.2.128.106/admin/tool/customlang/index.php
[Sun Jun 11 08:50:17.315865 2017] [:error] [pid 4076:tid 1624] [client 118.68.186.184:50770] 2017051500.01, referer: http://117.2.128.106/admin/tool/customlang/edit.php?lng=vi
[Sun Jun 11 08:51:07.048752 2017] [:error] [pid 4076:tid 1624] [client 118.68.186.184:50773] 2017051500.01, referer: http://117.2.128.106/admin/tool/customlang/edit.php?lng=vi&p=0
[Sun Jun 11 08:51:36.548404 2017] [:error] [pid 4076:tid 1624] [client 118.68.186.184:50778] 2017051500.01, referer: http://117.2.128.106/admin/tool/customlang/edit.php?lng=vi&p=0
[Sun Jun 11 08:53:23.751792 2017] [:error] [pid 4076:tid 1624] [client 118.68.186.184:50783] 2017051500.01, referer: http://117.2.128.106/admin/tool/customlang/edit.php?lng=vi&p=0
[Sun Jun 11 08:53:30.194603 2017] [:error] [pid 4076:tid 1624] [client 118.68.186.184:50783] 2017051500.01, referer: http://117.2.128.106/admin/tool/customlang/edit.php?lng=vi&p=0
[Sun Jun 11 08:53:42.066224 2017] [:error] [pid 4076:tid 1624] [client 118.68.186.184:50783] 2017051500.01, referer: http://117.2.128.106/admin/tool/customlang/index.php?action=checkin&lng=vi&sesskey=PU96QXJLOs
[Sun Jun 11 08:53:51.192240 2017] [:error] [pid 4076:tid 1632] [client 118.68.186.184:50792] 2017051500.01, referer: http://117.2.128.106/mod/quiz/summary.php?attempt=13
[Sun Jun 11 08:53:57.666252 2017] [:error] [pid 4076:tid 1632] [client 118.68.186.184:50792] 2017051500.01, referer: http://117.2.128.106/course/view.php?id=4
[Sun Jun 11 08:54:05.450665 2017] [:error] [pid 4076:tid 1632] [client 118.68.186.184:50794] 2017051500.01, referer: http://117.2.128.106/mod/quiz/view.php?id=11
[Sun Jun 11 08:54:14.046280 2017] [:error] [pid 4076:tid 1632] [client 118.68.186.184:50796] 2017051500.01, referer: http://117.2.128.106/mod/quiz/attempt.php?attempt=13&page=9
