[Mon Jun 12 09:19:01.820732 2017] [:error] [pid 4076:tid 1616] [client 117.3.67.92:53045] 2017051500.01, referer: http://117.2.128.106/admin/settings.php?section=editorsettingstinymce
[Mon Jun 12 09:19:07.670742 2017] [:error] [pid 4076:tid 1616] [client 117.3.67.92:35011] 2017051500.01, referer: http://117.2.128.106/admin/category.php?category=editorsettings
[Mon Jun 12 09:24:31.433711 2017] [:error] [pid 4076:tid 1556] [client 14.165.53.40:50208] 2017051500.01
[Mon Jun 12 09:24:33.290114 2017] [:error] [pid 4076:tid 1600] [client 117.3.101.146:53866] 2017051500.01, referer: http://117.2.128.106/admin/settings.php?section=themesettingcontemporary
[Mon Jun 12 09:24:34.928117 2017] [:error] [pid 4076:tid 1556] [client 14.165.53.40:50208] 2017051500.01, referer: http://117.2.128.106/
[Mon Jun 12 09:24:45.146135 2017] [:error] [pid 4076:tid 1556] [client 14.165.53.40:50235] 2017051500.01, referer: http://117.2.128.106/login/index.php
[Mon Jun 12 09:24:57.267356 2017] [:error] [pid 4076:tid 1632] [client 117.3.101.146:54312] 2017051500.01, referer: http://117.2.128.106/admin/settings.php?section=themesettingcontemporary
[Mon Jun 12 09:25:04.458969 2017] [:error] [pid 4076:tid 1632] [client 14.165.53.40:50274] 2017051500.01, referer: http://117.2.128.106/
[Mon Jun 12 09:25:12.227782 2017] [:error] [pid 4076:tid 1632] [client 14.165.53.40:50289] 2017051500.01, referer: http://117.2.128.106/login/index.php
[Mon Jun 12 09:25:45.861441 2017] [:error] [pid 4076:tid 1616] [client 14.165.53.40:50353] 2017051500.01, referer: http://117.2.128.106/
[Mon Jun 12 09:25:55.783059 2017] [:error] [pid 4076:tid 1556] [client 14.165.53.40:50376] 2017051500.01, referer: http://117.2.128.106/admin/settings.php?section=themesettingcontemporary
[Mon Jun 12 09:26:15.782294 2017] [:error] [pid 4076:tid 1556] [client 117.3.67.92:40383] 2017051500.01, referer: http://117.2.128.106/
[Mon Jun 12 09:26:51.022756 2017] [:error] [pid 4076:tid 1556] [client 117.3.101.146:59019] 2017051500.01, referer: http://117.2.128.106/login/index.php
[Mon Jun 12 09:27:06.123582 2017] [:error] [pid 4076:tid 1556] [client 113.160.248.219:41136] 2017051500.01, referer: http://117.2.128.106/
[Mon Jun 12 09:27:29.742024 2017] [:error] [pid 4076:tid 1556] [client 113.160.248.219:41468] 2017051500.01, referer: http://117.2.128.106/login/index.php
[Mon Jun 12 09:28:21.580915 2017] [:error] [pid 4076:tid 1556] [client 113.160.248.219:57697] 2017051500.01, referer: http://117.2.128.106/admin/settings.php?section=themesettingcontemporary
[Mon Jun 12 09:29:09.566599 2017] [:error] [pid 4076:tid 1636] [client 117.3.101.146:58223] 2017051500.01, referer: http://117.2.128.106/admin/settings.php?section=frontpagesettings
[Mon Jun 12 09:29:56.585082 2017] [:error] [pid 4076:tid 1556] [client 117.3.101.146:58746] 2017051500.01, referer: http://117.2.128.106/admin/settings.php?section=manageauths
[Mon Jun 12 09:30:03.246293 2017] [:error] [pid 4076:tid 1636] [client 117.3.67.92:33630] 2017051500.01, referer: http://117.2.128.106/admin/settings.php?section=manageauths
[Mon Jun 12 09:31:08.438808 2017] [:error] [pid 4076:tid 1636] [client 117.3.67.92:44436] 2017051500.01, referer: http://117.2.128.106/
[Mon Jun 12 09:31:16.597622 2017] [:error] [pid 4076:tid 1636] [client 117.3.67.92:34398] 2017051500.01, referer: http://117.2.128.106/admin/settings.php?section=manageeditors
[Mon Jun 12 09:32:32.429355 2017] [:error] [pid 4076:tid 1636] [client 113.160.248.219:35607] 2017051500.01, referer: http://117.2.128.106/admin/settings.php?section=editorsettingsatto
[Mon Jun 12 09:32:56.437798 2017] [:error] [pid 4076:tid 1636] [client 117.3.67.92:45929] 2017051500.01, referer: http://117.2.128.106/admin/settings.php?section=editorsettingsatto
[Mon Jun 12 09:33:19.603838 2017] [:error] [pid 4076:tid 1556] [client 113.160.248.219:46030] 2017051500.01, referer: http://117.2.128.106/admin/settings.php?section=editorsettingsatto
[Mon Jun 12 09:33:28.651854 2017] [:error] [pid 4076:tid 1556] [client 113.160.248.219:35957] 2017051500.01, referer: http://117.2.128.106/admin/settings.php?section=editorsettingsatto
[Mon Jun 12 09:33:33.503463 2017] [:error] [pid 4076:tid 1556] [client 117.3.67.92:36044] 2017051500.01, referer: http://117.2.128.106/admin/category.php?category=editorsettings
[Mon Jun 12 09:34:01.177911 2017] [:error] [pid 4076:tid 1556] [client 117.3.67.92:46527] 2017051500.01, referer: http://117.2.128.106/admin/settings.php?section=editorsettingstinymce
[Mon Jun 12 09:34:16.668738 2017] [:error] [pid 4076:tid 1556] [client 117.3.101.146:33557] 2017051500.01, referer: http://117.2.128.106/admin/settings.php?section=tinymcepoodllsettings
[Mon Jun 12 09:34:57.494010 2017] [:error] [pid 4076:tid 1556] [client 117.3.67.92:47532] 2017051500.01
[Mon Jun 12 09:35:01.331617 2017] [:error] [pid 4076:tid 1556] [client 117.3.101.146:34429] 2017051500.01, referer: http://117.2.128.106/admin/tool/installaddon/index.php?installaddonrequest=eyJuYW1lIjoiUG9vZExMIFJlcG9zaXRvcnkiLCJjb21wb25lbnQiOiJyZXBvc2l0b3J5X3Bvb2RsbCIsInZlcnNpb24iOiIyMDE2MTEyNzAxIn0%3D&confirm=0
[Mon Jun 12 09:35:26.946862 2017] [:error] [pid 4076:tid 1636] [client 117.3.101.146:38046] 2017051500.01
[Mon Jun 12 09:35:30.176068 2017] [:error] [pid 4076:tid 1636] [client 117.3.101.146:35054] 2017051500.01, referer: http://117.2.128.106/admin/tool/installaddon/index.php?installaddonrequest=eyJuYW1lIjoiUG9vZExMIFJlcG9zaXRvcnkiLCJjb21wb25lbnQiOiJyZXBvc2l0b3J5X3Bvb2RsbCIsInZlcnNpb24iOiIyMDE2MTEyNzAxIn0%3D&confirm=0
[Mon Jun 12 09:35:43.311291 2017] [:error] [pid 4076:tid 1636] [client 113.160.248.219:35266] 2017051500.01, referer: http://117.2.128.106/admin/tool/installaddon/index.php?
[Mon Jun 12 09:35:52.047306 2017] [:error] [pid 4076:tid 1636] [client 117.3.67.92:48518] 2017051500.01, referer: http://117.2.128.106/admin/tool/installaddon/index.php?installzipcomponent=repository_poodll&installzipstorage=75d5c6f4-2186-4bae-aae6-e2c29edea9d6&sesskey=ItnVUiHQKV
[Mon Jun 12 09:36:38.987788 2017] [:error] [pid 4076:tid 1636] [client 117.3.101.146:35827] 2017051500.01, referer: http://117.2.128.106/admin/index.php?cache=0&confirmplugincheck=0
[Mon Jun 12 09:36:59.907425 2017] [:error] [pid 4076:tid 1632] [client 117.3.67.92:49382] 2017051500.01, referer: http://117.2.128.106/admin/index.php?cache=0&confirmplugincheck=1
[Mon Jun 12 09:37:05.507835 2017] [:error] [pid 4076:tid 1556] [client 117.3.101.146:36447] 2017051500.01, referer: http://117.2.128.106/admin/index.php?cache=1
[Mon Jun 12 09:37:10.156643 2017] [:error] [pid 4076:tid 1616] [client 113.160.248.219:49762] 2017051500.01, referer: http://117.2.128.106/admin/category.php?category=editorsettings
[Mon Jun 12 09:37:50.077113 2017] [:error] [pid 4076:tid 1596] [client 117.3.67.92:50735] 2017051500.01, referer: http://117.2.128.106/
[Mon Jun 12 09:38:25.411175 2017] [:error] [pid 4076:tid 1616] [client 117.3.101.146:37755] 2017051500.01, referer: http://117.2.128.106/admin/settings.php?section=themesettingcontemporary
[Mon Jun 12 09:39:09.028852 2017] [:error] [pid 4076:tid 1556] [client 116.98.82.41:56811] 2017051500.01
[Mon Jun 12 09:43:02.810863 2017] [:error] [pid 4076:tid 1616] [client 117.3.67.92:53674] 2017051500.01
[Mon Jun 12 09:43:22.420097 2017] [:error] [pid 4076:tid 1616] [client 117.3.101.146:43609] 2017051500.01, referer: http://117.2.128.106/
[Mon Jun 12 09:43:31.343313 2017] [:error] [pid 4076:tid 1616] [client 113.160.248.219:43632] 2017051500.01, referer: http://117.2.128.106/login/index.php
[Mon Jun 12 09:43:44.759336 2017] [:error] [pid 4076:tid 1532] [client 113.160.248.219:53886] 2017051500.01, referer: http://117.2.128.106/course/view.php?id=4
[Mon Jun 12 09:43:48.955744 2017] [:error] [pid 4076:tid 1532] [client 117.3.101.146:43734] 2017051500.01, referer: http://117.2.128.106/admin/category.php?category=accounts
[Mon Jun 12 09:45:12.915091 2017] [:error] [pid 4076:tid 1596] [client 113.160.248.219:42085] 2017051500.01, referer: http://117.2.128.106/user/editadvanced.php?id=-1
[Mon Jun 12 09:45:19.045902 2017] [:error] [pid 4076:tid 1596] [client 117.3.101.146:42207] 2017051500.01, referer: http://117.2.128.106/admin/user.php
[Mon Jun 12 09:45:23.725910 2017] [:error] [pid 4076:tid 1596] [client 117.3.101.146:45386] 2017051500.01, referer: http://117.2.128.106/
[Mon Jun 12 09:45:44.505147 2017] [:error] [pid 4076:tid 1596] [client 113.160.248.219:55987] 2017051500.01, referer: http://117.2.128.106/course/view.php?id=4
[Mon Jun 12 09:45:47.734352 2017] [:error] [pid 4076:tid 1616] [client 117.3.67.92:56060] 2017051500.01, referer: http://117.2.128.106/enrol/instances.php?id=4
[Mon Jun 12 09:45:53.833963 2017] [:error] [pid 4076:tid 1596] [client 113.160.248.219:56126] 2017051500.01, referer: http://117.2.128.106/enrol/manual/manage.php?enrolid=10
[Mon Jun 12 09:45:58.420371 2017] [:error] [pid 4076:tid 1596] [client 117.3.101.146:42968] 2017051500.01, referer: http://117.2.128.106/enrol/manual/manage.php?enrolid=10
[Mon Jun 12 09:55:45.262202 2017] [:error] [pid 4076:tid 1596] [client 117.3.101.146:50796] 2017051500.01, referer: http://117.2.128.106/
[Mon Jun 12 09:56:32.140284 2017] [:error] [pid 4076:tid 1616] [client 117.3.101.146:54502] 2017051500.01, referer: http://117.2.128.106/admin/settings.php?section=themesettingcontemporary
[Mon Jun 12 09:59:38.264211 2017] [:error] [pid 4076:tid 1556] [client 117.3.101.146:56628] 2017051500.01, referer: http://117.2.128.106/admin/settings.php?section=themesettingcontemporary
[Mon Jun 12 09:59:43.115819 2017] [:error] [pid 4076:tid 1616] [client 113.160.248.219:56728] 2017051500.01, referer: http://117.2.128.106/admin/settings.php?section=themesettingcontemporary
[Mon Jun 12 10:05:37.080441 2017] [:error] [pid 4076:tid 1616] [client 117.3.67.92:59699] 2017051500.01, referer: http://117.2.128.106/
[Mon Jun 12 10:05:37.813642 2017] [:error] [pid 4076:tid 1556] [client 117.3.67.92:41664] 2017051500.01, referer: http://117.2.128.106/
[Mon Jun 12 10:05:43.429652 2017] [:error] [pid 4076:tid 1556] [client 117.3.101.146:59849] 2017051500.01, referer: http://117.2.128.106/admin/tool/customlang/index.php
[Mon Jun 12 10:05:46.768058 2017] [:error] [pid 4076:tid 1556] [client 117.3.101.146:56868] 2017051500.01, referer: http://117.2.128.106/admin/tool/customlang/index.php?lng=vi
[Mon Jun 12 10:06:25.721327 2017] [:error] [pid 4076:tid 1556] [client 117.3.101.146:57230] 2017051500.01, referer: http://117.2.128.106/admin/tool/customlang/index.php
[Mon Jun 12 10:07:10.212605 2017] [:error] [pid 4076:tid 1556] [client 113.160.248.219:57492] 2017051500.01, referer: http://117.2.128.106/admin/tool/customlang/edit.php?lng=vi
[Mon Jun 12 10:10:20.673339 2017] [:error] [pid 4076:tid 1556] [client 117.3.67.92:34675] 2017051500.01, referer: http://117.2.128.106/admin/tool/customlang/edit.php?lng=vi&p=0
[Mon Jun 12 10:10:28.972554 2017] [:error] [pid 4076:tid 1556] [client 117.3.67.92:34806] 2017051500.01, referer: http://117.2.128.106/admin/tool/customlang/edit.php?lng=vi&p=0
[Mon Jun 12 10:10:46.787785 2017] [:error] [pid 4076:tid 1556] [client 117.3.101.146:60169] 2017051500.01, referer: http://117.2.128.106/admin/tool/customlang/index.php?action=checkin&lng=vi&sesskey=vkvCeC5Qn1
[Mon Jun 12 10:11:01.217811 2017] [:error] [pid 4076:tid 1556] [client 117.3.101.146:60246] 2017051500.01, referer: http://117.2.128.106/admin/tool/customlang/index.php?action=checkin&lng=vi&sesskey=vkvCeC5Qn1
[Mon Jun 12 10:11:05.117817 2017] [:error] [pid 4076:tid 1556] [client 117.3.67.92:45329] 2017051500.01, referer: http://117.2.128.106/admin/tool/customlang/index.php
[Mon Jun 12 10:11:08.612224 2017] [:error] [pid 4076:tid 1556] [client 113.160.248.219:60401] 2017051500.01, referer: http://117.2.128.106/
[Mon Jun 12 10:11:16.630638 2017] [:error] [pid 4076:tid 1556] [client 117.3.67.92:45505] 2017051500.01, referer: http://117.2.128.106/course/view.php?id=4
[Mon Jun 12 10:11:22.839448 2017] [:error] [pid 4076:tid 1556] [client 117.3.101.146:60603] 2017051500.01, referer: http://117.2.128.106/
[Mon Jun 12 10:11:32.917066 2017] [:error] [pid 4076:tid 1556] [client 113.160.248.219:35478] 2017051500.01, referer: http://117.2.128.106/course/view.php?id=4
[Mon Jun 12 10:12:14.959140 2017] [:error] [pid 4076:tid 1616] [client 113.160.248.219:35931] 2017051500.01, referer: http://117.2.128.106/course/view.php?id=4&notifyeditingon=1
[Mon Jun 12 10:12:45.784794 2017] [:error] [pid 4076:tid 1616] [client 113.160.248.219:36185] 2017051500.01, referer: http://117.2.128.106/admin/settings.php?section=themesettingcontemporary
[Mon Jun 12 10:13:17.359250 2017] [:error] [pid 4076:tid 1532] [client 117.3.101.146:33593] 2017051500.01, referer: http://117.2.128.106/admin/settings.php?section=themesettingcontemporary
[Mon Jun 12 10:13:25.143663 2017] [:error] [pid 4076:tid 1532] [client 117.3.101.146:33765] 2017051500.01, referer: http://117.2.128.106/admin/tool/uploaduser/index.php
[Mon Jun 12 10:14:22.957365 2017] [:error] [pid 4076:tid 1616] [client 117.3.67.92:47540] 2017051500.01, referer: http://117.2.128.106/user/editadvanced.php?id=-1
[Mon Jun 12 10:14:28.776175 2017] [:error] [pid 4076:tid 1616] [client 117.3.101.146:47570] 2017051500.01, referer: http://117.2.128.106/admin/user.php
[Mon Jun 12 10:14:32.395381 2017] [:error] [pid 4076:tid 1616] [client 117.3.101.146:37420] 2017051500.01, referer: http://117.2.128.106/
[Mon Jun 12 10:14:41.240597 2017] [:error] [pid 4076:tid 1616] [client 117.3.67.92:47626] 2017051500.01, referer: http://117.2.128.106/course/view.php?id=4
[Mon Jun 12 10:14:44.688203 2017] [:error] [pid 4076:tid 1616] [client 113.160.248.219:47634] 2017051500.01, referer: http://117.2.128.106/enrol/instances.php?id=4
[Mon Jun 12 10:14:50.538213 2017] [:error] [pid 4076:tid 1616] [client 117.3.101.146:34471] 2017051500.01, referer: http://117.2.128.106/enrol/manual/manage.php?enrolid=10
[Mon Jun 12 10:14:50.834614 2017] [:error] [pid 4076:tid 1596] [client 117.3.67.92:47668] 2017051500.01, referer: http://117.2.128.106/enrol/manual/manage.php?enrolid=10
[Mon Jun 12 10:15:20.084665 2017] [:error] [pid 4076:tid 1596] [client 117.3.101.146:38253] 2017051500.01
[Mon Jun 12 10:15:25.201474 2017] [:error] [pid 4076:tid 1596] [client 117.3.67.92:48486] 2017051500.01, referer: http://117.2.128.106/
[Mon Jun 12 10:15:42.392704 2017] [:error] [pid 4076:tid 1596] [client 117.3.101.146:35662] 2017051500.01, referer: http://117.2.128.106/login/index.php
[Mon Jun 12 10:20:05.128366 2017] [:error] [pid 4076:tid 1596] [client 117.3.101.146:39527] 2017051500.01, referer: http://117.2.128.106/
[Mon Jun 12 10:20:12.163978 2017] [:error] [pid 4076:tid 1596] [client 117.3.101.146:39627] 2017051500.01, referer: http://117.2.128.106/course/view.php?id=4
[Mon Jun 12 10:20:18.622390 2017] [:error] [pid 4076:tid 1596] [client 113.160.248.219:39738] 2017051500.01, referer: http://117.2.128.106/mod/quiz/view.php?id=11
[Mon Jun 12 10:20:18.887590 2017] [:error] [pid 4076:tid 1532] [client 113.160.248.219:52935] 2017051500.01, referer: http://117.2.128.106/mod/quiz/view.php?id=11
[Mon Jun 12 10:20:22.272796 2017] [:error] [pid 4076:tid 1532] [client 113.160.248.219:42780] 2017051500.01, referer: http://117.2.128.106/course/view.php?id=4
[Mon Jun 12 10:20:27.592405 2017] [:error] [pid 4076:tid 1532] [client 117.3.101.146:39817] 2017051500.01, referer: http://117.2.128.106/course/view.php?id=4&lang=vi
[Mon Jun 12 10:20:32.615614 2017] [:error] [pid 4076:tid 1532] [client 117.3.101.146:39887] 2017051500.01, referer: http://117.2.128.106/course/view.php?id=4
[Mon Jun 12 10:20:41.024029 2017] [:error] [pid 4076:tid 1532] [client 113.160.248.219:43086] 2017051500.01, referer: http://117.2.128.106/course/view.php?id=4&lang=vi
[Mon Jun 12 10:24:34.338039 2017] [:error] [pid 4076:tid 1532] [client 117.3.101.146:43216] 2017051500.01, referer: http://117.2.128.106/enrol/manual/manage.php?enrolid=10
[Mon Jun 12 10:25:30.934938 2017] [:error] [pid 4076:tid 1532] [client 117.3.67.92:57074] 2017051500.01, referer: http://117.2.128.106/
[Mon Jun 12 10:25:44.319762 2017] [:error] [pid 4076:tid 1596] [client 117.3.101.146:44146] 2017051500.01, referer: http://117.2.128.106/admin/category.php?category=appearance
[Mon Jun 12 10:25:45.536564 2017] [:error] [pid 4076:tid 1596] [client 117.3.101.146:47227] 2017051500.01, referer: http://117.2.128.106/admin/category.php?category=appearance
[Mon Jun 12 10:25:54.038579 2017] [:error] [pid 4076:tid 1596] [client 113.160.248.219:57607] 2017051500.01, referer: http://117.2.128.106/admin/tool/customlang/index.php
[Mon Jun 12 10:25:58.125786 2017] [:error] [pid 4076:tid 1616] [client 117.3.67.92:57702] 2017051500.01, referer: http://117.2.128.106/admin/tool/customlang/index.php?lng=vi
[Mon Jun 12 10:25:58.780987 2017] [:error] [pid 4076:tid 1596] [client 117.3.101.146:47533] 2017051500.01, referer: http://117.2.128.106/admin/tool/customlang/index.php?lng=vi
[Mon Jun 12 10:25:59.467388 2017] [:error] [pid 4076:tid 1636] [client 117.3.101.146:44508] 2017051500.01, referer: http://117.2.128.106/admin/tool/customlang/index.php?lng=vi
[Mon Jun 12 10:26:11.042609 2017] [:error] [pid 4076:tid 1636] [client 117.3.67.92:47737] 2017051500.01, referer: http://117.2.128.106/admin/tool/customlang/index.php
[Mon Jun 12 10:26:27.329037 2017] [:error] [pid 4076:tid 1636] [client 117.3.101.146:44839] 2017051500.01, referer: http://117.2.128.106/admin/tool/customlang/edit.php?lng=vi
[Mon Jun 12 10:27:38.761563 2017] [:error] [pid 4076:tid 1636] [client 117.2.128.71:14238] 2017051500.01
[Mon Jun 12 10:27:42.209169 2017] [:error] [pid 4076:tid 1636] [client 117.2.128.71:14238] 2017051500.01, referer: http://117.2.128.106/
[Mon Jun 12 10:28:14.173625 2017] [:error] [pid 4076:tid 1632] [client 117.2.128.71:14254] 2017051500.01, referer: http://117.2.128.106/login/index.php
[Mon Jun 12 10:29:23.936947 2017] [:error] [pid 4076:tid 1532] [client 117.3.67.92:50458] 2017051500.01, referer: http://117.2.128.106/admin/tool/customlang/edit.php?lng=vi&p=0
[Mon Jun 12 10:29:31.518561 2017] [:error] [pid 4076:tid 1556] [client 117.2.128.71:14304] 2017051500.01, referer: http://117.2.128.106/
[Mon Jun 12 10:29:35.995769 2017] [:error] [pid 4076:tid 1600] [client 117.3.67.92:60760] 2017051500.01, referer: http://117.2.128.106/admin/tool/customlang/edit.php?lng=vi&p=0
[Mon Jun 12 10:29:46.432187 2017] [:error] [pid 4076:tid 1616] [client 117.2.128.71:14317] 2017051500.01, referer: http://117.2.128.106/course/view.php?id=4
[Mon Jun 12 10:30:01.018212 2017] [:error] [pid 4076:tid 1616] [client 117.2.128.71:14321] 2017051500.01, referer: http://117.2.128.106/mod/quiz/view.php?id=20
[Mon Jun 12 10:30:04.668619 2017] [:error] [pid 4076:tid 1616] [client 117.2.128.71:14321] 2017051500.01, referer: http://117.2.128.106/course/view.php?id=4
[Mon Jun 12 10:30:27.007858 2017] [:error] [pid 4076:tid 1632] [client 117.2.128.71:14382] 2017051500.01, referer: http://117.2.128.106/mod/quiz/view.php?id=20
[Mon Jun 12 10:30:28.770661 2017] [:error] [pid 4076:tid 1600] [client 117.3.101.146:51412] 2017051500.01, referer: http://117.2.128.106/admin/tool/customlang/edit.php?lng=vi&p=0
[Mon Jun 12 10:30:38.551878 2017] [:error] [pid 4076:tid 1532] [client 117.2.128.71:14422] 2017051500.01, referer: http://117.2.128.106/course/view.php?id=4
[Mon Jun 12 10:30:49.799498 2017] [:error] [pid 4076:tid 1532] [client 117.2.128.71:14437] 2017051500.01
[Mon Jun 12 10:30:56.133109 2017] [:error] [pid 4076:tid 1556] [client 117.2.128.71:14438] 2017051500.01, referer: http://117.2.128.106/
[Mon Jun 12 10:31:06.241927 2017] [:error] [pid 4076:tid 1556] [client 117.3.67.92:33928] 2017051500.01, referer: http://117.2.128.106/admin/tool/customlang/edit.php?lng=vi&p=0
[Mon Jun 12 10:31:06.460327 2017] [:error] [pid 4076:tid 1632] [client 117.2.128.71:14448] 2017051500.01, referer: http://117.2.128.106/login/index.php
[Mon Jun 12 10:31:20.905953 2017] [:error] [pid 4076:tid 1632] [client 113.160.248.219:52387] 2017051500.01, referer: http://117.2.128.106/admin/tool/customlang/edit.php?lng=vi&p=0
[Mon Jun 12 10:31:32.356373 2017] [:error] [pid 4076:tid 1632] [client 117.2.128.71:14468] 2017051500.01, referer: http://117.2.128.106/login/index.php
[Mon Jun 12 10:31:41.763189 2017] [:error] [pid 4076:tid 1632] [client 117.3.67.92:34616] 2017051500.01, referer: http://117.2.128.106/admin/tool/customlang/edit.php?lng=vi&p=0
[Mon Jun 12 10:32:05.693631 2017] [:error] [pid 4076:tid 1632] [client 113.160.248.219:53004] 2017051500.01, referer: http://117.2.128.106/admin/tool/customlang/edit.php?lng=vi&p=0
[Mon Jun 12 10:32:22.151660 2017] [:error] [pid 4076:tid 1632] [client 117.2.128.71:14488] 2017051500.01, referer: http://117.2.128.106/mod/quiz/view.php?id=11
[Mon Jun 12 10:32:27.752070 2017] [:error] [pid 4076:tid 1616] [client 117.2.128.71:14491] 2017051500.01, referer: http://117.2.128.106/mod/quiz/attempt.php?attempt=20
[Mon Jun 12 10:32:39.717291 2017] [:error] [pid 4076:tid 1616] [client 117.2.128.71:14504] 2017051500.01, referer: http://117.2.128.106/mod/quiz/attempt.php?attempt=20&page=1
[Mon Jun 12 10:32:41.994895 2017] [:error] [pid 4076:tid 1616] [client 117.2.128.71:14504] 2017051500.01, referer: http://117.2.128.106/mod/quiz/attempt.php?attempt=20
[Mon Jun 12 10:32:56.596521 2017] [:error] [pid 4076:tid 1616] [client 117.2.128.71:14510] 2017051500.01, referer: http://117.2.128.106/mod/quiz/attempt.php?attempt=20&page=6
[Mon Jun 12 10:33:04.349734 2017] [:error] [pid 4076:tid 1632] [client 117.3.67.92:51186] 2017051500.01, referer: http://117.2.128.106/admin/tool/customlang/edit.php?lng=vi&p=0
[Mon Jun 12 10:33:05.784937 2017] [:error] [pid 4076:tid 1616] [client 117.2.128.71:14512] 2017051500.01, referer: http://117.2.128.106/mod/quiz/attempt.php?attempt=20&page=7
[Mon Jun 12 10:33:11.650547 2017] [:error] [pid 4076:tid 1632] [client 113.160.248.219:54279] 2017051500.01, referer: http://117.2.128.106/admin/tool/customlang/edit.php?lng=vi&p=0
[Mon Jun 12 10:33:12.102948 2017] [:error] [pid 4076:tid 1616] [client 117.2.128.71:14513] 2017051500.01, referer: http://117.2.128.106/mod/quiz/attempt.php?attempt=20&page=6
[Mon Jun 12 10:33:21.384964 2017] [:error] [pid 4076:tid 1616] [client 117.2.128.71:14514] 2017051500.01, referer: http://117.2.128.106/mod/quiz/summary.php?attempt=20
[Mon Jun 12 10:33:25.238171 2017] [:error] [pid 4076:tid 1616] [client 117.2.128.71:14514] 2017051500.01, referer: http://117.2.128.106/mod/quiz/attempt.php?attempt=20&page=6
[Mon Jun 12 10:33:26.033773 2017] [:error] [pid 4076:tid 1632] [client 117.3.67.92:54477] 2017051500.01, referer: http://117.2.128.106/admin/tool/customlang/edit.php?lng=vi&p=0
[Mon Jun 12 10:33:27.468975 2017] [:error] [pid 4076:tid 1616] [client 117.2.128.71:14514] 2017051500.01, referer: http://117.2.128.106/mod/quiz/attempt.php?attempt=20
[Mon Jun 12 10:33:29.216178 2017] [:error] [pid 4076:tid 1616] [client 117.2.128.71:14514] 2017051500.01, referer: http://117.2.128.106/mod/quiz/attempt.php?attempt=20&page=1
[Mon Jun 12 10:33:30.370580 2017] [:error] [pid 4076:tid 1616] [client 117.2.128.71:14514] 2017051500.01, referer: http://117.2.128.106/mod/quiz/attempt.php?attempt=20&page=2
[Mon Jun 12 10:33:31.322182 2017] [:error] [pid 4076:tid 1616] [client 117.2.128.71:14514] 2017051500.01, referer: http://117.2.128.106/mod/quiz/attempt.php?attempt=20&page=3
[Mon Jun 12 10:33:31.930583 2017] [:error] [pid 4076:tid 1632] [client 117.2.128.71:14523] 2017051500.01, referer: http://117.2.128.106/mod/quiz/attempt.php?attempt=20&page=4
[Mon Jun 12 10:33:32.476584 2017] [:error] [pid 4076:tid 1616] [client 117.2.128.71:14514] 2017051500.01, referer: http://117.2.128.106/mod/quiz/attempt.php?attempt=20&page=5
[Mon Jun 12 10:33:33.053785 2017] [:error] [pid 4076:tid 1632] [client 117.2.128.71:14523] 2017051500.01, referer: http://117.2.128.106/mod/quiz/attempt.php?attempt=20&page=7
[Mon Jun 12 10:33:34.426587 2017] [:error] [pid 4076:tid 1632] [client 117.2.128.71:14523] 2017051500.01, referer: http://117.2.128.106/mod/quiz/attempt.php?attempt=20&page=9
[Mon Jun 12 10:33:39.356196 2017] [:error] [pid 4076:tid 1632] [client 117.2.128.71:14523] 2017051500.01, referer: http://117.2.128.106/mod/quiz/attempt.php?attempt=20&page=8
[Mon Jun 12 10:34:45.469112 2017] [:error] [pid 4076:tid 1632] [client 117.3.101.146:52939] 2017051500.01, referer: http://117.2.128.106/admin/tool/customlang/edit.php?lng=vi&p=0
[Mon Jun 12 10:35:48.898823 2017] [:error] [pid 4076:tid 1632] [client 117.2.128.71:14544] 2017051500.01, referer: http://117.2.128.106/mod/quiz/summary.php?attempt=20
[Mon Jun 12 10:36:16.417272 2017] [:error] [pid 4076:tid 1632] [client 117.3.101.146:54244] 2017051500.01, referer: http://117.2.128.106/admin/tool/customlang/edit.php?lng=vi&p=0
[Mon Jun 12 10:36:42.375717 2017] [:error] [pid 4076:tid 1632] [client 117.3.67.92:39611] 2017051500.01, referer: http://117.2.128.106/admin/tool/customlang/edit.php?lng=vi&p=0
[Mon Jun 12 10:37:36.336212 2017] [:error] [pid 4076:tid 1632] [client 117.3.101.146:58124] 2017051500.01, referer: http://117.2.128.106/admin/tool/customlang/edit.php?lng=vi&p=0
[Mon Jun 12 10:37:50.501037 2017] [:error] [pid 4076:tid 1632] [client 113.160.248.219:58238] 2017051500.01, referer: http://117.2.128.106/admin/tool/customlang/edit.php?lng=vi&p=0
[Mon Jun 12 10:37:58.363451 2017] [:error] [pid 4076:tid 1632] [client 117.3.101.146:58312] 2017051500.01, referer: http://117.2.128.106/mod/quiz/view.php?id=11
[Mon Jun 12 10:38:02.325858 2017] [:error] [pid 4076:tid 1616] [client 117.3.101.146:55364] 2017051500.01, referer: http://117.2.128.106/
[Mon Jun 12 10:38:10.921473 2017] [:error] [pid 4076:tid 1632] [client 117.2.128.71:14563] 2017051500.01, referer: http://117.2.128.106/mod/quiz/view.php?id=11
[Mon Jun 12 10:38:13.823078 2017] [:error] [pid 4076:tid 1556] [client 117.3.67.92:40437] 2017051500.01, referer: http://117.2.128.106/login/index.php
[Mon Jun 12 10:38:36.817518 2017] [:error] [pid 4076:tid 1600] [client 117.3.67.92:40882] 2017051500.01, referer: http://117.2.128.106/login/index.php
[Mon Jun 12 10:38:40.280725 2017] [:error] [pid 4076:tid 1532] [client 117.3.101.146:55975] 2017051500.01, referer: http://117.2.128.106/login/index.php
[Mon Jun 12 10:38:41.762727 2017] [:error] [pid 4076:tid 1596] [client 117.2.128.71:14581] 2017051500.01, referer: http://117.2.128.106/mod/quiz/view.php?id=20
[Mon Jun 12 10:38:46.286735 2017] [:error] [pid 4076:tid 1596] [client 117.2.128.71:14581] 2017051500.01, referer: http://117.2.128.106/login/index.php
[Mon Jun 12 10:38:52.105545 2017] [:error] [pid 4076:tid 1532] [client 117.3.101.146:59125] 2017051500.01, referer: http://117.2.128.106/
[Mon Jun 12 10:38:55.833952 2017] [:error] [pid 4076:tid 1596] [client 113.160.248.219:56143] 2017051500.01, referer: http://117.2.128.106/admin/category.php?category=users
[Mon Jun 12 10:38:59.031957 2017] [:error] [pid 4076:tid 1596] [client 117.3.101.146:56206] 2017051500.01, referer: http://117.2.128.106/admin/category.php?category=accounts
[Mon Jun 12 10:39:11.979980 2017] [:error] [pid 4076:tid 1596] [client 117.3.67.92:56544] 2017051500.01, referer: http://117.2.128.106/admin/user.php
[Mon Jun 12 10:39:41.510832 2017] [:error] [pid 4076:tid 1632] [client 117.2.128.71:14591] 2017051500.01, referer: http://117.2.128.106/
[Mon Jun 12 10:39:44.849238 2017] [:error] [pid 4076:tid 1532] [client 117.3.67.92:42405] 2017051500.01, referer: http://117.2.128.106/user/editadvanced.php?id=10&course=1
[Mon Jun 12 10:40:06.470876 2017] [:error] [pid 4076:tid 1632] [client 117.2.128.71:14597] 2017051500.01, referer: http://117.2.128.106/?lang=vi
[Mon Jun 12 10:40:15.862092 2017] [:error] [pid 4076:tid 1632] [client 117.2.128.71:14600] 2017051500.01, referer: http://117.2.128.106/login/index.php
[Mon Jun 12 10:40:19.434499 2017] [:error] [pid 4076:tid 1532] [client 117.3.101.146:57655] 2017051500.01, referer: http://117.2.128.106/login/index.php
[Mon Jun 12 10:40:35.611727 2017] [:error] [pid 4076:tid 1632] [client 117.3.101.146:57715] 2017051500.01, referer: http://117.2.128.106/login/index.php
[Mon Jun 12 10:40:50.260153 2017] [:error] [pid 4076:tid 1632] [client 117.2.128.71:14623] 2017051500.01, referer: http://117.2.128.106/course/view.php?id=4
[Mon Jun 12 10:40:53.099358 2017] [:error] [pid 4076:tid 1532] [client 117.2.128.71:14624] 2017051500.01, referer: http://117.2.128.106/login/index.php
[Mon Jun 12 10:40:53.567359 2017] [:error] [pid 4076:tid 1532] [client 117.2.128.71:14624] 2017051500.01, referer: http://117.2.128.106/course/view.php?id=4
[Mon Jun 12 10:40:56.188163 2017] [:error] [pid 4076:tid 1632] [client 113.160.248.219:32881] 2017051500.01, referer: http://117.2.128.106/
[Mon Jun 12 10:40:59.854170 2017] [:error] [pid 4076:tid 1636] [client 117.2.128.71:14635] 2017051500.01, referer: http://117.2.128.106/course/view.php?id=4
[Mon Jun 12 10:41:05.298579 2017] [:error] [pid 4076:tid 1636] [client 117.2.128.71:14635] 2017051500.01, referer: http://117.2.128.106/mod/quiz/view.php?id=11
[Mon Jun 12 10:41:08.590185 2017] [:error] [pid 4076:tid 1636] [client 117.2.128.71:14635] 2017051500.01, referer: http://117.2.128.106/mod/quiz/attempt.php?attempt=21
[Mon Jun 12 10:41:11.320190 2017] [:error] [pid 4076:tid 1636] [client 117.2.128.71:14635] 2017051500.01, referer: http://117.2.128.106/mod/quiz/attempt.php?attempt=21&page=1
[Mon Jun 12 10:41:14.580596 2017] [:error] [pid 4076:tid 1636] [client 117.2.128.71:14635] 2017051500.01, referer: http://117.2.128.106/mod/quiz/attempt.php?attempt=21&page=2
[Mon Jun 12 10:41:19.182604 2017] [:error] [pid 4076:tid 1636] [client 117.2.128.71:14635] 2017051500.01, referer: http://117.2.128.106/mod/quiz/attempt.php?attempt=21&page=3
[Mon Jun 12 10:41:22.349409 2017] [:error] [pid 4076:tid 1532] [client 113.160.248.219:33381] 2017051500.01, referer: http://117.2.128.106/course/view.php?id=4
[Mon Jun 12 10:41:22.973410 2017] [:error] [pid 4076:tid 1636] [client 117.2.128.71:14635] 2017051500.01, referer: http://117.2.128.106/mod/quiz/attempt.php?attempt=21&page=4
[Mon Jun 12 10:41:25.594215 2017] [:error] [pid 4076:tid 1636] [client 117.2.128.71:14635] 2017051500.01, referer: http://117.2.128.106/mod/quiz/attempt.php?attempt=21&page=5
[Mon Jun 12 10:41:28.339820 2017] [:error] [pid 4076:tid 1636] [client 117.2.128.71:14635] 2017051500.01, referer: http://117.2.128.106/mod/quiz/attempt.php?attempt=21&page=6
[Mon Jun 12 10:41:30.633024 2017] [:error] [pid 4076:tid 1636] [client 117.2.128.71:14635] 2017051500.01, referer: http://117.2.128.106/mod/quiz/attempt.php?attempt=21&page=7
[Mon Jun 12 10:41:30.991824 2017] [:error] [pid 4076:tid 1532] [client 117.3.101.146:33504] 2017051500.01, referer: http://117.2.128.106/mod/quiz/view.php?id=11
[Mon Jun 12 10:41:33.784229 2017] [:error] [pid 4076:tid 1636] [client 117.2.128.71:14635] 2017051500.01, referer: http://117.2.128.106/mod/quiz/attempt.php?attempt=21&page=8
[Mon Jun 12 10:41:40.117840 2017] [:error] [pid 4076:tid 1636] [client 117.2.128.71:14653] 2017051500.01, referer: http://117.2.128.106/mod/quiz/attempt.php?attempt=21&page=9
[Mon Jun 12 10:41:40.882242 2017] [:error] [pid 4076:tid 1600] [client 195.154.252.42:56228] 2017051500.01, referer: http://117.2.128.106/
[Mon Jun 12 10:41:41.053842 2017] [:error] [pid 4076:tid 1532] [client 195.154.233.33:59573] 2017051500.01, referer: http://117.2.128.106/
[Mon Jun 12 10:41:43.019445 2017] [:error] [pid 4076:tid 1532] [client 117.3.101.146:58939] 2017051500.01, referer: http://117.2.128.106/admin/user.php
[Mon Jun 12 10:41:45.265849 2017] [:error] [pid 4076:tid 1636] [client 117.2.128.71:14653] 2017051500.01, referer: http://117.2.128.106/mod/quiz/summary.php?attempt=21
[Mon Jun 12 10:42:06.747087 2017] [:error] [pid 4076:tid 1636] [client 117.3.67.92:34032] 2017051500.01, referer: http://117.2.128.106/
[Mon Jun 12 10:42:15.545503 2017] [:error] [pid 4076:tid 1636] [client 113.160.248.219:34111] 2017051500.01, referer: http://117.2.128.106/course/view.php?id=4
[Mon Jun 12 10:42:22.752715 2017] [:error] [pid 4076:tid 1636] [client 117.3.101.146:59364] 2017051500.01, referer: http://117.2.128.106/course/modedit.php?update=14&return=0&sr=0
[Mon Jun 12 10:43:54.714877 2017] [:error] [pid 4076:tid 1596] [client 117.3.67.92:45785] 2017051500.01, referer: http://117.2.128.106/course/modedit.php?update=14&return=0&sr=0
[Mon Jun 12 10:44:02.780091 2017] [:error] [pid 4076:tid 1596] [client 117.3.101.146:60876] 2017051500.01, referer: http://117.2.128.106/course/view.php?id=4
[Mon Jun 12 10:44:11.110506 2017] [:error] [pid 4076:tid 1596] [client 117.3.101.146:35833] 2017051500.01, referer: http://117.2.128.106/course/editsection.php?id=24
[Mon Jun 12 10:44:15.400513 2017] [:error] [pid 4076:tid 1596] [client 117.3.67.92:35866] 2017051500.01, referer: http://117.2.128.106/course/view.php?id=4
[Mon Jun 12 10:44:30.438940 2017] [:error] [pid 4076:tid 1600] [client 117.3.101.146:36012] 2017051500.01, referer: http://117.2.128.106/course/editsection.php?id=24
[Mon Jun 12 10:44:38.535354 2017] [:error] [pid 4076:tid 1600] [client 117.3.67.92:46336] 2017051500.01, referer: http://117.2.128.106/course/view.php?id=4
[Mon Jun 12 10:44:41.577359 2017] [:error] [pid 4076:tid 1596] [client 117.3.67.92:46429] 2017051500.01, referer: http://117.2.128.106/course/modedit.php?update=14&return=0&sr=0
[Mon Jun 12 10:44:52.481778 2017] [:error] [pid 4076:tid 1596] [client 113.160.248.219:46817] 2017051500.01, referer: http://117.2.128.106/course/modedit.php?update=14&return=0&sr=0
[Mon Jun 12 10:45:00.578192 2017] [:error] [pid 4076:tid 1596] [client 117.3.67.92:33808] 2017051500.01, referer: http://117.2.128.106/course/view.php?id=4
[Mon Jun 12 10:46:01.543100 2017] [:error] [pid 4076:tid 1596] [client 117.3.101.146:34971] 2017051500.01, referer: http://117.2.128.106/course/format/grid/editimage.php?sectionid=27&contextid=54&userid=2&role=link&aria-label=Set%20or%20change%20image
[Mon Jun 12 10:46:14.381922 2017] [:error] [pid 4076:tid 1596] [client 117.3.101.146:35189] 2017051500.01, referer: http://117.2.128.106/course/view.php?id=4
[Mon Jun 12 10:46:17.455127 2017] [:error] [pid 4076:tid 1596] [client 117.3.67.92:48443] 2017051500.01, referer: http://117.2.128.106/course/format/grid/editimage.php?sectionid=27&contextid=54&userid=2&role=link&aria-label=Set%20or%20change%20image
[Mon Jun 12 10:46:22.181936 2017] [:error] [pid 4076:tid 1596] [client 113.160.248.219:38394] 2017051500.01, referer: http://117.2.128.106/course/view.php?id=4
[Mon Jun 12 10:46:55.612795 2017] [:error] [pid 4076:tid 1596] [client 113.160.248.219:38942] 2017051500.01, referer: http://117.2.128.106/course/modedit.php?update=11&return=0&sr=0
[Mon Jun 12 10:47:25.783248 2017] [:error] [pid 4076:tid 1596] [client 117.2.128.71:14837] 2017051500.01, referer: http://117.2.128.106/login/index.php
[Mon Jun 12 10:47:36.235266 2017] [:error] [pid 4076:tid 1636] [client 117.2.128.71:14858] 2017051500.01, referer: http://117.2.128.106/mod/quiz/attempt.php?attempt=20
[Mon Jun 12 10:47:38.388070 2017] [:error] [pid 4076:tid 1596] [client 113.160.248.219:50091] 2017051500.01, referer: http://117.2.128.106/course/view.php?id=4
[Mon Jun 12 10:47:47.451686 2017] [:error] [pid 4076:tid 1636] [client 113.160.248.219:40235] 2017051500.01, referer: http://117.2.128.106/mod/quiz/view.php?id=11
[Mon Jun 12 10:48:06.390119 2017] [:error] [pid 4076:tid 1636] [client 113.160.248.219:50696] 2017051500.01, referer: http://117.2.128.106/course/view.php?id=4
[Mon Jun 12 10:48:13.082531 2017] [:error] [pid 4076:tid 1636] [client 117.3.101.146:40672] 2017051500.01, referer: http://117.2.128.106/course/view.php?id=4
[Mon Jun 12 10:48:16.951337 2017] [:error] [pid 4076:tid 1636] [client 117.3.101.146:37738] 2017051500.01, referer: http://117.2.128.106/mod/quiz/view.php?id=11
[Mon Jun 12 10:48:29.868160 2017] [:error] [pid 4076:tid 1636] [client 117.3.67.92:51096] 2017051500.01, referer: http://117.2.128.106/login/index.php
[Mon Jun 12 10:50:26.805965 2017] [:error] [pid 4076:tid 1636] [client 117.3.101.146:40101] 2017051500.01, referer: http://117.2.128.106/
[Mon Jun 12 10:50:32.562376 2017] [:error] [pid 4076:tid 1636] [client 117.3.67.92:53410] 2017051500.01, referer: http://117.2.128.106/
[Mon Jun 12 10:51:06.632835 2017] [:error] [pid 4076:tid 1616] [client 117.2.128.71:14918] 2017051500.01, referer: http://117.2.128.106/mod/quiz/processattempt.php
[Mon Jun 12 10:51:10.376842 2017] [:error] [pid 4076:tid 1616] [client 117.2.128.71:14918] 2017051500.01, referer: http://117.2.128.106/?
[Mon Jun 12 10:57:30.190709 2017] [:error] [pid 4076:tid 1596] [client 86.121.190.104:24356] 2017051500.01
[Mon Jun 12 10:58:44.774440 2017] [:error] [pid 4076:tid 1596] [client 117.3.67.92:34110] 2017051500.01, referer: http://117.2.128.106/?lang=vi
[Mon Jun 12 10:59:32.479324 2017] [:error] [pid 4076:tid 1600] [client 117.3.67.92:34893] 2017051500.01, referer: http://117.2.128.106/course/edit.php?category=2&returnto=topcat
[Mon Jun 12 10:59:47.065349 2017] [:error] [pid 4076:tid 1600] [client 117.3.67.92:35198] 2017051500.01, referer: http://117.2.128.106/course/edit.php
[Mon Jun 12 11:13:26.675189 2017] [:error] [pid 4076:tid 1600] [client 117.3.67.92:36917] 2017051500.01, referer: http://117.2.128.106/course/edit.php
[Mon Jun 12 11:13:32.977600 2017] [:error] [pid 4076:tid 1600] [client 113.160.248.219:50298] 2017051500.01, referer: http://117.2.128.106/course/
[Mon Jun 12 11:13:51.385632 2017] [:error] [pid 4076:tid 1600] [client 117.3.67.92:50761] 2017051500.01, referer: http://117.2.128.106/course/view.php?id=10
[Mon Jun 12 11:16:02.737863 2017] [:error] [pid 4076:tid 1636] [client 117.3.101.146:42871] 2017051500.01, referer: http://117.2.128.106/course/modedit.php?add=assign&type=&course=10&section=1&return=0&sr=0
[Mon Jun 12 11:16:25.217503 2017] [:error] [pid 4076:tid 1636] [client 113.160.248.219:43276] 2017051500.01, referer: http://117.2.128.106/course/view.php?id=10
[Mon Jun 12 11:16:36.683523 2017] [:error] [pid 4076:tid 1636] [client 117.3.101.146:40427] 2017051500.01, referer: http://117.2.128.106/course/index.php
[Mon Jun 12 11:16:49.257145 2017] [:error] [pid 4076:tid 1636] [client 113.160.248.219:40671] 2017051500.01, referer: http://117.2.128.106/course/view.php?id=10
[Mon Jun 12 11:16:56.526758 2017] [:error] [pid 4076:tid 1636] [client 117.3.101.146:43920] 2017051500.01, referer: http://117.2.128.106/mod/assign/view.php?id=22
[Mon Jun 12 11:17:05.106773 2017] [:error] [pid 4076:tid 1600] [client 117.3.101.146:44172] 2017051500.01, referer: http://117.2.128.106/mod/assign/view.php?id=22&action=grading
[Mon Jun 12 11:17:29.333615 2017] [:error] [pid 4076:tid 1600] [client 117.3.101.146:41691] 2017051500.01, referer: http://117.2.128.106/course/view.php?id=10
[Mon Jun 12 11:17:46.353245 2017] [:error] [pid 4076:tid 1636] [client 113.160.248.219:45220] 2017051500.01, referer: http://117.2.128.106/course/modedit.php?add=folder&type=&course=10&section=1&return=0&sr=0
[Mon Jun 12 11:17:59.660069 2017] [:error] [pid 4076:tid 1636] [client 113.160.248.219:45546] 2017051500.01, referer: http://117.2.128.106/course/view.php?id=10
[Mon Jun 12 11:18:19.050903 2017] [:error] [pid 4076:tid 1636] [client 117.3.101.146:42798] 2017051500.01, referer: http://117.2.128.106/course/modedit.php?update=22&return=0&sr=0
[Mon Jun 12 11:18:35.711732 2017] [:error] [pid 4076:tid 1636] [client 117.3.67.92:56225] 2017051500.01, referer: http://117.2.128.106/course/view.php?id=10
[Mon Jun 12 11:20:15.848308 2017] [:error] [pid 4076:tid 1636] [client 113.160.248.219:58854] 2017051500.01, referer: http://117.2.128.106/
[Mon Jun 12 11:20:58.436383 2017] [:error] [pid 4076:tid 1636] [client 117.3.101.146:46931] 2017051500.01, referer: http://117.2.128.106/
[Mon Jun 12 11:20:58.592383 2017] [:error] [pid 4076:tid 1600] [client 117.3.101.146:46934] 2017051500.01, referer: http://117.2.128.106/
[Mon Jun 12 11:21:05.066394 2017] [:error] [pid 4076:tid 1600] [client 113.160.248.219:50147] 2017051500.01, referer: http://117.2.128.106/mod/forum/view.php?id=1
[Mon Jun 12 11:25:17.771238 2017] [:error] [pid 4076:tid 1600] [client 117.2.128.71:15672] 2017051500.01, referer: http://117.2.128.106/
[Mon Jun 12 11:25:28.285657 2017] [:error] [pid 4076:tid 1600] [client 117.2.128.71:15680] 2017051500.01, referer: http://117.2.128.106/login/index.php
[Mon Jun 12 11:25:42.450481 2017] [:error] [pid 4076:tid 1636] [client 117.2.128.71:15695] 2017051500.01, referer: http://117.2.128.106/course/view.php?id=4
[Mon Jun 12 11:25:46.428488 2017] [:error] [pid 4076:tid 1636] [client 117.2.128.71:15695] 2017051500.01, referer: http://117.2.128.106/mod/quiz/view.php?id=20
[Mon Jun 12 11:25:53.542101 2017] [:error] [pid 4076:tid 1636] [client 117.2.128.71:15698] 2017051500.01, referer: http://117.2.128.106/course/view.php?id=4
[Mon Jun 12 11:28:18.372755 2017] [:error] [pid 4076:tid 1636] [client 117.2.128.71:15747] 2017051500.01, referer: http://117.2.128.106/mod/quiz/view.php?id=11
[Mon Jun 12 11:28:20.541159 2017] [:error] [pid 4076:tid 1636] [client 117.2.128.71:15747] 2017051500.01, referer: http://117.2.128.106/mod/quiz/view.php?id=20
[Mon Jun 12 11:28:23.286764 2017] [:error] [pid 4076:tid 1636] [client 117.2.128.71:15747] 2017051500.01, referer: http://117.2.128.106/course/view.php?id=4
[Mon Jun 12 11:28:26.796770 2017] [:error] [pid 4076:tid 1636] [client 117.2.128.71:15747] 2017051500.01, referer: http://117.2.128.106/course/view.php?id=4
[Mon Jun 12 11:28:31.071178 2017] [:error] [pid 4076:tid 1636] [client 117.2.128.71:15747] 2017051500.01, referer: http://117.2.128.106/mod/quiz/view.php?id=20
[Mon Jun 12 11:28:32.974381 2017] [:error] [pid 4076:tid 1636] [client 117.2.128.71:15747] 2017051500.01, referer: http://117.2.128.106/course/view.php?id=4
[Mon Jun 12 11:28:35.969586 2017] [:error] [pid 4076:tid 1636] [client 117.2.128.71:15747] 2017051500.01, referer: http://117.2.128.106/course/view.php?id=4
[Mon Jun 12 11:28:43.192399 2017] [:error] [pid 4076:tid 1636] [client 117.2.128.71:15760] 2017051500.01, referer: http://117.2.128.106/mod/quiz/view.php?id=11
[Mon Jun 12 11:28:48.215608 2017] [:error] [pid 4076:tid 1636] [client 117.2.128.71:15760] 2017051500.01, referer: http://117.2.128.106/grade/report/user/index.php?id=4
[Mon Jun 12 11:28:54.611619 2017] [:error] [pid 4076:tid 1636] [client 117.2.128.71:15765] 2017051500.01, referer: http://117.2.128.106/grade/report/overview/index.php?id=4
[Mon Jun 12 12:43:24.097469 2017] [:error] [pid 4076:tid 1600] [client 116.98.82.41:49399] 2017051500.01
[Mon Jun 12 12:43:57.965129 2017] [:error] [pid 4076:tid 1556] [client 116.98.82.41:49409] 2017051500.01, referer: http://117.2.128.106/
[Mon Jun 12 12:44:23.096773 2017] [:error] [pid 4076:tid 1556] [client 116.98.82.41:49412] 2017051500.01, referer: http://117.2.128.106/login/index.php
[Mon Jun 12 12:47:08.269863 2017] [:error] [pid 4076:tid 1600] [client 116.98.82.41:49469] 2017051500.01, referer: http://117.2.128.106/
[Mon Jun 12 12:47:26.833895 2017] [:error] [pid 4076:tid 1600] [client 116.98.82.41:49471] 2017051500.01, referer: http://117.2.128.106/?lang=vi
[Mon Jun 12 12:47:40.093919 2017] [:error] [pid 4076:tid 1556] [client 116.98.82.41:49478] 2017051500.01, referer: http://117.2.128.106/course/view.php?id=4
[Mon Jun 12 12:47:46.957931 2017] [:error] [pid 4076:tid 1556] [client 116.98.82.41:49480] 2017051500.01, referer: http://117.2.128.106/mod/quiz/view.php?id=20
[Mon Jun 12 12:47:58.392751 2017] [:error] [pid 4076:tid 1556] [client 116.98.82.41:49481] 2017051500.01, referer: http://117.2.128.106/course/view.php?id=4
[Mon Jun 12 12:48:23.461995 2017] [:error] [pid 4076:tid 1556] [client 116.98.82.41:49483] 2017051500.01, referer: http://117.2.128.106/mod/quiz/view.php?id=11
[Mon Jun 12 12:48:31.433609 2017] [:error] [pid 4076:tid 1556] [client 116.98.82.41:49485] 2017051500.01, referer: http://117.2.128.106/course/view.php?id=4
[Mon Jun 12 12:50:30.758219 2017] [:error] [pid 4076:tid 1556] [client 116.98.82.41:49489] 2017051500.01, referer: http://117.2.128.106/
[Mon Jun 12 13:37:01.681121 2017] [:error] [pid 4076:tid 1636] [client 58.186.144.102:51293] 2017051500.01
[Mon Jun 12 13:37:22.538357 2017] [:error] [pid 4076:tid 1600] [client 58.186.144.102:51307] 2017051500.01
[Mon Jun 12 13:37:38.356785 2017] [:error] [pid 4076:tid 1532] [client 58.186.144.102:51308] 2017051500.01, referer: http://117.2.128.106/
[Mon Jun 12 13:37:44.019595 2017] [:error] [pid 4076:tid 1532] [client 58.186.144.102:51308] 2017051500.01, referer: http://117.2.128.106/login/index.php
[Mon Jun 12 13:37:48.964804 2017] [:error] [pid 4076:tid 1532] [client 58.186.144.102:51308] 2017051500.01, referer: http://117.2.128.106/login/index.php
[Mon Jun 12 13:52:52.939591 2017] [:error] [pid 4076:tid 1556] [client 118.69.183.62:60989] 2017051500.01
[Mon Jun 12 14:05:49.259355 2017] [:error] [pid 4076:tid 1552] [client 113.160.248.219:58565] 2017051500.01
[Mon Jun 12 14:11:54.939597 2017] [:error] [pid 4076:tid 1552] [client 117.3.67.92:36222] 2017051500.01
[Mon Jun 12 14:28:04.668500 2017] [:error] [pid 4076:tid 1632] [client 117.3.101.146:58932] 2017051500.01
[Mon Jun 12 14:28:34.121352 2017] [:error] [pid 4076:tid 1632] [client 117.3.101.146:59327] 2017051500.01, referer: http://117.2.128.106/login/index.php
[Mon Jun 12 14:29:05.929808 2017] [:error] [pid 4076:tid 1632] [client 117.3.67.92:34594] 2017051500.01, referer: http://117.2.128.106/
[Mon Jun 12 14:29:10.687816 2017] [:error] [pid 4076:tid 1632] [client 117.3.101.146:59885] 2017051500.01, referer: http://117.2.128.106/login/index.php
[Mon Jun 12 14:29:45.678678 2017] [:error] [pid 4076:tid 1632] [client 117.3.67.92:45842] 2017051500.01, referer: http://117.2.128.106/
[Mon Jun 12 14:30:32.307160 2017] [:error] [pid 4076:tid 1632] [client 113.160.248.219:46689] 2017051500.01, referer: http://117.2.128.106/
[Mon Jun 12 15:24:16.115222 2017] [:error] [pid 4076:tid 1632] [client 113.160.248.219:52006] 2017051500.01, referer: http://117.2.128.106/
[Mon Jun 12 16:13:39.215626 2017] [:error] [pid 4076:tid 1632] [client 117.3.67.92:34657] 2017051500.01
[Mon Jun 12 16:13:43.100033 2017] [:error] [pid 4076:tid 1632] [client 113.160.248.219:52770] 2017051500.01, referer: http://117.2.128.106/
[Mon Jun 12 16:13:57.077658 2017] [:error] [pid 4076:tid 1552] [client 117.3.101.146:53097] 2017051500.01, referer: http://117.2.128.106/login/index.php
[Mon Jun 12 16:14:19.151697 2017] [:error] [pid 4076:tid 1552] [client 113.160.248.219:53691] 2017051500.01, referer: http://117.2.128.106/
[Mon Jun 12 16:14:20.649299 2017] [:error] [pid 4076:tid 1632] [client 113.160.248.219:53703] 2017051500.01, referer: http://117.2.128.106/
[Mon Jun 12 16:14:26.109309 2017] [:error] [pid 4076:tid 1632] [client 117.3.101.146:50708] 2017051500.01, referer: http://117.2.128.106/admin/tool/customlang/index.php
[Mon Jun 12 16:14:32.458520 2017] [:error] [pid 4076:tid 1632] [client 113.160.248.219:35740] 2017051500.01, referer: http://117.2.128.106/admin/tool/customlang/index.php?lng=vi
[Mon Jun 12 16:14:43.518939 2017] [:error] [pid 4076:tid 1632] [client 117.3.101.146:53910] 2017051500.01, referer: http://117.2.128.106/admin/tool/customlang/index.php
[Mon Jun 12 16:14:50.445352 2017] [:error] [pid 4076:tid 1632] [client 117.3.101.146:51078] 2017051500.01, referer: http://117.2.128.106/admin/tool/customlang/index.php
[Mon Jun 12 16:14:55.172160 2017] [:error] [pid 4076:tid 1632] [client 117.3.101.146:51107] 2017051500.01, referer: http://117.2.128.106/admin/tool/customlang/index.php?lng=vi
[Mon Jun 12 16:15:09.290185 2017] [:error] [pid 4076:tid 1632] [client 113.160.248.219:54467] 2017051500.01, referer: http://117.2.128.106/admin/tool/customlang/index.php
[Mon Jun 12 16:15:44.359046 2017] [:error] [pid 4076:tid 1636] [client 222.254.127.59:52548] 2017051500.01
[Mon Jun 12 16:17:27.256827 2017] [:error] [pid 4076:tid 1596] [client 113.160.248.219:39125] 2017051500.01, referer: http://117.2.128.106/admin/tool/customlang/edit.php?lng=vi
[Mon Jun 12 16:18:28.658535 2017] [:error] [pid 4076:tid 1596] [client 113.160.248.219:40191] 2017051500.01, referer: http://117.2.128.106/admin/tool/customlang/edit.php?lng=vi&p=0
[Mon Jun 12 16:19:19.483424 2017] [:error] [pid 4076:tid 1596] [client 113.160.248.219:41251] 2017051500.01, referer: http://117.2.128.106/admin/tool/customlang/edit.php?lng=vi&p=0
[Mon Jun 12 16:19:31.386245 2017] [:error] [pid 4076:tid 1596] [client 113.160.248.219:59660] 2017051500.01, referer: http://117.2.128.106/admin/tool/customlang/edit.php?lng=vi&p=0
[Mon Jun 12 16:20:41.352368 2017] [:error] [pid 4076:tid 1596] [client 222.254.127.59:52996] 2017051500.01, referer: http://117.2.128.106/
[Mon Jun 12 16:20:44.659574 2017] [:error] [pid 4076:tid 1596] [client 222.254.127.59:52996] 2017051500.01
[Mon Jun 12 16:20:48.216380 2017] [:error] [pid 4076:tid 1596] [client 222.254.127.59:53006] 2017051500.01, referer: http://117.2.128.106/
[Mon Jun 12 16:20:51.492386 2017] [:error] [pid 4076:tid 1600] [client 113.160.248.219:44114] 2017051500.01, referer: http://117.2.128.106/admin/tool/customlang/edit.php?lng=vi&p=0
[Mon Jun 12 16:21:16.468030 2017] [:error] [pid 4076:tid 1596] [client 113.160.248.219:34196] 2017051500.01, referer: http://117.2.128.106/admin/tool/customlang/edit.php?lng=vi&p=0
[Mon Jun 12 16:21:41.131673 2017] [:error] [pid 4076:tid 1596] [client 113.160.248.219:44953] 2017051500.01, referer: http://117.2.128.106/admin/tool/customlang/edit.php?lng=vi&p=0
[Mon Jun 12 16:22:21.410944 2017] [:error] [pid 4076:tid 1596] [client 113.160.248.219:35248] 2017051500.01, referer: http://117.2.128.106/admin/tool/customlang/edit.php?lng=vi&p=0
[Mon Jun 12 16:23:15.589839 2017] [:error] [pid 4076:tid 1596] [client 113.160.248.219:36277] 2017051500.01, referer: http://117.2.128.106/admin/tool/customlang/edit.php?lng=vi&p=0
[Mon Jun 12 16:24:24.058359 2017] [:error] [pid 4076:tid 1596] [client 117.3.67.92:47384] 2017051500.01, referer: http://117.2.128.106/admin/tool/customlang/edit.php?lng=vi&p=0
[Mon Jun 12 16:24:58.940020 2017] [:error] [pid 4076:tid 1596] [client 117.3.67.92:47833] 2017051500.01, referer: http://117.2.128.106/admin/tool/customlang/edit.php?lng=vi&p=0
